Archive member included to satisfy reference by file (symbol)

/opt/devkitpro/libnds/lib/libmm9.a(mm_comms9.o)
                              Cactus.o (mmEffectEx)
/opt/devkitpro/libnds/lib/libmm9.a(mm_loader.o)
                              Cactus.o (mmInitDefaultMem)
/opt/devkitpro/libnds/lib/libnds9.a(background.o)
                              main.o (bgUpdate)
/opt/devkitpro/libnds/lib/libnds9.a(console.o)
                              main.o (consoleDemoInit)
/opt/devkitpro/libnds/lib/libnds9.a(keys.o)
                              main.o (scanKeys)
/opt/devkitpro/libnds/lib/libnds9.a(sprite_alloc.o)
                              Dino.o (oamAllocateGfx)
/opt/devkitpro/libnds/lib/libnds9.a(sprite.o)
                              main.o (oamInit)
/opt/devkitpro/libnds/lib/libnds9.a(trig.o)
                              /opt/devkitpro/libnds/lib/libnds9.a(background.o) (sinLerp)
/opt/devkitpro/libnds/lib/libnds9.a(default_font.bin.o)
                              /opt/devkitpro/libnds/lib/libnds9.a(console.o) (default_font_bin)
/opt/devkitpro/calico/lib/libcalico_ds9.a(tick.o)
                              /opt/devkitpro/libnds/lib/libmm9.a(mm_comms9.o) (tickInit)
/opt/devkitpro/calico/lib/libcalico_ds9.a(thread_cold.o)
                              main.o (threadIrqWait)
/opt/devkitpro/calico/lib/libcalico_ds9.a(thread_hot.32.o)
                              /opt/devkitpro/calico/lib/libcalico_ds9.a(thread_cold.o) (threadSwitchTo)
/opt/devkitpro/calico/lib/libcalico_ds9.a(mutex.o)
                              /opt/devkitpro/calico/lib/libcalico_ds9.a(thread_cold.o) (threadUpdateDynamicPrio)
/opt/devkitpro/calico/lib/libcalico_ds9.a(arm-copy-fill.32.o)
                              /opt/devkitpro/calico/lib/libcalico_ds9.a(thread_cold.o) (armCopyMem32)
/opt/devkitpro/calico/lib/libcalico_ds9.a(arm-context.32.o)
                              /opt/devkitpro/calico/lib/libcalico_ds9.a(thread_hot.32.o) (armContextSave)
/opt/devkitpro/calico/lib/libcalico_ds9.a(arm-shims.32.o)
                              /opt/devkitpro/calico/lib/libcalico_ds9.a(thread_cold.o) (armWaitForIrq)
/opt/devkitpro/calico/lib/libcalico_ds9.a(arm-cache.32.o)
                              /opt/devkitpro/libnds/lib/libmm9.a(mm_loader.o) (armDCacheFlush)
/opt/devkitpro/calico/lib/libcalico_ds9.a(pxi.o)
                              /opt/devkitpro/libnds/lib/libmm9.a(mm_comms9.o) (pxiSetHandler)
/opt/devkitpro/calico/lib/libcalico_ds9.a(keypad.o)
                              /opt/devkitpro/libnds/lib/libnds9.a(keys.o) (keypadGetState)
/opt/devkitpro/calico/lib/libcalico_ds9.a(bootstub_arm9.o)
                              (__ds9_bootstub)
/opt/devkitpro/calico/lib/libcalico_ds9.a(excpt_handler.32.o)
                              /opt/devkitpro/calico/lib/libcalico_ds9.a(bootstub_arm9.o) (__arm_excpt_rst)
/opt/devkitpro/calico/lib/libcalico_ds9.a(touch.o)
                              /opt/devkitpro/libnds/lib/libnds9.a(keys.o) (touchRead)
/opt/devkitpro/calico/lib/libcalico_ds9.a(sound.o)
                              /opt/devkitpro/libnds/lib/libmm9.a(mm_comms9.o) (soundInit)
/opt/devkitpro/calico/lib/libcalico_ds9.a(irq.o)
                              /opt/devkitpro/calico/lib/libcalico_ds9.a(tick.o) (irqSet)
/opt/devkitpro/calico/lib/libcalico_ds9.a(mailbox.o)
                              /opt/devkitpro/calico/lib/libcalico_ds9.a(pxi.o) (mailboxTrySend)
/opt/devkitpro/calico/lib/libcalico_ds9.a(newlib_syscalls.o)
                              /opt/devkitpro/calico/lib/libcalico_ds9.a(bootstub_arm9.o) (__newlib_syscalls)
/opt/devkitpro/calico/lib/libcalico_ds9.a(startup.crt0.o)
                              /opt/devkitpro/calico/lib/libcalico_ds9.a(bootstub_arm9.o) (crt0Startup)
/opt/devkitpro/calico/lib/libcalico_ds9.a(utils.crt0.o)
                              /opt/devkitpro/calico/lib/libcalico_ds9.a(startup.crt0.o) (crt0CopyMem32)
/opt/devkitpro/calico/lib/libcalico_ds9.a(irq_handler.32.o)
                              /opt/devkitpro/calico/lib/libcalico_ds9.a(bootstub_arm9.o) (__arm_excpt_irq)
/opt/devkitpro/calico/lib/libcalico_ds9.a(mpu_setup.crt0.o)
                              /opt/devkitpro/calico/lib/libcalico_ds9.a(startup.crt0.o) (crt0SetupMPU)
/opt/devkitpro/calico/lib/libcalico_ds9.a(sys_startup.o)
                              /opt/devkitpro/calico/lib/libcalico_ds9.a(startup.crt0.o) (systemStartup)
/opt/devkitpro/calico/lib/libcalico_ds9.a(pm.o)
                              /opt/devkitpro/calico/lib/libcalico_ds9.a(sys_startup.o) (pmInit)
/opt/devkitpro/devkitARM/lib/gcc/arm-none-eabi/15.2.0/../../../../arm-none-eabi/lib/thumb/libstdc++.a(new_op.o)
                              GameManager.o (_Znwj)
/opt/devkitpro/devkitARM/lib/gcc/arm-none-eabi/15.2.0/../../../../arm-none-eabi/lib/thumb/libstdc++.a(bad_alloc.o)
                              /opt/devkitpro/devkitARM/lib/gcc/arm-none-eabi/15.2.0/../../../../arm-none-eabi/lib/thumb/libstdc++.a(new_op.o) (_ZTVSt9bad_alloc)
[...]
Memory Configuration

Name             Origin             Length             Attributes
lma9             0x02004000         0x0027c000
lma9i            0x02400000         0x00280000
vectors          0x00000000         0x00000020
itcm             0x01ff8020         0x00007fe0
main             0x02001000         0x00f7f000
dtcm             0x02ff0000         0x00003e80
dldi             0x0380b000         0x00004000
stub             0x0e000000         0x00004000
tls              0x00000000         0x00000400
*default*        0x00000000         0xffffffff

Linker script and memory map

                0x02006e00                        __sync_synchronize = __sync_synchronize_none
LOAD /opt/devkitpro/devkitARM/lib/gcc/arm-none-eabi/15.2.0/thumb/crti.o
LOAD /opt/devkitpro/devkitARM/lib/gcc/arm-none-eabi/15.2.0/thumb/crtbegin.o
LOAD soundbank.bin.o
LOAD BG.o
LOAD Cactus.o
LOAD Dino.o
LOAD GameManager.o
LOAD main.o
LOAD ScrollingElement.o
LOAD SpriteManager.o
LOAD Atlas.o
LOAD bg_test.o
LOAD Cacti.o
LOAD Dino_Walk.o
LOAD Ground.o
LOAD /opt/devkitpro/libnds/lib/libmm9.a
LOAD /opt/devkitpro/libnds/lib/libnds9.a
LOAD /opt/devkitpro/calico/lib/libcalico_ds9.a
LOAD /opt/devkitpro/devkitARM/lib/gcc/arm-none-eabi/15.2.0/../../../../arm-none-eabi/lib/thumb/libstdc++.a
LOAD /opt/devkitpro/devkitARM/lib/gcc/arm-none-eabi/15.2.0/../../../../arm-none-eabi/lib/thumb/libm.a
START GROUP
LOAD /opt/devkitpro/devkitARM/lib/gcc/arm-none-eabi/15.2.0/thumb/libgcc.a
LOAD /opt/devkitpro/devkitARM/lib/gcc/arm-none-eabi/15.2.0/../../../../arm-none-eabi/lib/thumb/libg.a
LOAD /opt/devkitpro/devkitARM/lib/gcc/arm-none-eabi/15.2.0/../../../../arm-none-eabi/lib/thumb/libc.a
LOAD /opt/devkitpro/devkitARM/lib/gcc/arm-none-eabi/15.2.0/../../../../arm-none-eabi/lib/thumb/libsysbase.a
END GROUP
LOAD /opt/devkitpro/devkitARM/lib/gcc/arm-none-eabi/15.2.0/thumb/crtend.o
LOAD /opt/devkitpro/devkitARM/lib/gcc/arm-none-eabi/15.2.0/thumb/crtn.o
                0x02ff3e80                        PROVIDE (__sp_usr = (ORIGIN (dtcm) + LENGTH (dtcm)))
                0x02ff3f80                        PROVIDE (__sp_irq = (__sp_usr + 0x100))
                0x02ff3fc0                        PROVIDE (__sp_svc = (__sp_irq + 0x40))
                0x02ff3ff8                        PROVIDE (__irq_flags = (__sp_svc + 0x38))
                [!provide]                        PROVIDE (__irq_vector = (__sp_svc + 0x3c))
                [!provide]                        PROVIDE (__arm_excpt_rst = 0xffff0000)
                [!provide]                        PROVIDE (__arm_excpt_und = 0xffff0004)
                0xffff0008                        PROVIDE (__arm_excpt_svc = 0xffff0008)
                [!provide]                        PROVIDE (__arm_excpt_pabt = 0xffff000c)
                [!provide]                        PROVIDE (__arm_excpt_dabt = 0xffff0010)
                [!provide]                        PROVIDE (__arm_excpt_irq = 0xffff0018)
                [!provide]                        PROVIDE (__arm_excpt_fiq = 0xffff001c)
                0x00000000                        PROVIDE (__end__ = 0x0)

.secure         0x0e000000      0x800 load address 0x02004000
                0x0e0007fc                        . = (. + 0x7fc)
 *fill*         0x0e000000      0x7fc 00000000
                0x0e0007fc        0x4 LONG 0x0

.bootstub       0x0e000800      0x198 load address 0x02004800
 *(.bootstub .bootstub.*)
 .bootstub.__ds9_bootstub
                0x0e000800      0x198 /opt/devkitpro/calico/lib/libcalico_ds9.a(bootstub_arm9.o)
                0x0e000800                __ds9_bootstub
                0x0e000998                        . = ALIGN (0x4)

.crt0           0x02001000      0x3c0 load address 0x02004998
 *(.crt0 .crt0.*)
 .crt0.__ds9_bootstub_trampoline
                0x02001000       0x60 /opt/devkitpro/calico/lib/libcalico_ds9.a(bootstub_arm9.o)
 *.crt0.*(.text .stub .text.* .gnu.linkonce.t.*)
 .text.crt0ProcessLoadList
                0x02001060       0x74 /opt/devkitpro/calico/lib/libcalico_ds9.a(startup.crt0.o)
                0x02001060                crt0ProcessLoadList
 .text.crt0Startup
                0x020010d4      0x180 /opt/devkitpro/calico/lib/libcalico_ds9.a(startup.crt0.o)
                0x020010d4                crt0Startup
 .text.crt0CopyMem32
                0x02001254       0x4c /opt/devkitpro/calico/lib/libcalico_ds9.a(utils.crt0.o)
                0x02001254                crt0CopyMem32
 .text.crt0FillMem32
                0x020012a0       0x58 /opt/devkitpro/calico/lib/libcalico_ds9.a(utils.crt0.o)
                0x020012a0                crt0FillMem32
 .text.crt0SetupMPU
                0x020012f8       0xb4 /opt/devkitpro/calico/lib/libcalico_ds9.a(mpu_setup.crt0.o)
                0x020012f8                crt0SetupMPU
 *.crt0.*(.glue_7t .glue_7 .vfp11_veneer .v4_bx)
 *.crt0.*(.rodata .rodata.* .gnu.linkonce.r.*)
 *.crt0.*(.rodata1)
                0x020013c0                        . = ALIGN (0x20)
 *fill*         0x020013ac       0x14 ff
                0x02004998                        PROVIDE (__crt0_lma = LOADADDR (.crt0))
                0x02001000                        PROVIDE (__crt0_start = ADDR (.crt0))
                0x020013c0                        PROVIDE (__crt0_end = (ADDR (.crt0) + SIZEOF (.crt0)))
                0x00000001                        ASSERT (((__crt0_end <= LOADADDR (.bootstub)) || (__crt0_start >= (LOADADDR (.bootstub) + SIZEOF (.bootstub)))), Error: crt0 section overlaps initial bootstrap)

.dldi           0x0380b000        0x0 load address 0x02004d58
 *(.dldi)
                0x00000000                        PROVIDE (__dldi_lma = SIZEOF (.dldi)?LOADADDR (.dldi):0x0)

.vectors        0x00000000       0x20 load address 0x02004d58
 *(.vectors)
 .vectors       0x00000000       0x20 /opt/devkitpro/calico/lib/libcalico_ds9.a(bootstub_arm9.o)

.itcm           0x01ff8020      0x660 load address 0x02004d78
 *(.itcm .itcm.*)
 .itcm          0x01ff8020       0x30 /opt/devkitpro/calico/lib/libcalico_ds9.a(bootstub_arm9.o)
                0x01ff8038                __excpt_vectors
 *.itcm.*(.text .stub .text.* .gnu.linkonce.t.*)
 *.32.o(.text .stub .text.* .gnu.linkonce.t.*)
 .text.threadSwitchTo
                0x01ff8050       0x7c /opt/devkitpro/calico/lib/libcalico_ds9.a(thread_hot.32.o)
                0x01ff8050                threadSwitchTo
 .text.threadBlock
                0x01ff80cc       0xd4 /opt/devkitpro/calico/lib/libcalico_ds9.a(thread_hot.32.o)
                0x01ff80cc                threadBlock
 .text.threadUnblockOneByValue
                0x01ff81a0       0xd4 /opt/devkitpro/calico/lib/libcalico_ds9.a(thread_hot.32.o)
                0x01ff81a0                threadUnblockOneByValue
 .text.threadUnblockAllByValue
                0x01ff8274      0x138 /opt/devkitpro/calico/lib/libcalico_ds9.a(thread_hot.32.o)
                0x01ff8274                threadUnblockAllByValue
 .text.threadUnblockAllByMask
                0x01ff83ac       0xf0 /opt/devkitpro/calico/lib/libcalico_ds9.a(thread_hot.32.o)
                0x01ff83ac                threadUnblockAllByMask
 .text.armContextSave
                0x01ff849c       0x2c /opt/devkitpro/calico/lib/libcalico_ds9.a(arm-context.32.o)
                0x01ff849c                armContextSave
 .text.armContextLoad
                0x01ff84c8       0x20 /opt/devkitpro/calico/lib/libcalico_ds9.a(arm-context.32.o)
                0x01ff84c8                armContextLoad
                0x01ff84cc                armContextLoadFromSvc
 .text.armWaitForIrq
                0x01ff84e8        0x8 /opt/devkitpro/calico/lib/libcalico_ds9.a(arm-shims.32.o)
                0x01ff84e8                armWaitForIrq
 .text.armDrainWriteBuffer
                0x01ff84f0        0xc /opt/devkitpro/calico/lib/libcalico_ds9.a(arm-cache.32.o)
                0x01ff84f0                armDrainWriteBuffer
 .text.armDCacheFlushAll
                0x01ff84fc       0x28 /opt/devkitpro/calico/lib/libcalico_ds9.a(arm-cache.32.o)
                0x01ff84fc                armDCacheFlushAll
 .text.armDCacheFlush
                0x01ff8524       0x1c /opt/devkitpro/calico/lib/libcalico_ds9.a(arm-cache.32.o)
                0x01ff8524                armDCacheFlush
 .text.armICacheInvalidateAll
                0x01ff8540        0xc /opt/devkitpro/calico/lib/libcalico_ds9.a(arm-cache.32.o)
                0x01ff8540                armICacheInvalidateAll
 .text.__excpt_entry
                0x01ff854c       0x50 /opt/devkitpro/calico/lib/libcalico_ds9.a(excpt_handler.32.o)
                0x01ff854c                __arm_excpt_rst
                0x01ff8550                __arm_excpt_pabt
                0x01ff8554                __arm_excpt_und
                0x01ff8560                __arm_excpt_dabt
 .text.__arm_excpt_irq
                0x01ff859c       0xe4 /opt/devkitpro/calico/lib/libcalico_ds9.a(irq_handler.32.o)
                0x01ff859c                __arm_excpt_irq
 *.itcm.*(.glue_7t .glue_7 .vfp11_veneer .v4_bx)
 *.32.o(.glue_7t .glue_7 .vfp11_veneer .v4_bx)
 *.itcm.*(.rodata .rodata.* .gnu.linkonce.r.*)
 *.32.o(.rodata .rodata.* .gnu.linkonce.r.*)
 *.itcm.*(.rodata1)
 *.32.o(.rodata1)
                0x01ff8680                        . = ALIGN (0x4)
                0x02004d58                        PROVIDE (__itcm_lma = LOADADDR (.vectors))
                0x01ff8000                        PROVIDE (__itcm_start = (ADDR (.itcm) - SIZEOF (.vectors)))
                0x01ff8680                        PROVIDE (__itcm_end = (ADDR (.itcm) + SIZEOF (.itcm)))
                0x00000001                        ASSERT (((__itcm_lma + SIZEOF (.vectors)) == LOADADDR (.itcm)), Error: gap between vectors and itcm)

.dtcm           0x02ff0000        0x0 load address 0x020053d8
 *(.dtcm .dtcm.*)
 *.32.o(.data .data.* .gnu.linkonce.d.*)
 *.32.o(.data1)
                0x02ff0000                        . = ALIGN (0x4)
                [!provide]                        PROVIDE (__dtcm_lma = LOADADDR (.dtcm))
                0x02ff0000                        PROVIDE (__dtcm_start = ADDR (.dtcm))
                0x02ff0000                        PROVIDE (__dtcm_end = (ADDR (.dtcm) + SIZEOF (.dtcm)))

.dtcm.bss       0x02ff0000       0x98 load address 0x020053d8
 *(.sbss .sbss.*)
 *.32.o(.dynbss)
 *.32.o(.bss .bss.* .gnu.linkonce.b.*)
 .bss.__irq_table
                0x02ff0000       0x80 /opt/devkitpro/calico/lib/libcalico_ds9.a(thread_hot.32.o)
                0x02ff0000                __irq_table
 .bss.__sched_state
                0x02ff0080       0x18 /opt/devkitpro/calico/lib/libcalico_ds9.a(thread_hot.32.o)
                0x02ff0080                __sched_state
 *.32.o(COMMON)
                0x02ff0098                        . = ALIGN (0x4)
                [!provide]                        PROVIDE (__dtcm_bss_start = ADDR (.dtcm.bss))
                0x02ff0098                        PROVIDE (__dtcm_bss_end = (ADDR (.dtcm.bss) + SIZEOF (.dtcm.bss)))

.main           0x020013c0   0x1861dc load address 0x020053d8
 *(SORT_NONE(.init))
 .init          0x020013c0        0x4 /opt/devkitpro/devkitARM/lib/gcc/arm-none-eabi/15.2.0/thumb/crti.o
                0x020013c0                _init
 .init          0x020013c4        0x8 /opt/devkitpro/devkitARM/lib/gcc/arm-none-eabi/15.2.0/thumb/crtn.o
 EXCLUDE_FILE(*.twl.*) *(.text.unlikely .text.*_unlikely .text.unlikely.*)
 .text.unlikely._ZN9__gnu_cxx30__throw_concurrence_lock_errorEv
                0x020013cc       0x20 /opt/devkitpro/devkitARM/lib/gcc/arm-none-eabi/15.2.0/../../../../arm-none-eabi/lib/thumb/libstdc++.a(eh_alloc.o)
                0x020013cc                _ZN9__gnu_cxx30__throw_concurrence_lock_errorEv
 .text.unlikely._ZN9__gnu_cxx32__throw_concurrence_unlock_errorEv
                0x020013ec       0x20 /opt/devkitpro/devkitARM/lib/gcc/arm-none-eabi/15.2.0/../../../../arm-none-eabi/lib/thumb/libstdc++.a(eh_alloc.o)
                0x020013ec                _ZN9__gnu_cxx32__throw_concurrence_unlock_errorEv
 .text.unlikely._ZSt9terminatev
                0x0200140c        0xa /opt/devkitpro/devkitARM/lib/gcc/arm-none-eabi/15.2.0/../../../../arm-none-eabi/lib/thumb/libstdc++.a(eh_terminate.o)
                0x0200140c                _ZSt9terminatev
 .text.unlikely._ZSt10unexpectedv
                0x02001416        0xa /opt/devkitpro/devkitARM/lib/gcc/arm-none-eabi/15.2.0/../../../../arm-none-eabi/lib/thumb/libstdc++.a(eh_terminate.o)
                0x02001416                _ZSt10unexpectedv
 .text.unlikely._ZN10__cxxabiv1L24__is_gxx_exception_classEPc
                0x02001420       0x38 /opt/devkitpro/devkitARM/lib/gcc/arm-none-eabi/15.2.0/../../../../arm-none-eabi/lib/thumb/libstdc++.a(eh_call.o)
 .text.unlikely.__cxa_call_terminate
                0x02001458       0x20 /opt/devkitpro/devkitARM/lib/gcc/arm-none-eabi/15.2.0/../../../../arm-none-eabi/lib/thumb/libstdc++.a(eh_call.o)
                0x02001458                __cxa_call_terminate
 .text.unlikely.__cxa_call_unexpected
                0x02001478       0xfc /opt/devkitpro/devkitARM/lib/gcc/arm-none-eabi/15.2.0/../../../../arm-none-eabi/lib/thumb/libstdc++.a(eh_call.o)
                0x02001478                __cxa_call_unexpected
 .text.unlikely._ZN9__gnu_cxx35__throw_concurrence_broadcast_errorEv
                0x02001574       0x20 /opt/devkitpro/devkitARM/lib/gcc/arm-none-eabi/15.2.0/../../../../arm-none-eabi/lib/thumb/libstdc++.a(guard.o)
                0x02001574                _ZN9__gnu_cxx35__throw_concurrence_broadcast_errorEv
 .text.unlikely._Unwind_GetDataRelBase
                0x02001594        0x6 /opt/devkitpro/devkitARM/lib/gcc/arm-none-eabi/15.2.0/thumb/libgcc.a(pr-support.o)
                0x02001594                _Unwind_GetDataRelBase
 .text.unlikely._Unwind_GetTextRelBase
                0x0200159a        0x6 /opt/devkitpro/devkitARM/lib/gcc/arm-none-eabi/15.2.0/thumb/libgcc.a(pr-support.o)
                0x0200159a                _Unwind_GetTextRelBase
 EXCLUDE_FILE(*.twl.*) *(.text.exit .text.exit.*)
 .text.exit._GLOBAL__sub_D__ZN9__gnu_cxx9__freeresEv
                0x020015a0       0x18 /opt/devkitpro/devkitARM/lib/gcc/arm-none-eabi/15.2.0/../../../../arm-none-eabi/lib/thumb/libstdc++.a(eh_alloc.o)
 .text.exit._GLOBAL__sub_D__ZN17__eh_globals_init7_S_initE
                0x020015b8       0x28 /opt/devkitpro/devkitARM/lib/gcc/arm-none-eabi/15.2.0/../../../../arm-none-eabi/lib/thumb/libstdc++.a(eh_globals.o)
 .text.exit     0x020015e0       0x24 /opt/devkitpro/devkitARM/lib/gcc/arm-none-eabi/15.2.0/../../../../arm-none-eabi/lib/thumb/libg.a(libc_a-exit.o)
                0x020015e0                exit
 EXCLUDE_FILE(*.twl.*) *(.text.startup .text.startup.*)
 .text.startup.main
                0x02001604      0x13c main.o
                0x02001604                main
 .text.startup._GLOBAL__sub_I__ZN9__gnu_cxx9__freeresEv
                0x02001740      0x11c /opt/devkitpro/devkitARM/lib/gcc/arm-none-eabi/15.2.0/../../../../arm-none-eabi/lib/thumb/libstdc++.a(eh_alloc.o)
 .text.startup._GLOBAL__sub_I__ZN10__cxxabiv111__terminateEPFvvE
                0x0200185c       0x10 /opt/devkitpro/devkitARM/lib/gcc/arm-none-eabi/15.2.0/../../../../arm-none-eabi/lib/thumb/libstdc++.a(eh_terminate.o)
 .text.startup._GLOBAL__sub_I__ZSt7nothrow
                0x0200186c       0x10 /opt/devkitpro/devkitARM/lib/gcc/arm-none-eabi/15.2.0/../../../../arm-none-eabi/lib/thumb/libstdc++.a(new_handler.o)
 .text.startup._GLOBAL__sub_I__ZN17__eh_globals_init7_S_initE
                0x0200187c       0x24 /opt/devkitpro/devkitARM/lib/gcc/arm-none-eabi/15.2.0/../../../../arm-none-eabi/lib/thumb/libstdc++.a(eh_globals.o)
 EXCLUDE_FILE(*.twl.*) *(.text.hot .text.hot.*)
 EXCLUDE_FILE(*.twl.*) *(.text .iplt .stub .text.* .gnu.linkonce.t.*)
 .text.__do_global_dtors_aux
                0x020018a0       0x2c /opt/devkitpro/devkitARM/lib/gcc/arm-none-eabi/15.2.0/thumb/crtbegin.o
 .text.frame_dummy
                0x020018cc       0x24 /opt/devkitpro/devkitARM/lib/gcc/arm-none-eabi/15.2.0/thumb/crtbegin.o
 .iplt          0x020018f0        0x0 /opt/devkitpro/devkitARM/lib/gcc/arm-none-eabi/15.2.0/thumb/crtbegin.o
 .text._ZN6Cactus7OnResetEv
                0x020018f0       0x20 Cactus.o
                0x020018f0                _ZN6Cactus7OnResetEv
 .text._ZN6CactusC2EP8OamStateP4Dino
                0x02001910       0xa8 Cactus.o
                0x02001910                _ZN6CactusC1EP8OamStateP4Dino
                0x02001910                _ZN6CactusC2EP8OamStateP4Dino
 .text._ZN6Cactus18CalculateCollisionEv
                0x020019b8       0x54 Cactus.o
                0x020019b8                _ZN6Cactus18CalculateCollisionEv
 .text._ZN6Cactus6UpdateEv
                0x02001a0c       0x5c Cactus.o
                0x02001a0c                _ZN6Cactus6UpdateEv
 .text._ZN4DinoC2EP8OamStateii
                0x02001a68       0xfc Dino.o
                0x02001a68                _ZN4DinoC2EP8OamStateii
                0x02001a68                _ZN4DinoC1EP8OamStateii
 .text._ZN4Dino4JumpEv
                0x02001b64       0x30 Dino.o
                0x02001b64                _ZN4Dino4JumpEv
 .text._ZN4Dino7AnimateEv
                0x02001b94       0x6c Dino.o
                0x02001b94                _ZN4Dino7AnimateEv
 .text._ZN4Dino6UpdateEi
                0x02001c00       0xa4 Dino.o
                0x02001c00                _ZN4Dino6UpdateEi
 .text._ZN11GameManager6CreateEP4DinoS1_P6CactusS3_
                0x02001ca4       0x44 GameManager.o
                0x02001ca4                _ZN11GameManager6CreateEP4DinoS1_P6CactusS3_
 .text._ZN11GameManager11getInstanceEv
                0x02001ce8        0xc GameManager.o
                0x02001ce8                _ZN11GameManager11getInstanceEv
 .text._ZN11GameManager14IncrementSpeedEv
                0x02001cf4       0x14 GameManager.o
                0x02001cf4                _ZN11GameManager14IncrementSpeedEv
 .text._ZN11GameManager8GameOverEP4Dino
                0x02001d08       0x4c GameManager.o
                0x02001d08                _ZN11GameManager8GameOverEP4Dino
 .text._ZN11GameManager6UpdateEi
                0x02001d54       0x2c GameManager.o
                0x02001d54                _ZN11GameManager6UpdateEi
 .text._Z11InitScreensv
                0x02001d80      0x2ac main.o
                0x02001d80                _Z11InitScreensv
 .text._ZN16ScrollingElement6UpdateEv
                0x0200202c       0x64 ScrollingElement.o
                0x0200202c                _ZN16ScrollingElement6UpdateEv
 .text._ZN16ScrollingElementC2EP8OamState10SpriteSize17SpriteColorFormati
                0x02002090       0x6c ScrollingElement.o
                0x02002090                _ZN16ScrollingElementC1EP8OamState10SpriteSize17SpriteColorFormati
                0x02002090                _ZN16ScrollingElementC2EP8OamState10SpriteSize17SpriteColorFormati
 .text._ZN13SpriteManager20CreateUniqueSpriteIDEP8OamState
                0x020020fc       0x28 SpriteManager.o
                0x020020fc                _ZN13SpriteManager20CreateUniqueSpriteIDEP8OamState
 .text._mmPxiHandler
                0x02002124       0x78 /opt/devkitpro/libnds/lib/libmm9.a(mm_comms9.o)
 .text._mmCreateEffectHandle
                0x0200219c       0x7c /opt/devkitpro/libnds/lib/libmm9.a(mm_comms9.o)
 .text.mmInit   0x02002218       0x78 /opt/devkitpro/libnds/lib/libmm9.a(mm_comms9.o)
                0x02002218                mmInit
 .text.mmEffectEx
                0x02002290       0x80 /opt/devkitpro/libnds/lib/libmm9.a(mm_comms9.o)
                0x02002290                mmEffectEx
 .text._mmLoadSample
                0x02002310       0x80 /opt/devkitpro/libnds/lib/libmm9.a(mm_loader.o)
 .text.mmInitDefaultMem
                0x02002390       0xc0 /opt/devkitpro/libnds/lib/libmm9.a(mm_loader.o)
                0x02002390                mmInitDefaultMem
 .text.mmLoad   0x02002450       0xa8 /opt/devkitpro/libnds/lib/libmm9.a(mm_loader.o)
                0x02002450                mmLoad
 .text.mmLoadEffect
                0x020024f8       0x3c /opt/devkitpro/libnds/lib/libmm9.a(mm_loader.o)
                0x020024f8                mmLoadEffect
 .text.checkIfText
                0x02002534       0x6c /opt/devkitpro/libnds/lib/libnds9.a(background.o)
                0x02002534                checkIfText
 .text.bgUpdate
                0x020025a0       0xe8 /opt/devkitpro/libnds/lib/libnds9.a(background.o)
                0x020025a0                bgUpdate
 .text.bgInit_call
                0x02002688       0xa8 /opt/devkitpro/libnds/lib/libnds9.a(background.o)
                0x02002688                bgInit_call
 .text.bgInitSub_call
                0x02002730       0xb0 /opt/devkitpro/libnds/lib/libnds9.a(background.o)
                0x02002730                bgInitSub_call
 .text.newRow   0x020027e0       0xe8 /opt/devkitpro/libnds/lib/libnds9.a(console.o)
 .text.consolePrintChar
                0x020028c8       0xe0 /opt/devkitpro/libnds/lib/libnds9.a(console.o)
                0x020028c8                consolePrintChar
 .text.con_write
                0x020029a8      0x34c /opt/devkitpro/libnds/lib/libnds9.a(console.o)
                0x020029a8                con_write
 .text.consoleLoadFont
                0x02002cf4      0x2e4 /opt/devkitpro/libnds/lib/libnds9.a(console.o)
                0x02002cf4                consoleLoadFont
 .text.consoleInit
                0x02002fd8      0x170 /opt/devkitpro/libnds/lib/libnds9.a(console.o)
                0x02002fd8                consoleInit
 .text.consoleDemoInit
                0x02003148       0x40 /opt/devkitpro/libnds/lib/libnds9.a(console.o)
                0x02003148                consoleDemoInit
 .text.scanKeys
                0x02003188       0x6c /opt/devkitpro/libnds/lib/libnds9.a(keys.o)
                0x02003188                scanKeys
 .text.keysHeld
                0x020031f4        0xc /opt/devkitpro/libnds/lib/libnds9.a(keys.o)
                0x020031f4                keysHeld
 .text.oamAllocReset
                0x02003200       0x1c /opt/devkitpro/libnds/lib/libnds9.a(sprite_alloc.o)
                0x02003200                oamAllocReset
 .text.oamAllocateGfx
                0x0200321c      0x578 /opt/devkitpro/libnds/lib/libnds9.a(sprite_alloc.o)
                0x0200321c                oamAllocateGfx
 .text.oamInit  0x02003794      0x124 /opt/devkitpro/libnds/lib/libnds9.a(sprite.o)
                0x02003794                oamInit
 .text.oamGetGfxPtr
                0x020038b8       0x34 /opt/devkitpro/libnds/lib/libnds9.a(sprite.o)
                0x020038b8                oamGetGfxPtr
 .text.oamGfxPtrToOffset
                0x020038ec       0x34 /opt/devkitpro/libnds/lib/libnds9.a(sprite.o)
                0x020038ec                oamGfxPtrToOffset
 .text.oamSet   0x02003920      0x100 /opt/devkitpro/libnds/lib/libnds9.a(sprite.o)
                0x02003920                oamSet
 .text.oamUpdate
                0x02003a20       0x6c /opt/devkitpro/libnds/lib/libnds9.a(sprite.o)
                0x02003a20                oamUpdate
 .text.sinLutLookup
                0x02003a8c       0x4c /opt/devkitpro/libnds/lib/libnds9.a(trig.o)
                0x02003a8c                sinLutLookup
 .text.sinLerp  0x02003ad8       0x38 /opt/devkitpro/libnds/lib/libnds9.a(trig.o)
                0x02003ad8                sinLerp
 .text.cosLerp  0x02003b10       0x44 /opt/devkitpro/libnds/lib/libnds9.a(trig.o)
                0x02003b10                cosLerp
 .text._tickCountIsr
                0x02003b54       0x1c /opt/devkitpro/calico/lib/libcalico_ds9.a(tick.o)
 .text._tickTaskSchedule.part.0.isra.0
                0x02003b70       0x84 /opt/devkitpro/calico/lib/libcalico_ds9.a(tick.o)
 .text.tickInit
                0x02003bf4       0xa0 /opt/devkitpro/calico/lib/libcalico_ds9.a(tick.o)
                0x02003bf4                tickInit
 .text.tickGetCount
                0x02003c94       0x5c /opt/devkitpro/calico/lib/libcalico_ds9.a(tick.o)
                0x02003c94                tickGetCount
 .text._tickTaskIsr
                0x02003cf0      0x110 /opt/devkitpro/calico/lib/libcalico_ds9.a(tick.o)
 .text.tickTaskStart
                0x02003e00      0x144 /opt/devkitpro/calico/lib/libcalico_ds9.a(tick.o)
                0x02003e00                tickTaskStart
 .text._threadTickTask
                0x02003f44       0x10 /opt/devkitpro/calico/lib/libcalico_ds9.a(thread_cold.o)
 .text.threadExit
                0x02003f54       0xa0 /opt/devkitpro/calico/lib/libcalico_ds9.a(thread_cold.o)
                0x02003f54                threadExit
 .text._threadInit
                0x02003ff4       0x98 /opt/devkitpro/calico/lib/libcalico_ds9.a(thread_cold.o)
                0x02003ff4                _threadInit
 .text.threadPrepare
                0x0200408c      0x134 /opt/devkitpro/calico/lib/libcalico_ds9.a(thread_cold.o)
                0x0200408c                threadPrepare
 .text.threadStart
                0x020041c0       0x94 /opt/devkitpro/calico/lib/libcalico_ds9.a(thread_cold.o)
                0x020041c0                threadStart
 .text.threadIrqWait
                0x02004254       0xa4 /opt/devkitpro/calico/lib/libcalico_ds9.a(thread_cold.o)
                0x02004254                threadIrqWait
 .text.threadSleepTicks
                0x020042f8       0x58 /opt/devkitpro/calico/lib/libcalico_ds9.a(thread_cold.o)
                0x020042f8                threadSleepTicks
 .text.threadUpdateDynamicPrio
                0x02004350      0x1d4 /opt/devkitpro/calico/lib/libcalico_ds9.a(mutex.o)
                0x02004350                threadUpdateDynamicPrio
 .text.threadRemoveWaiter
                0x02004524      0x148 /opt/devkitpro/calico/lib/libcalico_ds9.a(mutex.o)
 .text.mutexLock
                0x0200466c      0x138 /opt/devkitpro/calico/lib/libcalico_ds9.a(mutex.o)
                0x0200466c                mutexLock
 .text.mutexUnlock
                0x020047a4       0xbc /opt/devkitpro/calico/lib/libcalico_ds9.a(mutex.o)
                0x020047a4                mutexUnlock
 .text.condvarBroadcast
                0x02004860       0x10 /opt/devkitpro/calico/lib/libcalico_ds9.a(mutex.o)
                0x02004860                condvarBroadcast
 .text.condvarWait
                0x02004870       0x84 /opt/devkitpro/calico/lib/libcalico_ds9.a(mutex.o)
                0x02004870                condvarWait
 .text._pxiMailboxHandler
                0x020048f4        0x4 /opt/devkitpro/calico/lib/libcalico_ds9.a(pxi.o)
 .text._pxiRecvUnhandled
                0x020048f8        0x4 /opt/devkitpro/calico/lib/libcalico_ds9.a(pxi.o)
                0x020048f8                _pxiRecvUnhandled
 .text._pxiRecvIrqHandler
                0x020048fc      0x154 /opt/devkitpro/calico/lib/libcalico_ds9.a(pxi.o)
 .text._pxiInit
                0x02004a50       0x58 /opt/devkitpro/calico/lib/libcalico_ds9.a(pxi.o)
                0x02004a50                _pxiInit
 .text.pxiSetHandler
                0x02004aa8       0x74 /opt/devkitpro/calico/lib/libcalico_ds9.a(pxi.o)
                0x02004aa8                pxiSetHandler
 .text.pxiSetMailbox
                0x02004b1c       0x68 /opt/devkitpro/calico/lib/libcalico_ds9.a(pxi.o)
                0x02004b1c                pxiSetMailbox
 .text.pxiWaitRemote
                0x02004b84       0x38 /opt/devkitpro/calico/lib/libcalico_ds9.a(pxi.o)
                0x02004b84                pxiWaitRemote
 .text.pxiSendPacket
                0x02004bbc       0x50 /opt/devkitpro/calico/lib/libcalico_ds9.a(pxi.o)
                0x02004bbc                pxiSendPacket
 .text.pxiSendExtPacket
                0x02004c0c       0x98 /opt/devkitpro/calico/lib/libcalico_ds9.a(pxi.o)
                0x02004c0c                pxiSendExtPacket
 .text.keypadGetState
                0x02004ca4       0x28 /opt/devkitpro/calico/lib/libcalico_ds9.a(keypad.o)
                0x02004ca4                keypadGetState
 .text.touchRead
                0x02004ccc       0x58 /opt/devkitpro/calico/lib/libcalico_ds9.a(touch.o)
                0x02004ccc                touchRead
 .text._soundPxiCheckCredits
                0x02004d24       0x70 /opt/devkitpro/calico/lib/libcalico_ds9.a(sound.o)
 .text._soundPxiHandler
                0x02004d94       0x3c /opt/devkitpro/calico/lib/libcalico_ds9.a(sound.o)
 .text.soundInit
                0x02004dd0       0x64 /opt/devkitpro/calico/lib/libcalico_ds9.a(sound.o)
                0x02004dd0                soundInit
 .text.soundSetMixerSleep
                0x02004e34       0x2c /opt/devkitpro/calico/lib/libcalico_ds9.a(sound.o)
                0x02004e34                soundSetMixerSleep
 .text.irqSet   0x02004e60       0x64 /opt/devkitpro/calico/lib/libcalico_ds9.a(irq.o)
                0x02004e60                irqSet
 .text.mailboxTrySend
                0x02004ec4       0x98 /opt/devkitpro/calico/lib/libcalico_ds9.a(mailbox.o)
                0x02004ec4                mailboxTrySend
 .text.mailboxRecv
                0x02004f5c       0x98 /opt/devkitpro/calico/lib/libcalico_ds9.a(mailbox.o)
                0x02004f5c                mailboxRecv
 .text.__syscall_getreent
                0x02004ff4       0x14 /opt/devkitpro/calico/lib/libcalico_ds9.a(newlib_syscalls.o)
                0x02004ff4                __syscall_getreent
 .text.__errno  0x02005008       0x24 /opt/devkitpro/calico/lib/libcalico_ds9.a(newlib_syscalls.o)
                0x02005008                __errno
 .text.__syscall_lock_acquire
                0x0200502c        0x4 /opt/devkitpro/calico/lib/libcalico_ds9.a(newlib_syscalls.o)
                0x0200502c                __syscall_lock_acquire
 .text.__syscall_lock_release
                0x02005030        0x4 /opt/devkitpro/calico/lib/libcalico_ds9.a(newlib_syscalls.o)
                0x02005030                __syscall_lock_release
 .text.__syscall_lock_acquire_recursive
                0x02005034       0x4c /opt/devkitpro/calico/lib/libcalico_ds9.a(newlib_syscalls.o)
                0x02005034                __syscall_lock_acquire_recursive
 .text.__syscall_lock_release_recursive
                0x02005080       0x18 /opt/devkitpro/calico/lib/libcalico_ds9.a(newlib_syscalls.o)
                0x02005080                __syscall_lock_release_recursive
 .text.__syscall_cond_broadcast
                0x02005098       0x10 /opt/devkitpro/calico/lib/libcalico_ds9.a(newlib_syscalls.o)
                0x02005098                __syscall_cond_broadcast
 .text.__syscall_cond_wait
                0x020050a8       0x24 /opt/devkitpro/calico/lib/libcalico_ds9.a(newlib_syscalls.o)
                0x020050a8                __syscall_cond_wait
 .text.__syscall_cond_wait_recursive
                0x020050cc       0x44 /opt/devkitpro/calico/lib/libcalico_ds9.a(newlib_syscalls.o)
                0x020050cc                __syscall_cond_wait_recursive
 .text.systemUserStartup
                0x02005110        0x4 /opt/devkitpro/calico/lib/libcalico_ds9.a(sys_startup.o)
                0x02005110                systemUserStartup
 .text.systemStartup
                0x02005114      0x110 /opt/devkitpro/calico/lib/libcalico_ds9.a(sys_startup.o)
                0x02005114                systemStartup
 .text._pmCallEventHandlers
                0x02005224       0x40 /opt/devkitpro/calico/lib/libcalico_ds9.a(pm.o)
 .text._pmPxiThreadMain
                0x02005264       0x9c /opt/devkitpro/calico/lib/libcalico_ds9.a(pm.o)
 .text._pmResetPxiHandler
                0x02005300       0x28 /opt/devkitpro/calico/lib/libcalico_ds9.a(pm.o)
 .text.systemUserExit
                0x02005328        0x4 /opt/devkitpro/calico/lib/libcalico_ds9.a(pm.o)
                0x02005328                systemUserExit
 .text.systemErrorExit
                0x0200532c        0x4 /opt/devkitpro/calico/lib/libcalico_ds9.a(pm.o)
                0x0200532c                systemErrorExit
 .text.__syscall_exit
                0x02005330      0x138 /opt/devkitpro/calico/lib/libcalico_ds9.a(pm.o)
                0x02005330                __syscall_exit
 .text.pmInit   0x02005468       0x58 /opt/devkitpro/calico/lib/libcalico_ds9.a(pm.o)
                0x02005468                pmInit
 .text._Znwj    0x020054c0       0x48 /opt/devkitpro/devkitARM/lib/gcc/arm-none-eabi/15.2.0/../../../../arm-none-eabi/lib/thumb/libstdc++.a(new_op.o)
                0x020054c0                _Znwj
 .text._ZNKSt9bad_alloc4whatEv
                0x02005508        0x8 /opt/devkitpro/devkitARM/lib/gcc/arm-none-eabi/15.2.0/../../../../arm-none-eabi/lib/thumb/libstdc++.a(bad_alloc.o)
                0x02005508                _ZNKSt9bad_alloc4whatEv
 .text._ZNSt9bad_allocD2Ev
                0x02005510       0x18 /opt/devkitpro/devkitARM/lib/gcc/arm-none-eabi/15.2.0/../../../../arm-none-eabi/lib/thumb/libstdc++.a(bad_alloc.o)
                0x02005510                _ZNSt9bad_allocD2Ev
                0x02005510                _ZNSt9bad_allocD1Ev
 .text._ZNSt9bad_allocD0Ev
                0x02005528       0x20 /opt/devkitpro/devkitARM/lib/gcc/arm-none-eabi/15.2.0/../../../../arm-none-eabi/lib/thumb/libstdc++.a(bad_alloc.o)
                0x02005528                _ZNSt9bad_allocD0Ev
 .text._ZdlPvj  0x02005548        0xc /opt/devkitpro/devkitARM/lib/gcc/arm-none-eabi/15.2.0/../../../../arm-none-eabi/lib/thumb/libstdc++.a(del_ops.o)
                0x02005548                _ZdlPvj
 .text._ZNK9__gnu_cxx24__concurrence_lock_error4whatEv
                0x02005554        0x8 /opt/devkitpro/devkitARM/lib/gcc/arm-none-eabi/15.2.0/../../../../arm-none-eabi/lib/thumb/libstdc++.a(eh_alloc.o)
                0x02005554                _ZNK9__gnu_cxx24__concurrence_lock_error4whatEv
 .text._ZNK9__gnu_cxx26__concurrence_unlock_error4whatEv
                0x0200555c        0x8 /opt/devkitpro/devkitARM/lib/gcc/arm-none-eabi/15.2.0/../../../../arm-none-eabi/lib/thumb/libstdc++.a(eh_alloc.o)
                0x0200555c                _ZNK9__gnu_cxx26__concurrence_unlock_error4whatEv
 .text._ZN9__gnu_cxx24__concurrence_lock_errorD2Ev
                0x02005564       0x18 /opt/devkitpro/devkitARM/lib/gcc/arm-none-eabi/15.2.0/../../../../arm-none-eabi/lib/thumb/libstdc++.a(eh_alloc.o)
                0x02005564                _ZN9__gnu_cxx24__concurrence_lock_errorD2Ev
                0x02005564                _ZN9__gnu_cxx24__concurrence_lock_errorD1Ev
 .text._ZN9__gnu_cxx24__concurrence_lock_errorD0Ev
                0x0200557c       0x20 /opt/devkitpro/devkitARM/lib/gcc/arm-none-eabi/15.2.0/../../../../arm-none-eabi/lib/thumb/libstdc++.a(eh_alloc.o)
                0x0200557c                _ZN9__gnu_cxx24__concurrence_lock_errorD0Ev
 .text._ZN9__gnu_cxx26__concurrence_unlock_errorD2Ev
                0x0200559c       0x18 /opt/devkitpro/devkitARM/lib/gcc/arm-none-eabi/15.2.0/../../../../arm-none-eabi/lib/thumb/libstdc++.a(eh_alloc.o)
                0x0200559c                _ZN9__gnu_cxx26__concurrence_unlock_errorD1Ev
                0x0200559c                _ZN9__gnu_cxx26__concurrence_unlock_errorD2Ev
 .text._ZN9__gnu_cxx26__concurrence_unlock_errorD0Ev
                0x020055b4       0x20 /opt/devkitpro/devkitARM/lib/gcc/arm-none-eabi/15.2.0/../../../../arm-none-eabi/lib/thumb/libstdc++.a(eh_alloc.o)
                0x020055b4                _ZN9__gnu_cxx26__concurrence_unlock_errorD0Ev
 .text._ZN12_GLOBAL__N_14pool4freeEPv.constprop.0
                0x020055d4       0xa0 /opt/devkitpro/devkitARM/lib/gcc/arm-none-eabi/15.2.0/../../../../arm-none-eabi/lib/thumb/libstdc++.a(eh_alloc.o)
 .text._ZN12_GLOBAL__N_14pool8allocateEj.constprop.0
                0x02005674       0x78 /opt/devkitpro/devkitARM/lib/gcc/arm-none-eabi/15.2.0/../../../../arm-none-eabi/lib/thumb/libstdc++.a(eh_alloc.o)
 .text.__cxa_allocate_exception
                0x020056ec       0x30 /opt/devkitpro/devkitARM/lib/gcc/arm-none-eabi/15.2.0/../../../../arm-none-eabi/lib/thumb/libstdc++.a(eh_alloc.o)
                0x020056ec                __cxa_allocate_exception
 .text.__cxa_free_exception
                0x0200571c       0x28 /opt/devkitpro/devkitARM/lib/gcc/arm-none-eabi/15.2.0/../../../../arm-none-eabi/lib/thumb/libstdc++.a(eh_alloc.o)
                0x0200571c                __cxa_free_exception
 .text._ZNSt9exceptionD2Ev
                0x02005744        0x4 /opt/devkitpro/devkitARM/lib/gcc/arm-none-eabi/15.2.0/../../../../arm-none-eabi/lib/thumb/libstdc++.a(eh_exception.o)
                0x02005744                _ZNSt9exceptionD2Ev
                0x02005744                _ZNSt9exceptionD1Ev
 .text._ZNSt13bad_exceptionD2Ev
                0x02005748        0x4 /opt/devkitpro/devkitARM/lib/gcc/arm-none-eabi/15.2.0/../../../../arm-none-eabi/lib/thumb/libstdc++.a(eh_exception.o)
                0x02005748                _ZNSt13bad_exceptionD2Ev
                0x02005748                _ZNSt13bad_exceptionD1Ev
 .text._ZNKSt13bad_exception4whatEv
                0x0200574c        0x8 /opt/devkitpro/devkitARM/lib/gcc/arm-none-eabi/15.2.0/../../../../arm-none-eabi/lib/thumb/libstdc++.a(eh_exception.o)
                0x0200574c                _ZGTtNKSt13bad_exception4whatEv
                0x0200574c                _ZNKSt13bad_exception4whatEv
 .text._ZNSt13bad_exceptionD0Ev
                0x02005754       0x14 /opt/devkitpro/devkitARM/lib/gcc/arm-none-eabi/15.2.0/../../../../arm-none-eabi/lib/thumb/libstdc++.a(eh_exception.o)
                0x02005754                _ZNSt13bad_exceptionD0Ev
 .text._ZL28read_encoded_value_with_basehjPKhPj
                0x02005768       0xec /opt/devkitpro/devkitARM/lib/gcc/arm-none-eabi/15.2.0/../../../../arm-none-eabi/lib/thumb/libstdc++.a(eh_personality.o)
 .text._ZL21base_of_encoded_valuehP15_Unwind_Context
                0x02005854       0x48 /opt/devkitpro/devkitARM/lib/gcc/arm-none-eabi/15.2.0/../../../../arm-none-eabi/lib/thumb/libstdc++.a(eh_personality.o)
 .text._ZL17parse_lsda_headerP15_Unwind_ContextPKhP16lsda_header_info
                0x0200589c       0x90 /opt/devkitpro/devkitARM/lib/gcc/arm-none-eabi/15.2.0/../../../../arm-none-eabi/lib/thumb/libstdc++.a(eh_personality.o)
 .text.__gxx_personality_v0
                0x0200592c      0x4a4 /opt/devkitpro/devkitARM/lib/gcc/arm-none-eabi/15.2.0/../../../../arm-none-eabi/lib/thumb/libstdc++.a(eh_personality.o)
                0x0200592c                __gxx_personality_v0
 .text._ZN10__cxxabiv111__terminateEPFvvE
                0x02005dd0       0x14 /opt/devkitpro/devkitARM/lib/gcc/arm-none-eabi/15.2.0/../../../../arm-none-eabi/lib/thumb/libstdc++.a(eh_terminate.o)
                0x02005dd0                _ZN10__cxxabiv111__terminateEPFvvE
 .text._ZSt13get_terminatev
                0x02005de4       0x34 /opt/devkitpro/devkitARM/lib/gcc/arm-none-eabi/15.2.0/../../../../arm-none-eabi/lib/thumb/libstdc++.a(eh_terminate.o)
                0x02005de4                _ZSt13get_terminatev
 .text._ZN10__cxxabiv112__unexpectedEPFvvE
                0x02005e18        0xc /opt/devkitpro/devkitARM/lib/gcc/arm-none-eabi/15.2.0/../../../../arm-none-eabi/lib/thumb/libstdc++.a(eh_terminate.o)
                0x02005e18                _ZN10__cxxabiv112__unexpectedEPFvvE
 .text._ZSt14get_unexpectedv
                0x02005e24       0x34 /opt/devkitpro/devkitARM/lib/gcc/arm-none-eabi/15.2.0/../../../../arm-none-eabi/lib/thumb/libstdc++.a(eh_terminate.o)
                0x02005e24                _ZSt14get_unexpectedv
 .text._ZL23__gxx_exception_cleanup19_Unwind_Reason_CodeP21_Unwind_Control_Block
                0x02005e58       0x40 /opt/devkitpro/devkitARM/lib/gcc/arm-none-eabi/15.2.0/../../../../arm-none-eabi/lib/thumb/libstdc++.a(eh_throw.o)
 .text.__cxa_init_primary_exception
                0x02005e98       0x50 /opt/devkitpro/devkitARM/lib/gcc/arm-none-eabi/15.2.0/../../../../arm-none-eabi/lib/thumb/libstdc++.a(eh_throw.o)
                0x02005e98                __cxa_init_primary_exception
 .text.__cxa_throw
                0x02005ee8       0x34 /opt/devkitpro/devkitARM/lib/gcc/arm-none-eabi/15.2.0/../../../../arm-none-eabi/lib/thumb/libstdc++.a(eh_throw.o)
                0x02005ee8                __cxa_throw
 .text.__cxa_rethrow
                0x02005f1c       0x70 /opt/devkitpro/devkitARM/lib/gcc/arm-none-eabi/15.2.0/../../../../arm-none-eabi/lib/thumb/libstdc++.a(eh_throw.o)
                0x02005f1c                __cxa_rethrow
 .text._ZSt15get_new_handlerv
                0x02005f8c       0x34 /opt/devkitpro/devkitARM/lib/gcc/arm-none-eabi/15.2.0/../../../../arm-none-eabi/lib/thumb/libstdc++.a(new_handler.o)
                0x02005f8c                _ZSt15get_new_handlerv
 .text._ZN10__cxxabiv120__si_class_type_infoD2Ev
                0x02005fc0       0x18 /opt/devkitpro/devkitARM/lib/gcc/arm-none-eabi/15.2.0/../../../../arm-none-eabi/lib/thumb/libstdc++.a(si_class_type_info.o)
                0x02005fc0                _ZN10__cxxabiv120__si_class_type_infoD2Ev
                0x02005fc0                _ZN10__cxxabiv120__si_class_type_infoD1Ev
 .text._ZN10__cxxabiv120__si_class_type_infoD0Ev
                0x02005fd8       0x20 /opt/devkitpro/devkitARM/lib/gcc/arm-none-eabi/15.2.0/../../../../arm-none-eabi/lib/thumb/libstdc++.a(si_class_type_info.o)
                0x02005fd8                _ZN10__cxxabiv120__si_class_type_infoD0Ev
 .text._ZNK10__cxxabiv120__si_class_type_info20__do_find_public_srcEiPKvPKNS_17__class_type_infoES2_
                0x02005ff8       0x40 /opt/devkitpro/devkitARM/lib/gcc/arm-none-eabi/15.2.0/../../../../arm-none-eabi/lib/thumb/libstdc++.a(si_class_type_info.o)
                0x02005ff8                _ZNK10__cxxabiv120__si_class_type_info20__do_find_public_srcEiPKvPKNS_17__class_type_infoES2_
 .text._ZNK10__cxxabiv120__si_class_type_info12__do_dyncastEiNS_17__class_type_info10__sub_kindEPKS1_PKvS4_S6_RNS1_16__dyncast_resultE
                0x02006038       0x94 /opt/devkitpro/devkitARM/lib/gcc/arm-none-eabi/15.2.0/../../../../arm-none-eabi/lib/thumb/libstdc++.a(si_class_type_info.o)
                0x02006038                _ZNK10__cxxabiv120__si_class_type_info12__do_dyncastEiNS_17__class_type_info10__sub_kindEPKS1_PKvS4_S6_RNS1_16__dyncast_resultE
 .text._ZNK10__cxxabiv120__si_class_type_info11__do_upcastEPKNS_17__class_type_infoEPKvRNS1_15__upcast_resultE
                0x020060cc       0x2c /opt/devkitpro/devkitARM/lib/gcc/arm-none-eabi/15.2.0/../../../../arm-none-eabi/lib/thumb/libstdc++.a(si_class_type_info.o)
                0x020060cc                _ZNK10__cxxabiv120__si_class_type_info11__do_upcastEPKNS_17__class_type_infoEPKvRNS1_15__upcast_resultE
 .text._ZNSt9type_infoD2Ev
                0x020060f8        0x4 /opt/devkitpro/devkitARM/lib/gcc/arm-none-eabi/15.2.0/../../../../arm-none-eabi/lib/thumb/libstdc++.a(tinfo.o)
                0x020060f8                _ZNSt9type_infoD1Ev
                0x020060f8                _ZNSt9type_infoD2Ev
 .text._ZNKSt9type_info14__is_pointer_pEv
                0x020060fc        0x4 /opt/devkitpro/devkitARM/lib/gcc/arm-none-eabi/15.2.0/../../../../arm-none-eabi/lib/thumb/libstdc++.a(tinfo.o)
                0x020060fc                _ZNKSt9type_info15__is_function_pEv
                0x020060fc                _ZNKSt9type_info14__is_pointer_pEv
 .text._ZNKSt9type_infoeqERKS_
                0x02006100       0x30 /opt/devkitpro/devkitARM/lib/gcc/arm-none-eabi/15.2.0/../../../../arm-none-eabi/lib/thumb/libstdc++.a(tinfo.o)
                0x02006100                _ZNKSt9type_info7__equalERKS_
                0x02006100                _ZNKSt9type_infoeqERKS_
 .text._ZN9__gnu_cxx18__exchange_and_addEPVii
                0x02006130       0x8c /opt/devkitpro/devkitARM/lib/gcc/arm-none-eabi/15.2.0/../../../../arm-none-eabi/lib/thumb/libstdc++.a(atomicity.o)
                0x02006130                _ZN9__gnu_cxx18__exchange_and_addEPVii
 .text._ZNK10__cxxabiv117__class_type_info11__do_upcastEPKS0_PPv
                0x020061bc       0x3c /opt/devkitpro/devkitARM/lib/gcc/arm-none-eabi/15.2.0/../../../../arm-none-eabi/lib/thumb/libstdc++.a(class_type_info.o)
                0x020061bc                _ZNK10__cxxabiv117__class_type_info11__do_upcastEPKS0_PPv
 .text._ZNK10__cxxabiv117__class_type_info20__do_find_public_srcEiPKvPKS0_S2_
                0x020061f8       0x14 /opt/devkitpro/devkitARM/lib/gcc/arm-none-eabi/15.2.0/../../../../arm-none-eabi/lib/thumb/libstdc++.a(class_type_info.o)
                0x020061f8                _ZNK10__cxxabiv117__class_type_info20__do_find_public_srcEiPKvPKS0_S2_
 .text._ZN10__cxxabiv117__class_type_infoD2Ev
                0x0200620c       0x18 /opt/devkitpro/devkitARM/lib/gcc/arm-none-eabi/15.2.0/../../../../arm-none-eabi/lib/thumb/libstdc++.a(class_type_info.o)
                0x0200620c                _ZN10__cxxabiv117__class_type_infoD1Ev
                0x0200620c                _ZN10__cxxabiv117__class_type_infoD2Ev
 .text._ZN10__cxxabiv117__class_type_infoD0Ev
                0x02006224       0x20 /opt/devkitpro/devkitARM/lib/gcc/arm-none-eabi/15.2.0/../../../../arm-none-eabi/lib/thumb/libstdc++.a(class_type_info.o)
                0x02006224                _ZN10__cxxabiv117__class_type_infoD0Ev
 .text._ZNK10__cxxabiv117__class_type_info12__do_dyncastEiNS0_10__sub_kindEPKS0_PKvS3_S5_RNS0_16__dyncast_resultE
                0x02006244       0x44 /opt/devkitpro/devkitARM/lib/gcc/arm-none-eabi/15.2.0/../../../../arm-none-eabi/lib/thumb/libstdc++.a(class_type_info.o)
                0x02006244                _ZNK10__cxxabiv117__class_type_info12__do_dyncastEiNS0_10__sub_kindEPKS0_PKvS3_S5_RNS0_16__dyncast_resultE
 .text._ZNK10__cxxabiv117__class_type_info11__do_upcastEPKS0_PKvRNS0_15__upcast_resultE
                0x02006288       0x20 /opt/devkitpro/devkitARM/lib/gcc/arm-none-eabi/15.2.0/../../../../arm-none-eabi/lib/thumb/libstdc++.a(class_type_info.o)
                0x02006288                _ZNK10__cxxabiv117__class_type_info11__do_upcastEPKS0_PKvRNS0_15__upcast_resultE
 .text._ZNK10__cxxabiv117__class_type_info10__do_catchEPKSt9type_infoPPvj
                0x020062a8       0x2c /opt/devkitpro/devkitARM/lib/gcc/arm-none-eabi/15.2.0/../../../../arm-none-eabi/lib/thumb/libstdc++.a(class_type_info.o)
                0x020062a8                _ZNK10__cxxabiv117__class_type_info10__do_catchEPKSt9type_infoPPvj
 .text._ZdlPv   0x020062d4        0xc /opt/devkitpro/devkitARM/lib/gcc/arm-none-eabi/15.2.0/../../../../arm-none-eabi/lib/thumb/libstdc++.a(del_op.o)
                0x020062d4                _ZdlPv
 .text.__cxa_end_cleanup
                0x020062e0        0xc /opt/devkitpro/devkitARM/lib/gcc/arm-none-eabi/15.2.0/../../../../arm-none-eabi/lib/thumb/libstdc++.a(eh_arm.o)
                0x020062e0                __cxa_end_cleanup
 .text.__cxa_type_match
                0x020062ec       0xc8 /opt/devkitpro/devkitARM/lib/gcc/arm-none-eabi/15.2.0/../../../../arm-none-eabi/lib/thumb/libstdc++.a(eh_arm.o)
                0x020062ec                __cxa_type_match
 .text.__cxa_begin_cleanup
                0x020063b4       0x64 /opt/devkitpro/devkitARM/lib/gcc/arm-none-eabi/15.2.0/../../../../arm-none-eabi/lib/thumb/libstdc++.a(eh_arm.o)
                0x020063b4                __cxa_begin_cleanup
 .text.__gnu_end_cleanup
                0x02006418       0x74 /opt/devkitpro/devkitARM/lib/gcc/arm-none-eabi/15.2.0/../../../../arm-none-eabi/lib/thumb/libstdc++.a(eh_arm.o)
                0x02006418                __gnu_end_cleanup
 .text.__cxa_begin_catch
                0x0200648c       0x78 /opt/devkitpro/devkitARM/lib/gcc/arm-none-eabi/15.2.0/../../../../arm-none-eabi/lib/thumb/libstdc++.a(eh_catch.o)
                0x0200648c                __cxa_begin_catch
 .text.__cxa_end_catch
                0x02006504       0x94 /opt/devkitpro/devkitARM/lib/gcc/arm-none-eabi/15.2.0/../../../../arm-none-eabi/lib/thumb/libstdc++.a(eh_catch.o)
                0x02006504                __cxa_end_catch
 .text._ZL15eh_globals_dtorPv
                0x02006598       0x28 /opt/devkitpro/devkitARM/lib/gcc/arm-none-eabi/15.2.0/../../../../arm-none-eabi/lib/thumb/libstdc++.a(eh_globals.o)
 .text.__cxa_get_globals_fast
                0x020065c0       0x28 /opt/devkitpro/devkitARM/lib/gcc/arm-none-eabi/15.2.0/../../../../arm-none-eabi/lib/thumb/libstdc++.a(eh_globals.o)
                0x020065c0                __cxa_get_globals_fast
 .text.__cxa_get_globals
                0x020065e8       0x50 /opt/devkitpro/devkitARM/lib/gcc/arm-none-eabi/15.2.0/../../../../arm-none-eabi/lib/thumb/libstdc++.a(eh_globals.o)
                0x020065e8                __cxa_get_globals
 .text._ZNK9__gnu_cxx29__concurrence_broadcast_error4whatEv
                0x02006638        0x8 /opt/devkitpro/devkitARM/lib/gcc/arm-none-eabi/15.2.0/../../../../arm-none-eabi/lib/thumb/libstdc++.a(guard.o)
                0x02006638                _ZNK9__gnu_cxx29__concurrence_broadcast_error4whatEv
 .text._ZNK9__gnu_cxx24__concurrence_wait_error4whatEv
                0x02006640        0x8 /opt/devkitpro/devkitARM/lib/gcc/arm-none-eabi/15.2.0/../../../../arm-none-eabi/lib/thumb/libstdc++.a(guard.o)
                0x02006640                _ZNK9__gnu_cxx24__concurrence_wait_error4whatEv
 .text._ZN12_GLOBAL__N_1L4initEv
                0x02006648       0x20 /opt/devkitpro/devkitARM/lib/gcc/arm-none-eabi/15.2.0/../../../../arm-none-eabi/lib/thumb/libstdc++.a(guard.o)
 .text._ZN12_GLOBAL__N_1L16init_static_condEv
                0x02006668       0x18 /opt/devkitpro/devkitARM/lib/gcc/arm-none-eabi/15.2.0/../../../../arm-none-eabi/lib/thumb/libstdc++.a(guard.o)
 .text._ZN9__gnu_cxx24__concurrence_wait_errorD2Ev
                0x02006680       0x18 /opt/devkitpro/devkitARM/lib/gcc/arm-none-eabi/15.2.0/../../../../arm-none-eabi/lib/thumb/libstdc++.a(guard.o)
                0x02006680                _ZN9__gnu_cxx24__concurrence_wait_errorD1Ev
                0x02006680                _ZN9__gnu_cxx24__concurrence_wait_errorD2Ev
 .text._ZN9__gnu_cxx24__concurrence_wait_errorD0Ev
                0x02006698       0x20 /opt/devkitpro/devkitARM/lib/gcc/arm-none-eabi/15.2.0/../../../../arm-none-eabi/lib/thumb/libstdc++.a(guard.o)
                0x02006698                _ZN9__gnu_cxx24__concurrence_wait_errorD0Ev
 .text._ZN9__gnu_cxx29__concurrence_broadcast_errorD2Ev
                0x020066b8       0x18 /opt/devkitpro/devkitARM/lib/gcc/arm-none-eabi/15.2.0/../../../../arm-none-eabi/lib/thumb/libstdc++.a(guard.o)
                0x020066b8                _ZN9__gnu_cxx29__concurrence_broadcast_errorD2Ev
                0x020066b8                _ZN9__gnu_cxx29__concurrence_broadcast_errorD1Ev
 .text._ZN9__gnu_cxx29__concurrence_broadcast_errorD0Ev
                0x020066d0       0x20 /opt/devkitpro/devkitARM/lib/gcc/arm-none-eabi/15.2.0/../../../../arm-none-eabi/lib/thumb/libstdc++.a(guard.o)
                0x020066d0                _ZN9__gnu_cxx29__concurrence_broadcast_errorD0Ev
 .text.__cxa_guard_acquire
                0x020066f0       0xf8 /opt/devkitpro/devkitARM/lib/gcc/arm-none-eabi/15.2.0/../../../../arm-none-eabi/lib/thumb/libstdc++.a(guard.o)
                0x020066f0                __cxa_guard_acquire
 .text.__cxa_guard_release
                0x020067e8       0x6c /opt/devkitpro/devkitARM/lib/gcc/arm-none-eabi/15.2.0/../../../../arm-none-eabi/lib/thumb/libstdc++.a(guard.o)
                0x020067e8                __cxa_guard_release
 .text          0x02006854      0x150 /opt/devkitpro/devkitARM/lib/gcc/arm-none-eabi/15.2.0/thumb/libgcc.a(_divsi3.o)
                0x02006854                __aeabi_idiv
                0x02006854                __divsi3
                0x02006984                __aeabi_idivmod
 .text          0x020069a4        0x4 /opt/devkitpro/devkitARM/lib/gcc/arm-none-eabi/15.2.0/thumb/libgcc.a(_dvmd_tls.o)
                0x020069a4                __aeabi_ldiv0
                0x020069a4                __aeabi_idiv0
 .text          0x020069a8      0x2ac /opt/devkitpro/devkitARM/lib/gcc/arm-none-eabi/15.2.0/thumb/libgcc.a(_arm_addsubsf3.o)
                0x020069a8                __aeabi_frsub
                0x020069b0                __subsf3
                0x020069b0                __aeabi_fsub
                0x020069b4                __aeabi_fadd
                0x020069b4                __addsf3
                0x02006b70                __aeabi_ui2f
                0x02006b70                __floatunsisf
                0x02006b78                __aeabi_i2f
                0x02006b78                __floatsisf
                0x02006b98                __floatundisf
                0x02006b98                __aeabi_ul2f
                0x02006ba8                __floatdisf
                0x02006ba8                __aeabi_l2f
 .text          0x02006c54      0x114 /opt/devkitpro/devkitARM/lib/gcc/arm-none-eabi/15.2.0/thumb/libgcc.a(_arm_cmpsf2.o)
                0x02006c54                __gtsf2
                0x02006c54                __gesf2
                0x02006c5c                __lesf2
                0x02006c5c                __ltsf2
                0x02006c64                __nesf2
                0x02006c64                __eqsf2
                0x02006c64                __cmpsf2
                0x02006cc8                __aeabi_cfrcmple
                0x02006cd8                __aeabi_cfcmple
                0x02006cd8                __aeabi_cfcmpeq
                0x02006cf0                __aeabi_fcmpeq
                0x02006d08                __aeabi_fcmplt
                0x02006d20                __aeabi_fcmple
                0x02006d38                __aeabi_fcmpge
                0x02006d50                __aeabi_fcmpgt
 .text          0x02006d68       0x5c /opt/devkitpro/devkitARM/lib/gcc/arm-none-eabi/15.2.0/thumb/libgcc.a(_arm_fixsfsi.o)
                0x02006d68                __fixsfsi
                0x02006d68                __aeabi_f2iz
 .text          0x02006dc4       0x3c /opt/devkitpro/devkitARM/lib/gcc/arm-none-eabi/15.2.0/thumb/libgcc.a(_aeabi_uldivmod.o)
                0x02006dc4                __aeabi_uldivmod
 .text          0x02006e00        0x4 /opt/devkitpro/devkitARM/lib/gcc/arm-none-eabi/15.2.0/thumb/libgcc.a(_sync_none.o)
                0x02006e00                __sync_synchronize_none
 .text.__udivmoddi4
                0x02006e04      0x194 /opt/devkitpro/devkitARM/lib/gcc/arm-none-eabi/15.2.0/thumb/libgcc.a(_udivmoddi4.o)
                0x02006e04                __udivmoddi4
 .text.selfrel_offset31
                0x02006f98       0x18 /opt/devkitpro/devkitARM/lib/gcc/arm-none-eabi/15.2.0/thumb/libgcc.a(unwind-arm.o)
 .text.search_EIT_table
                0x02006fb0       0x74 /opt/devkitpro/devkitARM/lib/gcc/arm-none-eabi/15.2.0/thumb/libgcc.a(unwind-arm.o)
 .text.__gnu_unwind_get_pr_addr
                0x02007024       0x28 /opt/devkitpro/devkitARM/lib/gcc/arm-none-eabi/15.2.0/thumb/libgcc.a(unwind-arm.o)
 .text.get_eit_entry
                0x0200704c       0x98 /opt/devkitpro/devkitARM/lib/gcc/arm-none-eabi/15.2.0/thumb/libgcc.a(unwind-arm.o)
 .text.restore_non_core_regs
                0x020070e4       0x60 /opt/devkitpro/devkitARM/lib/gcc/arm-none-eabi/15.2.0/thumb/libgcc.a(unwind-arm.o)
 .text._Unwind_decode_typeinfo_ptr.constprop.0
                0x02007144        0xc /opt/devkitpro/devkitARM/lib/gcc/arm-none-eabi/15.2.0/thumb/libgcc.a(unwind-arm.o)
 .text._Unwind_DebugHook
                0x02007150        0x4 /opt/devkitpro/devkitARM/lib/gcc/arm-none-eabi/15.2.0/thumb/libgcc.a(unwind-arm.o)
 .text.unwind_phase2
                0x02007154       0x40 /opt/devkitpro/devkitARM/lib/gcc/arm-none-eabi/15.2.0/thumb/libgcc.a(unwind-arm.o)
 .text.unwind_phase2_forced
                0x02007194       0xe0 /opt/devkitpro/devkitARM/lib/gcc/arm-none-eabi/15.2.0/thumb/libgcc.a(unwind-arm.o)
 .text.__gnu_Unwind_RaiseException
                0x02007274       0x58 /opt/devkitpro/devkitARM/lib/gcc/arm-none-eabi/15.2.0/thumb/libgcc.a(unwind-arm.o)
                0x02007274                __gnu_Unwind_RaiseException
 .text.__gnu_Unwind_ForcedUnwind
                0x020072cc       0x18 /opt/devkitpro/devkitARM/lib/gcc/arm-none-eabi/15.2.0/thumb/libgcc.a(unwind-arm.o)
                0x020072cc                __gnu_Unwind_ForcedUnwind
 .text.__gnu_Unwind_Resume
                0x020072e4       0x4c /opt/devkitpro/devkitARM/lib/gcc/arm-none-eabi/15.2.0/thumb/libgcc.a(unwind-arm.o)
                0x020072e4                __gnu_Unwind_Resume
 .text.__gnu_Unwind_Resume_or_Rethrow
                0x02007330       0x20 /opt/devkitpro/devkitARM/lib/gcc/arm-none-eabi/15.2.0/thumb/libgcc.a(unwind-arm.o)
                0x02007330                __gnu_Unwind_Resume_or_Rethrow
 .text._Unwind_Complete
                0x02007350        0x4 /opt/devkitpro/devkitARM/lib/gcc/arm-none-eabi/15.2.0/thumb/libgcc.a(unwind-arm.o)
                0x02007350                _Unwind_Complete
 .text._Unwind_DeleteException
                0x02007354       0x18 /opt/devkitpro/devkitARM/lib/gcc/arm-none-eabi/15.2.0/thumb/libgcc.a(unwind-arm.o)
                0x02007354                _Unwind_DeleteException
 .text._Unwind_VRS_Get
                0x0200736c       0x44 /opt/devkitpro/devkitARM/lib/gcc/arm-none-eabi/15.2.0/thumb/libgcc.a(unwind-arm.o)
                0x0200736c                _Unwind_VRS_Get
 .text._Unwind_GetGR
                0x020073b0       0x1c /opt/devkitpro/devkitARM/lib/gcc/arm-none-eabi/15.2.0/thumb/libgcc.a(unwind-arm.o)
 .text._Unwind_VRS_Set
                0x020073cc       0x44 /opt/devkitpro/devkitARM/lib/gcc/arm-none-eabi/15.2.0/thumb/libgcc.a(unwind-arm.o)
                0x020073cc                _Unwind_VRS_Set
 .text._Unwind_SetGR
                0x02007410       0x1c /opt/devkitpro/devkitARM/lib/gcc/arm-none-eabi/15.2.0/thumb/libgcc.a(unwind-arm.o)
 .text.__gnu_Unwind_Backtrace
                0x0200742c       0x78 /opt/devkitpro/devkitARM/lib/gcc/arm-none-eabi/15.2.0/thumb/libgcc.a(unwind-arm.o)
                0x0200742c                __gnu_Unwind_Backtrace
 .text.__gnu_unwind_pr_common
                0x020074a4      0x2d0 /opt/devkitpro/devkitARM/lib/gcc/arm-none-eabi/15.2.0/thumb/libgcc.a(unwind-arm.o)
 .text.__aeabi_unwind_cpp_pr0
                0x02007774       0x10 /opt/devkitpro/devkitARM/lib/gcc/arm-none-eabi/15.2.0/thumb/libgcc.a(unwind-arm.o)
                0x02007774                __aeabi_unwind_cpp_pr0
 .text.__aeabi_unwind_cpp_pr1
                0x02007784       0x10 /opt/devkitpro/devkitARM/lib/gcc/arm-none-eabi/15.2.0/thumb/libgcc.a(unwind-arm.o)
                0x02007784                __aeabi_unwind_cpp_pr1
 .text.__aeabi_unwind_cpp_pr2
                0x02007794       0x10 /opt/devkitpro/devkitARM/lib/gcc/arm-none-eabi/15.2.0/thumb/libgcc.a(unwind-arm.o)
                0x02007794                __aeabi_unwind_cpp_pr2
 .text._Unwind_VRS_Pop
                0x020077a4      0x2f8 /opt/devkitpro/devkitARM/lib/gcc/arm-none-eabi/15.2.0/thumb/libgcc.a(unwind-arm.o)
                0x020077a4                _Unwind_VRS_Pop
 .text          0x02007a9c      0x1d8 /opt/devkitpro/devkitARM/lib/gcc/arm-none-eabi/15.2.0/thumb/libgcc.a(libunwind.o)
                0x02007a9c                __restore_core_regs
                0x02007a9c                restore_core_regs
                0x02007ab8                __gnu_Unwind_Restore_VFP
                0x02007ac0                __gnu_Unwind_Save_VFP
                0x02007ac8                __gnu_Unwind_Restore_VFP_D
                0x02007ad0                __gnu_Unwind_Save_VFP_D
                0x02007ad8                __gnu_Unwind_Restore_VFP_D_16_to_31
                0x02007ae0                __gnu_Unwind_Save_VFP_D_16_to_31
                0x02007ae8                __gnu_Unwind_Restore_WMMXD
                0x02007b2c                __gnu_Unwind_Save_WMMXD
                0x02007b70                __gnu_Unwind_Restore_WMMXC
                0x02007b84                __gnu_Unwind_Save_WMMXC
                0x02007b98                ___Unwind_RaiseException
                0x02007b98                _Unwind_RaiseException
                0x02007bc4                ___Unwind_Resume
                0x02007bc4                _Unwind_Resume
                0x02007bf0                _Unwind_Resume_or_Rethrow
                0x02007bf0                ___Unwind_Resume_or_Rethrow
                0x02007c1c                ___Unwind_ForcedUnwind
                0x02007c1c                _Unwind_ForcedUnwind
                0x02007c48                _Unwind_Backtrace
                0x02007c48                ___Unwind_Backtrace
 .text.next_unwind_byte
                0x02007c74       0x34 /opt/devkitpro/devkitARM/lib/gcc/arm-none-eabi/15.2.0/thumb/libgcc.a(pr-support.o)
 .text._Unwind_GetGR.constprop.0
                0x02007ca8       0x1c /opt/devkitpro/devkitARM/lib/gcc/arm-none-eabi/15.2.0/thumb/libgcc.a(pr-support.o)
 .text.unwind_UCB_from_context
                0x02007cc4        0xc /opt/devkitpro/devkitARM/lib/gcc/arm-none-eabi/15.2.0/thumb/libgcc.a(pr-support.o)
 .text.__gnu_unwind_execute
                0x02007cd0      0x304 /opt/devkitpro/devkitARM/lib/gcc/arm-none-eabi/15.2.0/thumb/libgcc.a(pr-support.o)
                0x02007cd0                __gnu_unwind_execute
 .text.__gnu_unwind_frame
                0x02007fd4       0x2c /opt/devkitpro/devkitARM/lib/gcc/arm-none-eabi/15.2.0/thumb/libgcc.a(pr-support.o)
                0x02007fd4                __gnu_unwind_frame
 .text._Unwind_GetRegionStart
                0x02008000       0x10 /opt/devkitpro/devkitARM/lib/gcc/arm-none-eabi/15.2.0/thumb/libgcc.a(pr-support.o)
                0x02008000                _Unwind_GetRegionStart
 .text._Unwind_GetLanguageSpecificData
                0x02008010       0x18 /opt/devkitpro/devkitARM/lib/gcc/arm-none-eabi/15.2.0/thumb/libgcc.a(pr-support.o)
                0x02008010                _Unwind_GetLanguageSpecificData
 .text          0x02008028       0x28 /opt/devkitpro/devkitARM/lib/gcc/arm-none-eabi/15.2.0/thumb/libgcc.a(_clzdi2.o)
                0x02008028                __clzdi2
 .text          0x02008050       0x48 /opt/devkitpro/devkitARM/lib/gcc/arm-none-eabi/15.2.0/thumb/libgcc.a(_clzsi2.o)
                0x02008050                __clzsi2
 .text.rand     0x02008098       0x30 /opt/devkitpro/devkitARM/lib/gcc/arm-none-eabi/15.2.0/../../../../arm-none-eabi/lib/thumb/libg.a(libc_a-rand.o)
                0x02008098                rand
 .text.getenv   0x020080c8       0x1c /opt/devkitpro/devkitARM/lib/gcc/arm-none-eabi/15.2.0/../../../../arm-none-eabi/lib/thumb/libg.a(libc_a-getenv.o)
                0x020080c8                getenv
 .text.memcpy   0x020080e4       0xac /opt/devkitpro/devkitARM/lib/gcc/arm-none-eabi/15.2.0/../../../../arm-none-eabi/lib/thumb/libg.a(libc_a-memcpy-stub.o)
                0x020080e4                memcpy
 .text._strtoul_l.isra.0
                0x02008190      0x150 /opt/devkitpro/devkitARM/lib/gcc/arm-none-eabi/15.2.0/../../../../arm-none-eabi/lib/thumb/libg.a(libc_a-strtoul.o)
 .text._strtoul_r
                0x020082e0       0x20 /opt/devkitpro/devkitARM/lib/gcc/arm-none-eabi/15.2.0/../../../../arm-none-eabi/lib/thumb/libg.a(libc_a-strtoul.o)
                0x020082e0                _strtoul_r
 .text.strtoul  0x02008300       0x24 /opt/devkitpro/devkitARM/lib/gcc/arm-none-eabi/15.2.0/../../../../arm-none-eabi/lib/thumb/libg.a(libc_a-strtoul.o)
                0x02008300                strtoul
 .text.strchr   0x02008324       0xbc /opt/devkitpro/devkitARM/lib/gcc/arm-none-eabi/15.2.0/../../../../arm-none-eabi/lib/thumb/libg.a(libc_a-strchr.o)
                0x02008324                strchr
 .text.memcmp   0x020083e0       0x48 /opt/devkitpro/devkitARM/lib/gcc/arm-none-eabi/15.2.0/../../../../arm-none-eabi/lib/thumb/libg.a(libc_a-memcmp.o)
                0x020083e0                memcmp
 .text.abort    0x02008428       0x10 /opt/devkitpro/devkitARM/lib/gcc/arm-none-eabi/15.2.0/../../../../arm-none-eabi/lib/thumb/libg.a(libc_a-abort.o)
                0x02008428                abort
 .text.memset   0x02008438       0x8c /opt/devkitpro/devkitARM/lib/gcc/arm-none-eabi/15.2.0/../../../../arm-none-eabi/lib/thumb/libg.a(libc_a-memset.o)
                0x02008438                memset
 .text.realloc  0x020084c4       0x18 /opt/devkitpro/devkitARM/lib/gcc/arm-none-eabi/15.2.0/../../../../arm-none-eabi/lib/thumb/libg.a(libc_a-realloc.o)
                0x020084c4                realloc
 .text._malloc_r
                0x020084dc      0x550 /opt/devkitpro/devkitARM/lib/gcc/arm-none-eabi/15.2.0/../../../../arm-none-eabi/lib/thumb/libg.a(libc_a-mallocr.o)
                0x020084dc                _malloc_r
 .text          0x02008a2c      0x224 /opt/devkitpro/devkitARM/lib/gcc/arm-none-eabi/15.2.0/../../../../arm-none-eabi/lib/thumb/libg.a(libc_a-strcmp.o)
                0x02008a2c                strcmp
 .text._malloc_trim_r
                0x02008c50       0xac /opt/devkitpro/devkitARM/lib/gcc/arm-none-eabi/15.2.0/../../../../arm-none-eabi/lib/thumb/libg.a(libc_a-freer.o)
                0x02008c50                _malloc_trim_r
 .text._free_r  0x02008cfc      0x1d8 /opt/devkitpro/devkitARM/lib/gcc/arm-none-eabi/15.2.0/../../../../arm-none-eabi/lib/thumb/libg.a(libc_a-freer.o)
                0x02008cfc                _free_r
 .text.setvbuf  0x02008ed4      0x1ac /opt/devkitpro/devkitARM/lib/gcc/arm-none-eabi/15.2.0/../../../../arm-none-eabi/lib/thumb/libg.a(libc_a-setvbuf.o)
                0x02008ed4                setvbuf
 .text.stdio_exit_handler
                0x02009080       0x20 /opt/devkitpro/devkitARM/lib/gcc/arm-none-eabi/15.2.0/../../../../arm-none-eabi/lib/thumb/libg.a(libc_a-findfp.o)
 .text.cleanup_stdio
                0x020090a0       0x40 /opt/devkitpro/devkitARM/lib/gcc/arm-none-eabi/15.2.0/../../../../arm-none-eabi/lib/thumb/libg.a(libc_a-findfp.o)
 .text.global_stdio_init.part.0
                0x020090e0      0x120 /opt/devkitpro/devkitARM/lib/gcc/arm-none-eabi/15.2.0/../../../../arm-none-eabi/lib/thumb/libg.a(libc_a-findfp.o)
 .text.__sinit  0x02009200       0x3c /opt/devkitpro/devkitARM/lib/gcc/arm-none-eabi/15.2.0/../../../../arm-none-eabi/lib/thumb/libg.a(libc_a-findfp.o)
                0x02009200                __sinit
 .text.__sfp_lock_acquire
                0x0200923c       0x14 /opt/devkitpro/devkitARM/lib/gcc/arm-none-eabi/15.2.0/../../../../arm-none-eabi/lib/thumb/libg.a(libc_a-findfp.o)
                0x0200923c                __sfp_lock_acquire
 .text.__sfp_lock_release
                0x02009250       0x14 /opt/devkitpro/devkitARM/lib/gcc/arm-none-eabi/15.2.0/../../../../arm-none-eabi/lib/thumb/libg.a(libc_a-findfp.o)
                0x02009250                __sfp_lock_release
 .text.__libc_init_array
                0x02009264       0x54 /opt/devkitpro/devkitARM/lib/gcc/arm-none-eabi/15.2.0/../../../../arm-none-eabi/lib/thumb/libg.a(libc_a-init.o)
                0x02009264                __libc_init_array
 .text.malloc   0x020092b8       0x28 /opt/devkitpro/devkitARM/lib/gcc/arm-none-eabi/15.2.0/../../../../arm-none-eabi/lib/thumb/libg.a(libc_a-malloc.o)
                0x020092b8                malloc
 .text.free     0x020092e0       0x14 /opt/devkitpro/devkitARM/lib/gcc/arm-none-eabi/15.2.0/../../../../arm-none-eabi/lib/thumb/libg.a(libc_a-malloc.o)
                0x020092e0                free
 .text.siscanf  0x020092f4       0x50 /opt/devkitpro/devkitARM/lib/gcc/arm-none-eabi/15.2.0/../../../../arm-none-eabi/lib/thumb/libg.a(libc_a-siscanf.o)
                0x020092f4                siscanf
 .text._findenv_r
                0x02009344       0x94 /opt/devkitpro/devkitARM/lib/gcc/arm-none-eabi/15.2.0/../../../../arm-none-eabi/lib/thumb/libg.a(libc_a-getenv_r.o)
                0x02009344                _findenv_r
 .text.__sread  0x020093d8       0x34 /opt/devkitpro/devkitARM/lib/gcc/arm-none-eabi/15.2.0/../../../../arm-none-eabi/lib/thumb/libg.a(libc_a-stdio.o)
                0x020093d8                __sread
 .text.__seofread
                0x0200940c        0x4 /opt/devkitpro/devkitARM/lib/gcc/arm-none-eabi/15.2.0/../../../../arm-none-eabi/lib/thumb/libg.a(libc_a-stdio.o)
                0x0200940c                __seofread
 .text.__swrite
                0x02009410       0x4c /opt/devkitpro/devkitARM/lib/gcc/arm-none-eabi/15.2.0/../../../../arm-none-eabi/lib/thumb/libg.a(libc_a-stdio.o)
                0x02009410                __swrite
 .text.__sseek  0x0200945c       0x3c /opt/devkitpro/devkitARM/lib/gcc/arm-none-eabi/15.2.0/../../../../arm-none-eabi/lib/thumb/libg.a(libc_a-stdio.o)
                0x0200945c                __sseek
 .text.__sclose
                0x02009498       0x10 /opt/devkitpro/devkitARM/lib/gcc/arm-none-eabi/15.2.0/../../../../arm-none-eabi/lib/thumb/libg.a(libc_a-stdio.o)
                0x02009498                __sclose
 .text._realloc_r
                0x020094a8      0x344 /opt/devkitpro/devkitARM/lib/gcc/arm-none-eabi/15.2.0/../../../../arm-none-eabi/lib/thumb/libg.a(libc_a-reallocr.o)
                0x020094a8                _realloc_r
 .text.iprintf  0x020097ec       0x28 /opt/devkitpro/devkitARM/lib/gcc/arm-none-eabi/15.2.0/../../../../arm-none-eabi/lib/thumb/libg.a(libc_a-iprintf.o)
                0x020097ec                iprintf
 .text.__malloc_lock
                0x02009814       0x14 /opt/devkitpro/devkitARM/lib/gcc/arm-none-eabi/15.2.0/../../../../arm-none-eabi/lib/thumb/libg.a(libc_a-mlock.o)
                0x02009814                __malloc_lock
 .text.__malloc_unlock
                0x02009828       0x14 /opt/devkitpro/devkitARM/lib/gcc/arm-none-eabi/15.2.0/../../../../arm-none-eabi/lib/thumb/libg.a(libc_a-mlock.o)
                0x02009828                __malloc_unlock
 .text._fclose_r
                0x0200983c       0xe0 /opt/devkitpro/devkitARM/lib/gcc/arm-none-eabi/15.2.0/../../../../arm-none-eabi/lib/thumb/libg.a(libc_a-fclose.o)
                0x0200983c                _fclose_r
 .text.__call_exitprocs
                0x0200991c        0xc /opt/devkitpro/devkitARM/lib/gcc/arm-none-eabi/15.2.0/../../../../arm-none-eabi/lib/thumb/libg.a(libc_a-exit.o)
                0x0200991c                __call_exitprocs
 .text.__libc_fini_array
                0x02009928       0x30 /opt/devkitpro/devkitARM/lib/gcc/arm-none-eabi/15.2.0/../../../../arm-none-eabi/lib/thumb/libg.a(libc_a-fini.o)
                0x02009928                __libc_fini_array
 .text.get_arg  0x02009958      0x404 /opt/devkitpro/devkitARM/lib/gcc/arm-none-eabi/15.2.0/../../../../arm-none-eabi/lib/thumb/libg.a(libc_a-vfiprintf.o)
 .text._vfiprintf_r
                0x02009d5c     0x16d8 /opt/devkitpro/devkitARM/lib/gcc/arm-none-eabi/15.2.0/../../../../arm-none-eabi/lib/thumb/libg.a(libc_a-vfiprintf.o)
                0x02009d5c                _vfiprintf_r
 .text.__sbprintf
                0x0200b434       0x7c /opt/devkitpro/devkitARM/lib/gcc/arm-none-eabi/15.2.0/../../../../arm-none-eabi/lib/thumb/libg.a(libc_a-vfiprintf.o)
 .text.strncmp  0x0200b4b0       0x70 /opt/devkitpro/devkitARM/lib/gcc/arm-none-eabi/15.2.0/../../../../arm-none-eabi/lib/thumb/libg.a(libc_a-strncmp.o)
                0x0200b4b0                strncmp
 .text.__env_lock
                0x0200b520       0x14 /opt/devkitpro/devkitARM/lib/gcc/arm-none-eabi/15.2.0/../../../../arm-none-eabi/lib/thumb/libg.a(libc_a-envlock.o)
                0x0200b520                __env_lock
 .text.__env_unlock
                0x0200b534       0x14 /opt/devkitpro/devkitARM/lib/gcc/arm-none-eabi/15.2.0/../../../../arm-none-eabi/lib/thumb/libg.a(libc_a-envlock.o)
                0x0200b534                __env_unlock
 .text.strlen   0x0200b548       0x60 /opt/devkitpro/devkitARM/lib/gcc/arm-none-eabi/15.2.0/../../../../arm-none-eabi/lib/thumb/libg.a(libc_a-strlen.o)
                0x0200b548                strlen
 .text._fwalk_sglue
                0x0200b5a8       0x4c /opt/devkitpro/devkitARM/lib/gcc/arm-none-eabi/15.2.0/../../../../arm-none-eabi/lib/thumb/libg.a(libc_a-fwalk.o)
                0x0200b5a8                _fwalk_sglue
 .text._wcrtomb_r
                0x0200b5f4       0x88 /opt/devkitpro/devkitARM/lib/gcc/arm-none-eabi/15.2.0/../../../../arm-none-eabi/lib/thumb/libg.a(libc_a-wcrtomb.o)
                0x0200b5f4                _wcrtomb_r
 .text._raise_r
                0x0200b67c       0x60 /opt/devkitpro/devkitARM/lib/gcc/arm-none-eabi/15.2.0/../../../../arm-none-eabi/lib/thumb/libg.a(libc_a-signal.o)
                0x0200b67c                _raise_r
 .text.raise    0x0200b6dc       0x14 /opt/devkitpro/devkitARM/lib/gcc/arm-none-eabi/15.2.0/../../../../arm-none-eabi/lib/thumb/libg.a(libc_a-signal.o)
                0x0200b6dc                raise
 .text._memalign_r
                0x0200b6f0      0x118 /opt/devkitpro/devkitARM/lib/gcc/arm-none-eabi/15.2.0/../../../../arm-none-eabi/lib/thumb/libg.a(libc_a-malignr.o)
                0x0200b6f0                _memalign_r
 .text.__smakebuf_r
                0x0200b808       0xe0 /opt/devkitpro/devkitARM/lib/gcc/arm-none-eabi/15.2.0/../../../../arm-none-eabi/lib/thumb/libg.a(libc_a-makebuf.o)
                0x0200b808                __smakebuf_r
 .text.__swhatbuf_r
                0x0200b8e8       0x5c /opt/devkitpro/devkitARM/lib/gcc/arm-none-eabi/15.2.0/../../../../arm-none-eabi/lib/thumb/libg.a(libc_a-makebuf.o)
                0x0200b8e8                __swhatbuf_r
 .text.__locale_mb_cur_max
                0x0200b944       0x20 /opt/devkitpro/devkitARM/lib/gcc/arm-none-eabi/15.2.0/../../../../arm-none-eabi/lib/thumb/libg.a(libc_a-locale.o)
                0x0200b944                __locale_mb_cur_max
 .text.__sflush_r
                0x0200b964      0x180 /opt/devkitpro/devkitARM/lib/gcc/arm-none-eabi/15.2.0/../../../../arm-none-eabi/lib/thumb/libg.a(libc_a-fflush.o)
                0x0200b964                __sflush_r
 .text._fflush_r
                0x0200bae4       0x70 /opt/devkitpro/devkitARM/lib/gcc/arm-none-eabi/15.2.0/../../../../arm-none-eabi/lib/thumb/libg.a(libc_a-fflush.o)
                0x0200bae4                _fflush_r
 .text.__sprint_r
                0x0200bb54       0x24 /opt/devkitpro/devkitARM/lib/gcc/arm-none-eabi/15.2.0/../../../../arm-none-eabi/lib/thumb/libg.a(libc_a-sprint_r.o)
                0x0200bb54                __sprint_r
 .text.get_arg  0x0200bb78       0x3e /opt/devkitpro/devkitARM/lib/gcc/arm-none-eabi/15.2.0/../../../../arm-none-eabi/lib/thumb/libg.a(libc_a-svfiscanf.o)
 .text._sungetc_r
                0x0200bbb6       0x7e /opt/devkitpro/devkitARM/lib/gcc/arm-none-eabi/15.2.0/../../../../arm-none-eabi/lib/thumb/libg.a(libc_a-svfiscanf.o)
                0x0200bbb6                _sungetc_r
 .text.__ssrefill_r
                0x0200bc34       0x42 /opt/devkitpro/devkitARM/lib/gcc/arm-none-eabi/15.2.0/../../../../arm-none-eabi/lib/thumb/libg.a(libc_a-svfiscanf.o)
                0x0200bc34                __ssrefill_r
 .text._sfread_r
                0x0200bc76       0x88 /opt/devkitpro/devkitARM/lib/gcc/arm-none-eabi/15.2.0/../../../../arm-none-eabi/lib/thumb/libg.a(libc_a-svfiscanf.o)
                0x0200bc76                _sfread_r
 *fill*         0x0200bcfe        0x2 ff
 .text.__ssvfiscanf_r
                0x0200bd00     0x19d8 /opt/devkitpro/devkitARM/lib/gcc/arm-none-eabi/15.2.0/../../../../arm-none-eabi/lib/thumb/libg.a(libc_a-svfiscanf.o)
                0x0200bd00                __ssvfiscanf_r
 .text._strtol_l.part.0
                0x0200d6d8      0x25c /opt/devkitpro/devkitARM/lib/gcc/arm-none-eabi/15.2.0/../../../../arm-none-eabi/lib/thumb/libg.a(libc_a-strtol.o)
 .text._strtol_r
                0x0200d934       0x34 /opt/devkitpro/devkitARM/lib/gcc/arm-none-eabi/15.2.0/../../../../arm-none-eabi/lib/thumb/libg.a(libc_a-strtol.o)
                0x0200d934                _strtol_r
 .text.strncpy  0x0200d968       0x68 /opt/devkitpro/devkitARM/lib/gcc/arm-none-eabi/15.2.0/../../../../arm-none-eabi/lib/thumb/libg.a(libc_a-strncpy.o)
                0x0200d968                strncpy
 .text.memchr   0x0200d9d0       0x74 /opt/devkitpro/devkitARM/lib/gcc/arm-none-eabi/15.2.0/../../../../arm-none-eabi/lib/thumb/libg.a(libc_a-memchr-stub.o)
                0x0200d9d0                memchr
 .text._wcsrtombs_r
                0x0200da44       0x20 /opt/devkitpro/devkitARM/lib/gcc/arm-none-eabi/15.2.0/../../../../arm-none-eabi/lib/thumb/libg.a(libc_a-wcsrtombs.o)
                0x0200da44                _wcsrtombs_r
 .text.__swsetup_r
                0x0200da64       0xd4 /opt/devkitpro/devkitARM/lib/gcc/arm-none-eabi/15.2.0/../../../../arm-none-eabi/lib/thumb/libg.a(libc_a-wsetup.o)
                0x0200da64                __swsetup_r
 .text._localeconv_r
                0x0200db38       0x20 /opt/devkitpro/devkitARM/lib/gcc/arm-none-eabi/15.2.0/../../../../arm-none-eabi/lib/thumb/libg.a(libc_a-localeconv.o)
                0x0200db38                _localeconv_r
 .text.memmove  0x0200db58      0x108 /opt/devkitpro/devkitARM/lib/gcc/arm-none-eabi/15.2.0/../../../../arm-none-eabi/lib/thumb/libg.a(libc_a-memmove.o)
                0x0200db58                memmove
 .text.__utf8_wctomb
                0x0200dc60       0xbc /opt/devkitpro/devkitARM/lib/gcc/arm-none-eabi/15.2.0/../../../../arm-none-eabi/lib/thumb/libg.a(libc_a-wctomb_r.o)
                0x0200dc60                __utf8_wctomb
 .text._wcsnrtombs_l
                0x0200dd1c      0x120 /opt/devkitpro/devkitARM/lib/gcc/arm-none-eabi/15.2.0/../../../../arm-none-eabi/lib/thumb/libg.a(libc_a-wcsnrtombs.o)
                0x0200dd1c                _wcsnrtombs_l
 .text._wcsnrtombs_r
                0x0200de3c       0x40 /opt/devkitpro/devkitARM/lib/gcc/arm-none-eabi/15.2.0/../../../../arm-none-eabi/lib/thumb/libg.a(libc_a-wcsnrtombs.o)
                0x0200de3c                _wcsnrtombs_r
 .text.iswspace
                0x0200de7c       0x10 /opt/devkitpro/devkitARM/lib/gcc/arm-none-eabi/15.2.0/../../../../arm-none-eabi/lib/thumb/libg.a(libc_a-iswspace.o)
                0x0200de7c                iswspace
 .text._strtoull_l.isra.0
                0x0200de8c      0x1c0 /opt/devkitpro/devkitARM/lib/gcc/arm-none-eabi/15.2.0/../../../../arm-none-eabi/lib/thumb/libg.a(libc_a-strtoull.o)
 .text._strtoull_r
                0x0200e04c       0x20 /opt/devkitpro/devkitARM/lib/gcc/arm-none-eabi/15.2.0/../../../../arm-none-eabi/lib/thumb/libg.a(libc_a-strtoull.o)
                0x0200e04c                _strtoull_r
 .text.__submore
                0x0200e06c       0x7c /opt/devkitpro/devkitARM/lib/gcc/arm-none-eabi/15.2.0/../../../../arm-none-eabi/lib/thumb/libg.a(libc_a-ungetc.o)
                0x0200e06c                __submore
 .text.__utf8_mbtowc
                0x0200e0e8      0x24c /opt/devkitpro/devkitARM/lib/gcc/arm-none-eabi/15.2.0/../../../../arm-none-eabi/lib/thumb/libg.a(libc_a-mbtowc_r.o)
                0x0200e0e8                __utf8_mbtowc
 .text._mbrtowc_r
                0x0200e334       0x9c /opt/devkitpro/devkitARM/lib/gcc/arm-none-eabi/15.2.0/../../../../arm-none-eabi/lib/thumb/libg.a(libc_a-mbrtowc.o)
                0x0200e334                _mbrtowc_r
 .text.__sfvwrite_r
                0x0200e3d0      0x31c /opt/devkitpro/devkitARM/lib/gcc/arm-none-eabi/15.2.0/../../../../arm-none-eabi/lib/thumb/libg.a(libc_a-fvwrite.o)
                0x0200e3d0                __sfvwrite_r
 .text.__sccl   0x0200e6ec       0xb0 /opt/devkitpro/devkitARM/lib/gcc/arm-none-eabi/15.2.0/../../../../arm-none-eabi/lib/thumb/libg.a(libc_a-sccl.o)
                0x0200e6ec                __sccl
 .text._strtoll_l.isra.0
                0x0200e79c      0x300 /opt/devkitpro/devkitARM/lib/gcc/arm-none-eabi/15.2.0/../../../../arm-none-eabi/lib/thumb/libg.a(libc_a-strtoll.o)
 .text._strtoll_r
                0x0200ea9c       0x20 /opt/devkitpro/devkitARM/lib/gcc/arm-none-eabi/15.2.0/../../../../arm-none-eabi/lib/thumb/libg.a(libc_a-strtoll.o)
                0x0200ea9c                _strtoll_r
 .text.iswspace_l
                0x0200eabc       0x28 /opt/devkitpro/devkitARM/lib/gcc/arm-none-eabi/15.2.0/../../../../arm-none-eabi/lib/thumb/libg.a(libc_a-iswspace_l.o)
                0x0200eabc                iswspace_l
 .text.category
                0x0200eae4       0x5c /opt/devkitpro/devkitARM/lib/gcc/arm-none-eabi/15.2.0/../../../../arm-none-eabi/lib/thumb/libg.a(libc_a-categories.o)
                0x0200eae4                category
 .text._exit    0x0200eb40       0x14 /opt/devkitpro/devkitARM/lib/gcc/arm-none-eabi/15.2.0/../../../../arm-none-eabi/lib/thumb/libsysbase.a(libsysbase_libsysbase_a-_exit.o)
                0x0200eb40                _exit
 .text._fstat_r
                0x0200eb54       0x5c /opt/devkitpro/devkitARM/lib/gcc/arm-none-eabi/15.2.0/../../../../arm-none-eabi/lib/thumb/libsysbase.a(libsysbase_libsysbase_a-fstat.o)
                0x0200eb54                _fstat_r
 .text._getpid_r
                0x0200ebb0        0xc /opt/devkitpro/devkitARM/lib/gcc/arm-none-eabi/15.2.0/../../../../arm-none-eabi/lib/thumb/libsysbase.a(libsysbase_libsysbase_a-getpid.o)
                0x0200ebb0                _getpid_r
 .text.__getreent
                0x0200ebbc       0x20 /opt/devkitpro/devkitARM/lib/gcc/arm-none-eabi/15.2.0/../../../../arm-none-eabi/lib/thumb/libsysbase.a(libsysbase_libsysbase_a-getreent.o)
                0x0200ebbc                __getreent
 .text.__get_handle
                0x0200ebdc       0x34 /opt/devkitpro/devkitARM/lib/gcc/arm-none-eabi/15.2.0/../../../../arm-none-eabi/lib/thumb/libsysbase.a(libsysbase_libsysbase_a-handle_manager.o)
                0x0200ebdc                __get_handle
 .text._close_r
                0x0200ec10       0xb0 /opt/devkitpro/devkitARM/lib/gcc/arm-none-eabi/15.2.0/../../../../arm-none-eabi/lib/thumb/libsysbase.a(libsysbase_libsysbase_a-handle_manager.o)
                0x0200ec10                _close_r
 .text.null_write
                0x0200ecc0        0x4 /opt/devkitpro/devkitARM/lib/gcc/arm-none-eabi/15.2.0/../../../../arm-none-eabi/lib/thumb/libsysbase.a(libsysbase_libsysbase_a-iosupport.o)
 .text._isatty_r
                0x0200ecc4        0x4 /opt/devkitpro/devkitARM/lib/gcc/arm-none-eabi/15.2.0/../../../../arm-none-eabi/lib/thumb/libsysbase.a(libsysbase_libsysbase_a-isatty.o)
                0x0200ecc4                _isatty_r
 .text._kill_r  0x0200ecc8        0xc /opt/devkitpro/devkitARM/lib/gcc/arm-none-eabi/15.2.0/../../../../arm-none-eabi/lib/thumb/libsysbase.a(libsysbase_libsysbase_a-kill.o)
                0x0200ecc8                _kill_r
 .text._lseek_r
                0x0200ecd4       0x64 /opt/devkitpro/devkitARM/lib/gcc/arm-none-eabi/15.2.0/../../../../arm-none-eabi/lib/thumb/libsysbase.a(libsysbase_libsysbase_a-lseek.o)
                0x0200ecd4                _lseek_r
 .text.pthread_mutex_lock
                0x0200ed38       0x38 /opt/devkitpro/devkitARM/lib/gcc/arm-none-eabi/15.2.0/../../../../arm-none-eabi/lib/thumb/libsysbase.a(libsysbase_libsysbase_a-pthread.o)
                0x0200ed38                pthread_mutex_lock
 .text.pthread_mutex_unlock
                0x0200ed70       0x38 /opt/devkitpro/devkitARM/lib/gcc/arm-none-eabi/15.2.0/../../../../arm-none-eabi/lib/thumb/libsysbase.a(libsysbase_libsysbase_a-pthread.o)
                0x0200ed70                pthread_mutex_unlock
 .text.pthread_cond_broadcast
                0x0200eda8       0x18 /opt/devkitpro/devkitARM/lib/gcc/arm-none-eabi/15.2.0/../../../../arm-none-eabi/lib/thumb/libsysbase.a(libsysbase_libsysbase_a-pthread.o)
                0x0200eda8                pthread_cond_broadcast
 .text.pthread_cond_wait
                0x0200edc0       0x48 /opt/devkitpro/devkitARM/lib/gcc/arm-none-eabi/15.2.0/../../../../arm-none-eabi/lib/thumb/libsysbase.a(libsysbase_libsysbase_a-pthread.o)
                0x0200edc0                pthread_cond_wait
 .text.pthread_once
                0x0200ee08       0x74 /opt/devkitpro/devkitARM/lib/gcc/arm-none-eabi/15.2.0/../../../../arm-none-eabi/lib/thumb/libsysbase.a(libsysbase_libsysbase_a-pthread.o)
                0x0200ee08                pthread_once
 .text.pthread_key_create
                0x0200ee7c       0x24 /opt/devkitpro/devkitARM/lib/gcc/arm-none-eabi/15.2.0/../../../../arm-none-eabi/lib/thumb/libsysbase.a(libsysbase_libsysbase_a-pthread.o)
                0x0200ee7c                pthread_key_create
 .text.pthread_setspecific
                0x0200eea0       0x1c /opt/devkitpro/devkitARM/lib/gcc/arm-none-eabi/15.2.0/../../../../arm-none-eabi/lib/thumb/libsysbase.a(libsysbase_libsysbase_a-pthread.o)
                0x0200eea0                pthread_setspecific
 .text.pthread_getspecific
                0x0200eebc       0x1c /opt/devkitpro/devkitARM/lib/gcc/arm-none-eabi/15.2.0/../../../../arm-none-eabi/lib/thumb/libsysbase.a(libsysbase_libsysbase_a-pthread.o)
                0x0200eebc                pthread_getspecific
 .text.pthread_key_delete
                0x0200eed8       0x1c /opt/devkitpro/devkitARM/lib/gcc/arm-none-eabi/15.2.0/../../../../arm-none-eabi/lib/thumb/libsysbase.a(libsysbase_libsysbase_a-pthread.o)
                0x0200eed8                pthread_key_delete
 .text._read_r  0x0200eef4       0x5c /opt/devkitpro/devkitARM/lib/gcc/arm-none-eabi/15.2.0/../../../../arm-none-eabi/lib/thumb/libsysbase.a(libsysbase_libsysbase_a-read.o)
                0x0200eef4                _read_r
 .text._sbrk_r  0x0200ef50       0x50 /opt/devkitpro/devkitARM/lib/gcc/arm-none-eabi/15.2.0/../../../../arm-none-eabi/lib/thumb/libsysbase.a(libsysbase_libsysbase_a-sbrk.o)
                0x0200ef50                _sbrk_r
 .text.__libc_lock_acquire
                0x0200efa0       0x18 /opt/devkitpro/devkitARM/lib/gcc/arm-none-eabi/15.2.0/../../../../arm-none-eabi/lib/thumb/libsysbase.a(libsysbase_libsysbase_a-syscall_support.o)
                0x0200efa0                __libc_lock_acquire
 .text.__libc_lock_release
                0x0200efb8       0x18 /opt/devkitpro/devkitARM/lib/gcc/arm-none-eabi/15.2.0/../../../../arm-none-eabi/lib/thumb/libsysbase.a(libsysbase_libsysbase_a-syscall_support.o)
                0x0200efb8                __libc_lock_release
 .text.__libc_lock_acquire_recursive
                0x0200efd0       0x18 /opt/devkitpro/devkitARM/lib/gcc/arm-none-eabi/15.2.0/../../../../arm-none-eabi/lib/thumb/libsysbase.a(libsysbase_libsysbase_a-syscall_support.o)
                0x0200efd0                __libc_lock_acquire_recursive
 .text.__libc_lock_release_recursive
                0x0200efe8       0x18 /opt/devkitpro/devkitARM/lib/gcc/arm-none-eabi/15.2.0/../../../../arm-none-eabi/lib/thumb/libsysbase.a(libsysbase_libsysbase_a-syscall_support.o)
                0x0200efe8                __libc_lock_release_recursive
 .text.__libc_cond_broadcast
                0x0200f000       0x1c /opt/devkitpro/devkitARM/lib/gcc/arm-none-eabi/15.2.0/../../../../arm-none-eabi/lib/thumb/libsysbase.a(libsysbase_libsysbase_a-syscall_support.o)
                0x0200f000                __libc_cond_broadcast
 .text.__libc_cond_wait
                0x0200f01c       0x20 /opt/devkitpro/devkitARM/lib/gcc/arm-none-eabi/15.2.0/../../../../arm-none-eabi/lib/thumb/libsysbase.a(libsysbase_libsysbase_a-syscall_support.o)
                0x0200f01c                __libc_cond_wait
 .text.__libc_cond_wait_recursive
                0x0200f03c       0x20 /opt/devkitpro/devkitARM/lib/gcc/arm-none-eabi/15.2.0/../../../../arm-none-eabi/lib/thumb/libsysbase.a(libsysbase_libsysbase_a-syscall_support.o)
                0x0200f03c                __libc_cond_wait_recursive
 .text._write_r
                0x0200f05c       0x5c /opt/devkitpro/devkitARM/lib/gcc/arm-none-eabi/15.2.0/../../../../arm-none-eabi/lib/thumb/libsysbase.a(libsysbase_libsysbase_a-write.o)
                0x0200f05c                _write_r
 .text          0x0200f0b8       0x14 /opt/devkitpro/devkitARM/lib/gcc/arm-none-eabi/15.2.0/thumb/libgcc.a(_thumb1_case_uqi.o)
                0x0200f0b8                __gnu_thumb1_case_uqi
 .text          0x0200f0cc       0x14 /opt/devkitpro/devkitARM/lib/gcc/arm-none-eabi/15.2.0/thumb/libgcc.a(_thumb1_case_uhi.o)
                0x0200f0cc                __gnu_thumb1_case_uhi
 .text          0x0200f0e0      0x11c /opt/devkitpro/devkitARM/lib/gcc/arm-none-eabi/15.2.0/thumb/libgcc.a(_udivsi3.o)
                0x0200f0e0                __udivsi3
                0x0200f0e0                __aeabi_uidiv
                0x0200f1dc                __aeabi_uidivmod
 .text.__muldi3
                0x0200f1fc       0x58 /opt/devkitpro/devkitARM/lib/gcc/arm-none-eabi/15.2.0/thumb/libgcc.a(_muldi3.o)
                0x0200f1fc                __aeabi_lmul
                0x0200f1fc                __muldi3
 EXCLUDE_FILE(*.twl.*) *(.glue_7t .glue_7 .vfp11_veneer .v4_bx)
 .glue_7        0x0200f254        0x0 linker stubs
 .glue_7t       0x0200f254        0x0 linker stubs
 .vfp11_veneer  0x0200f254        0x0 linker stubs
 .v4_bx         0x0200f254        0x0 linker stubs
 *(SORT_NONE(.fini))
 .fini          0x0200f254        0x4 /opt/devkitpro/devkitARM/lib/gcc/arm-none-eabi/15.2.0/thumb/crti.o
                0x0200f254                _fini
 .fini          0x0200f258        0x8 /opt/devkitpro/devkitARM/lib/gcc/arm-none-eabi/15.2.0/thumb/crtn.o
 .fini.__stub   0x0200f260       0x10 linker stubs
 EXCLUDE_FILE(*.twl.*) *(.rodata .rodata.* .gnu.linkonce.r.*)
 .rodata.soundbank_bin
                0x0200f270   0x1657b4 soundbank.bin.o
                0x0200f270                soundbank_bin
                0x02174a24                soundbank_bin_end
 .rodata._ZTV6Cactus
                0x02174a24       0x10 Cactus.o
                0x02174a24                _ZTV6Cactus
 .rodata        0x02174a34        0xc Cactus.o
 .rodata        0x02174a40        0xc Dino.o
 .rodata._ZN11GameManager8GameOverEP4Dino.str1.4
                0x02174a4c      0x1ec GameManager.o
                                 0x52 (size before relaxing)
 .rodata._ZN11GameManager5ResetEv.str1.4
                0x02174c38        0x0 GameManager.o
                                  0x5 (size before relaxing)
 .rodata        0x02174c38        0xc main.o
 .rodata._ZTV16ScrollingElement
                0x02174c44       0x10 ScrollingElement.o
                0x02174c44                _ZTV16ScrollingElement
 .rodata.bg_testPal
                0x02174c54      0x200 bg_test.o
                0x02174c54                bg_testPal
 .rodata.bg_testMap
                0x02174e54     0x1000 bg_test.o
                0x02174e54                bg_testMap
 .rodata.bg_testTiles
                0x02175e54      0xa00 bg_test.o
                0x02175e54                bg_testTiles
 .rodata.CactiPal
                0x02176854      0x200 Cacti.o
                0x02176854                CactiPal
 .rodata.CactiTiles
                0x02176a54     0x6000 Cacti.o
                0x02176a54                CactiTiles
 .rodata.Dino_WalkPal
                0x0217ca54      0x200 Dino_Walk.o
                0x0217ca54                Dino_WalkPal
 .rodata.Dino_WalkTiles
                0x0217cc54     0x6000 Dino_Walk.o
                0x0217cc54                Dino_WalkTiles
 .rodata.con_write.str1.4
                0x02182c54        0x0 /opt/devkitpro/libnds/lib/libnds9.a(console.o)
                                 0x30 (size before relaxing)
 .rodata.con_write
                0x02182c54       0xd4 /opt/devkitpro/libnds/lib/libnds9.a(console.o)
 .rodata.str1.4
                0x02182d28        0x0 /opt/devkitpro/libnds/lib/libnds9.a(console.o)
                                 0x14 (size before relaxing)
 .rodata.dotab_stdout
                0x02182d28       0x80 /opt/devkitpro/libnds/lib/libnds9.a(console.o)
 .rodata.SIN_LUT
                0x02182da8      0x102 /opt/devkitpro/libnds/lib/libnds9.a(trig.o)
                0x02182da8                SIN_LUT
 *fill*         0x02182eaa        0x2 ff
 .rodata.default_font_bin
                0x02182eac      0x800 /opt/devkitpro/libnds/lib/libnds9.a(default_font.bin.o)
                0x02182eac                default_font_bin
                0x021836ac                default_font_bin_end
 .rodata._ZNKSt9bad_alloc4whatEv.str1.4
                0x021836ac        0x0 /opt/devkitpro/devkitARM/lib/gcc/arm-none-eabi/15.2.0/../../../../arm-none-eabi/lib/thumb/libstdc++.a(bad_alloc.o)
                                  0xf (size before relaxing)
 .rodata._ZTSSt9bad_alloc
                0x021836ac        0xd /opt/devkitpro/devkitARM/lib/gcc/arm-none-eabi/15.2.0/../../../../arm-none-eabi/lib/thumb/libstdc++.a(bad_alloc.o)
                0x021836ac                _ZTSSt9bad_alloc
 *fill*         0x021836b9        0x3 ff
 .rodata._ZTISt9bad_alloc
                0x021836bc        0xc /opt/devkitpro/devkitARM/lib/gcc/arm-none-eabi/15.2.0/../../../../arm-none-eabi/lib/thumb/libstdc++.a(bad_alloc.o)
                0x021836bc                _ZTISt9bad_alloc
 .rodata._ZTVSt9bad_alloc
                0x021836c8       0x14 /opt/devkitpro/devkitARM/lib/gcc/arm-none-eabi/15.2.0/../../../../arm-none-eabi/lib/thumb/libstdc++.a(bad_alloc.o)
                0x021836c8                _ZTVSt9bad_alloc
 .rodata._ZNK9__gnu_cxx24__concurrence_lock_error4whatEv.str1.4
                0x021836dc        0x0 /opt/devkitpro/devkitARM/lib/gcc/arm-none-eabi/15.2.0/../../../../arm-none-eabi/lib/thumb/libstdc++.a(eh_alloc.o)
                                 0x24 (size before relaxing)
 .rodata._ZNK9__gnu_cxx26__concurrence_unlock_error4whatEv.str1.4
                0x021836dc        0x0 /opt/devkitpro/devkitARM/lib/gcc/arm-none-eabi/15.2.0/../../../../arm-none-eabi/lib/thumb/libstdc++.a(eh_alloc.o)
                                 0x26 (size before relaxing)
 .rodata._GLOBAL__sub_I__ZN9__gnu_cxx9__freeresEv.str1.4
                0x021836dc        0x0 /opt/devkitpro/devkitARM/lib/gcc/arm-none-eabi/15.2.0/../../../../arm-none-eabi/lib/thumb/libstdc++.a(eh_alloc.o)
                                 0x3c (size before relaxing)
 .rodata._ZTSN9__gnu_cxx24__concurrence_lock_errorE
                0x021836dc       0x27 /opt/devkitpro/devkitARM/lib/gcc/arm-none-eabi/15.2.0/../../../../arm-none-eabi/lib/thumb/libstdc++.a(eh_alloc.o)
                0x021836dc                _ZTSN9__gnu_cxx24__concurrence_lock_errorE
 *fill*         0x02183703        0x1 ff
 .rodata._ZTIN9__gnu_cxx24__concurrence_lock_errorE
                0x02183704        0xc /opt/devkitpro/devkitARM/lib/gcc/arm-none-eabi/15.2.0/../../../../arm-none-eabi/lib/thumb/libstdc++.a(eh_alloc.o)
                0x02183704                _ZTIN9__gnu_cxx24__concurrence_lock_errorE
 .rodata._ZTSN9__gnu_cxx26__concurrence_unlock_errorE
                0x02183710       0x29 /opt/devkitpro/devkitARM/lib/gcc/arm-none-eabi/15.2.0/../../../../arm-none-eabi/lib/thumb/libstdc++.a(eh_alloc.o)
                0x02183710                _ZTSN9__gnu_cxx26__concurrence_unlock_errorE
 *fill*         0x02183739        0x3 ff
 .rodata._ZTIN9__gnu_cxx26__concurrence_unlock_errorE