Archive member included to satisfy reference by file (symbol)

/opt/devkitpro/libnds/lib/libnds9.a(background.o)
                              main.o (bgUpdate)
/opt/devkitpro/libnds/lib/libnds9.a(console.o)
                              main.o (consoleDemoInit)
/opt/devkitpro/libnds/lib/libnds9.a(keys.o)
                              main.o (scanKeys)
/opt/devkitpro/libnds/lib/libnds9.a(sprite_alloc.o)
                              Dino.o (oamAllocateGfx)
/opt/devkitpro/libnds/lib/libnds9.a(sprite.o)
                              main.o (oamInit)
/opt/devkitpro/libnds/lib/libnds9.a(trig.o)
                              /opt/devkitpro/libnds/lib/libnds9.a(background.o) (sinLerp)
/opt/devkitpro/libnds/lib/libnds9.a(default_font.bin.o)
                              /opt/devkitpro/libnds/lib/libnds9.a(console.o) (default_font_bin)
/opt/devkitpro/calico/lib/libcalico_ds9.a(thread_cold.o)
                              main.o (threadIrqWait)
/opt/devkitpro/calico/lib/libcalico_ds9.a(thread_hot.32.o)
                              /opt/devkitpro/calico/lib/libcalico_ds9.a(thread_cold.o) (threadSwitchTo)
/opt/devkitpro/calico/lib/libcalico_ds9.a(mutex.o)
                              /opt/devkitpro/calico/lib/libcalico_ds9.a(thread_cold.o) (threadUpdateDynamicPrio)
/opt/devkitpro/calico/lib/libcalico_ds9.a(arm-copy-fill.32.o)
                              /opt/devkitpro/calico/lib/libcalico_ds9.a(thread_cold.o) (armCopyMem32)
/opt/devkitpro/calico/lib/libcalico_ds9.a(arm-context.32.o)
                              /opt/devkitpro/calico/lib/libcalico_ds9.a(thread_hot.32.o) (armContextSave)
/opt/devkitpro/calico/lib/libcalico_ds9.a(arm-shims.32.o)
                              /opt/devkitpro/calico/lib/libcalico_ds9.a(thread_cold.o) (armWaitForIrq)
/opt/devkitpro/calico/lib/libcalico_ds9.a(arm-cache.32.o)
                              /opt/devkitpro/libnds/lib/libnds9.a(sprite.o) (armDCacheFlush)
/opt/devkitpro/calico/lib/libcalico_ds9.a(keypad.o)
                              /opt/devkitpro/libnds/lib/libnds9.a(keys.o) (keypadGetState)
/opt/devkitpro/calico/lib/libcalico_ds9.a(bootstub_arm9.o)
                              (__ds9_bootstub)
/opt/devkitpro/calico/lib/libcalico_ds9.a(excpt_handler.32.o)
                              /opt/devkitpro/calico/lib/libcalico_ds9.a(bootstub_arm9.o) (__arm_excpt_rst)
/opt/devkitpro/calico/lib/libcalico_ds9.a(touch.o)
                              /opt/devkitpro/libnds/lib/libnds9.a(keys.o) (touchRead)
/opt/devkitpro/calico/lib/libcalico_ds9.a(tick.o)
                              /opt/devkitpro/calico/lib/libcalico_ds9.a(thread_cold.o) (tickTaskStart)
/opt/devkitpro/calico/lib/libcalico_ds9.a(newlib_syscalls.o)
                              /opt/devkitpro/calico/lib/libcalico_ds9.a(bootstub_arm9.o) (__newlib_syscalls)
/opt/devkitpro/calico/lib/libcalico_ds9.a(startup.crt0.o)
                              /opt/devkitpro/calico/lib/libcalico_ds9.a(bootstub_arm9.o) (crt0Startup)
/opt/devkitpro/calico/lib/libcalico_ds9.a(utils.crt0.o)
                              /opt/devkitpro/calico/lib/libcalico_ds9.a(startup.crt0.o) (crt0CopyMem32)
/opt/devkitpro/calico/lib/libcalico_ds9.a(irq_handler.32.o)
                              /opt/devkitpro/calico/lib/libcalico_ds9.a(bootstub_arm9.o) (__arm_excpt_irq)
/opt/devkitpro/calico/lib/libcalico_ds9.a(pxi.o)
                              /opt/devkitpro/calico/lib/libcalico_ds9.a(startup.crt0.o) (_pxiInit)
/opt/devkitpro/calico/lib/libcalico_ds9.a(mpu_setup.crt0.o)
                              /opt/devkitpro/calico/lib/libcalico_ds9.a(startup.crt0.o) (crt0SetupMPU)
/opt/devkitpro/calico/lib/libcalico_ds9.a(sys_startup.o)
                              /opt/devkitpro/calico/lib/libcalico_ds9.a(startup.crt0.o) (systemStartup)
/opt/devkitpro/calico/lib/libcalico_ds9.a(irq.o)
                              /opt/devkitpro/calico/lib/libcalico_ds9.a(tick.o) (irqSet)
/opt/devkitpro/calico/lib/libcalico_ds9.a(mailbox.o)
                              /opt/devkitpro/calico/lib/libcalico_ds9.a(pxi.o) (mailboxTrySend)
/opt/devkitpro/calico/lib/libcalico_ds9.a(pm.o)
                              /opt/devkitpro/calico/lib/libcalico_ds9.a(sys_startup.o) (pmInit)
/opt/devkitpro/devkitARM/lib/gcc/arm-none-eabi/15.2.0/../../../../arm-none-eabi/lib/thumb/libstdc++.a(new_op.o)
                              GameManager.o (_Znwj)
/opt/devkitpro/devkitARM/lib/gcc/arm-none-eabi/15.2.0/../../../../arm-none-eabi/lib/thumb/libstdc++.a(bad_alloc.o)
                              /opt/devkitpro/devkitARM/lib/gcc/arm-none-eabi/15.2.0/../../../../arm-none-eabi/lib/thumb/libstdc++.a(new_op.o) (_ZTVSt9bad_alloc)
/opt/devkitpro/devkitARM/lib/gcc/arm-none-eabi/15.2.0/../../../../arm-none-eabi/lib/thumb/libstdc++.a(del_ops.o)
                              /opt/devkitpro/devkitARM/lib/gcc/arm-none-eabi/15.2.0/../../../../arm-none-eabi/lib/thumb/libstdc++.a(bad_alloc.o) (_ZdlPvj)
[...]
Memory Configuration

Name             Origin             Length             Attributes
lma9             0x02004000         0x0027c000
lma9i            0x02400000         0x00280000
vectors          0x00000000         0x00000020
itcm             0x01ff8020         0x00007fe0
main             0x02001000         0x00f7f000
dtcm             0x02ff0000         0x00003e80
dldi             0x0380b000         0x00004000
stub             0x0e000000         0x00004000
tls              0x00000000         0x00000400
*default*        0x00000000         0xffffffff

Linker script and memory map

                0x02006788                        __sync_synchronize = __sync_synchronize_none
LOAD /opt/devkitpro/devkitARM/lib/gcc/arm-none-eabi/15.2.0/thumb/crti.o
LOAD /opt/devkitpro/devkitARM/lib/gcc/arm-none-eabi/15.2.0/thumb/crtbegin.o
LOAD BG.o
LOAD Cactus.o
LOAD Dino.o
LOAD GameManager.o
LOAD main.o
LOAD ScrollingElement.o
LOAD SpriteManager.o
LOAD Atlas.o
LOAD bg_test.o
LOAD Cacti.o
LOAD Dino_Walk.o
LOAD Ground.o
LOAD /opt/devkitpro/libnds/lib/libgl2d.a
LOAD /opt/devkitpro/libnds/lib/libnds9.a
LOAD /opt/devkitpro/calico/lib/libcalico_ds9.a
LOAD /opt/devkitpro/devkitARM/lib/gcc/arm-none-eabi/15.2.0/../../../../arm-none-eabi/lib/thumb/libstdc++.a
LOAD /opt/devkitpro/devkitARM/lib/gcc/arm-none-eabi/15.2.0/../../../../arm-none-eabi/lib/thumb/libm.a
START GROUP
LOAD /opt/devkitpro/devkitARM/lib/gcc/arm-none-eabi/15.2.0/thumb/libgcc.a
LOAD /opt/devkitpro/devkitARM/lib/gcc/arm-none-eabi/15.2.0/../../../../arm-none-eabi/lib/thumb/libg.a
LOAD /opt/devkitpro/devkitARM/lib/gcc/arm-none-eabi/15.2.0/../../../../arm-none-eabi/lib/thumb/libc.a
LOAD /opt/devkitpro/devkitARM/lib/gcc/arm-none-eabi/15.2.0/../../../../arm-none-eabi/lib/thumb/libsysbase.a
END GROUP
LOAD /opt/devkitpro/devkitARM/lib/gcc/arm-none-eabi/15.2.0/thumb/crtend.o
LOAD /opt/devkitpro/devkitARM/lib/gcc/arm-none-eabi/15.2.0/thumb/crtn.o
                0x02ff3e80                        PROVIDE (__sp_usr = (ORIGIN (dtcm) + LENGTH (dtcm)))
                0x02ff3f80                        PROVIDE (__sp_irq = (__sp_usr + 0x100))
                0x02ff3fc0                        PROVIDE (__sp_svc = (__sp_irq + 0x40))
                0x02ff3ff8                        PROVIDE (__irq_flags = (__sp_svc + 0x38))
                [!provide]                        PROVIDE (__irq_vector = (__sp_svc + 0x3c))
                [!provide]                        PROVIDE (__arm_excpt_rst = 0xffff0000)
                [!provide]                        PROVIDE (__arm_excpt_und = 0xffff0004)
                0xffff0008                        PROVIDE (__arm_excpt_svc = 0xffff0008)
                [!provide]                        PROVIDE (__arm_excpt_pabt = 0xffff000c)
                [!provide]                        PROVIDE (__arm_excpt_dabt = 0xffff0010)
                [!provide]                        PROVIDE (__arm_excpt_irq = 0xffff0018)
                [!provide]                        PROVIDE (__arm_excpt_fiq = 0xffff001c)
                0x00000000                        PROVIDE (__end__ = 0x0)

.secure         0x0e000000      0x800 load address 0x02004000
                0x0e0007fc                        . = (. + 0x7fc)
 *fill*         0x0e000000      0x7fc 00000000
                0x0e0007fc        0x4 LONG 0x0

.bootstub       0x0e000800      0x198 load address 0x02004800
 *(.bootstub .bootstub.*)
 .bootstub.__ds9_bootstub
                0x0e000800      0x198 /opt/devkitpro/calico/lib/libcalico_ds9.a(bootstub_arm9.o)
                0x0e000800                __ds9_bootstub
                0x0e000998                        . = ALIGN (0x4)

.crt0           0x02001000      0x3c0 load address 0x02004998
 *(.crt0 .crt0.*)
 .crt0.__ds9_bootstub_trampoline
                0x02001000       0x60 /opt/devkitpro/calico/lib/libcalico_ds9.a(bootstub_arm9.o)
 *.crt0.*(.text .stub .text.* .gnu.linkonce.t.*)
 .text.crt0ProcessLoadList
                0x02001060       0x74 /opt/devkitpro/calico/lib/libcalico_ds9.a(startup.crt0.o)
                0x02001060                crt0ProcessLoadList
 .text.crt0Startup
                0x020010d4      0x180 /opt/devkitpro/calico/lib/libcalico_ds9.a(startup.crt0.o)
                0x020010d4                crt0Startup
 .text.crt0CopyMem32
                0x02001254       0x4c /opt/devkitpro/calico/lib/libcalico_ds9.a(utils.crt0.o)
                0x02001254                crt0CopyMem32
 .text.crt0FillMem32
                0x020012a0       0x58 /opt/devkitpro/calico/lib/libcalico_ds9.a(utils.crt0.o)
                0x020012a0                crt0FillMem32
 .text.crt0SetupMPU
                0x020012f8       0xb4 /opt/devkitpro/calico/lib/libcalico_ds9.a(mpu_setup.crt0.o)
                0x020012f8                crt0SetupMPU
 *.crt0.*(.glue_7t .glue_7 .vfp11_veneer .v4_bx)
 *.crt0.*(.rodata .rodata.* .gnu.linkonce.r.*)
 *.crt0.*(.rodata1)
                0x020013c0                        . = ALIGN (0x20)
 *fill*         0x020013ac       0x14 ff
                0x02004998                        PROVIDE (__crt0_lma = LOADADDR (.crt0))
                0x02001000                        PROVIDE (__crt0_start = ADDR (.crt0))
                0x020013c0                        PROVIDE (__crt0_end = (ADDR (.crt0) + SIZEOF (.crt0)))
                0x00000001                        ASSERT (((__crt0_end <= LOADADDR (.bootstub)) || (__crt0_start >= (LOADADDR (.bootstub) + SIZEOF (.bootstub)))), Error: crt0 section overlaps initial bootstrap)

.dldi           0x0380b000        0x0 load address 0x02004d58
 *(.dldi)
                0x00000000                        PROVIDE (__dldi_lma = SIZEOF (.dldi)?LOADADDR (.dldi):0x0)

.vectors        0x00000000       0x20 load address 0x02004d58
 *(.vectors)
 .vectors       0x00000000       0x20 /opt/devkitpro/calico/lib/libcalico_ds9.a(bootstub_arm9.o)

.itcm           0x01ff8020      0x660 load address 0x02004d78
 *(.itcm .itcm.*)
 .itcm          0x01ff8020       0x30 /opt/devkitpro/calico/lib/libcalico_ds9.a(bootstub_arm9.o)
                0x01ff8038                __excpt_vectors
 *.itcm.*(.text .stub .text.* .gnu.linkonce.t.*)
 *.32.o(.text .stub .text.* .gnu.linkonce.t.*)
 .text.threadSwitchTo
                0x01ff8050       0x7c /opt/devkitpro/calico/lib/libcalico_ds9.a(thread_hot.32.o)
                0x01ff8050                threadSwitchTo
 .text.threadBlock
                0x01ff80cc       0xd4 /opt/devkitpro/calico/lib/libcalico_ds9.a(thread_hot.32.o)
                0x01ff80cc                threadBlock
 .text.threadUnblockOneByValue
                0x01ff81a0       0xd4 /opt/devkitpro/calico/lib/libcalico_ds9.a(thread_hot.32.o)
                0x01ff81a0                threadUnblockOneByValue
 .text.threadUnblockAllByValue
                0x01ff8274      0x138 /opt/devkitpro/calico/lib/libcalico_ds9.a(thread_hot.32.o)
                0x01ff8274                threadUnblockAllByValue
 .text.threadUnblockAllByMask
                0x01ff83ac       0xf0 /opt/devkitpro/calico/lib/libcalico_ds9.a(thread_hot.32.o)
                0x01ff83ac                threadUnblockAllByMask
 .text.armContextSave
                0x01ff849c       0x2c /opt/devkitpro/calico/lib/libcalico_ds9.a(arm-context.32.o)
                0x01ff849c                armContextSave
 .text.armContextLoad
                0x01ff84c8       0x20 /opt/devkitpro/calico/lib/libcalico_ds9.a(arm-context.32.o)
                0x01ff84c8                armContextLoad
                0x01ff84cc                armContextLoadFromSvc
 .text.armWaitForIrq
                0x01ff84e8        0x8 /opt/devkitpro/calico/lib/libcalico_ds9.a(arm-shims.32.o)
                0x01ff84e8                armWaitForIrq
 .text.armDrainWriteBuffer
                0x01ff84f0        0xc /opt/devkitpro/calico/lib/libcalico_ds9.a(arm-cache.32.o)
                0x01ff84f0                armDrainWriteBuffer
 .text.armDCacheFlushAll
                0x01ff84fc       0x28 /opt/devkitpro/calico/lib/libcalico_ds9.a(arm-cache.32.o)
                0x01ff84fc                armDCacheFlushAll
 .text.armDCacheFlush
                0x01ff8524       0x1c /opt/devkitpro/calico/lib/libcalico_ds9.a(arm-cache.32.o)
                0x01ff8524                armDCacheFlush
 .text.armICacheInvalidateAll
                0x01ff8540        0xc /opt/devkitpro/calico/lib/libcalico_ds9.a(arm-cache.32.o)
                0x01ff8540                armICacheInvalidateAll
 .text.__excpt_entry
                0x01ff854c       0x50 /opt/devkitpro/calico/lib/libcalico_ds9.a(excpt_handler.32.o)
                0x01ff854c                __arm_excpt_rst
                0x01ff8550                __arm_excpt_pabt
                0x01ff8554                __arm_excpt_und
                0x01ff8560                __arm_excpt_dabt
 .text.__arm_excpt_irq
                0x01ff859c       0xe4 /opt/devkitpro/calico/lib/libcalico_ds9.a(irq_handler.32.o)
                0x01ff859c                __arm_excpt_irq
 *.itcm.*(.glue_7t .glue_7 .vfp11_veneer .v4_bx)
 *.32.o(.glue_7t .glue_7 .vfp11_veneer .v4_bx)
 *.itcm.*(.rodata .rodata.* .gnu.linkonce.r.*)
 *.32.o(.rodata .rodata.* .gnu.linkonce.r.*)
 *.itcm.*(.rodata1)
 *.32.o(.rodata1)
                0x01ff8680                        . = ALIGN (0x4)
                0x02004d58                        PROVIDE (__itcm_lma = LOADADDR (.vectors))
                0x01ff8000                        PROVIDE (__itcm_start = (ADDR (.itcm) - SIZEOF (.vectors)))
                0x01ff8680                        PROVIDE (__itcm_end = (ADDR (.itcm) + SIZEOF (.itcm)))
                0x00000001                        ASSERT (((__itcm_lma + SIZEOF (.vectors)) == LOADADDR (.itcm)), Error: gap between vectors and itcm)

.dtcm           0x02ff0000        0x0 load address 0x020053d8
 *(.dtcm .dtcm.*)
 *.32.o(.data .data.* .gnu.linkonce.d.*)
 *.32.o(.data1)
                0x02ff0000                        . = ALIGN (0x4)
                [!provide]                        PROVIDE (__dtcm_lma = LOADADDR (.dtcm))
                0x02ff0000                        PROVIDE (__dtcm_start = ADDR (.dtcm))
                0x02ff0000                        PROVIDE (__dtcm_end = (ADDR (.dtcm) + SIZEOF (.dtcm)))

.dtcm.bss       0x02ff0000       0x98 load address 0x020053d8
 *(.sbss .sbss.*)
 *.32.o(.dynbss)
 *.32.o(.bss .bss.* .gnu.linkonce.b.*)
 .bss.__irq_table
                0x02ff0000       0x80 /opt/devkitpro/calico/lib/libcalico_ds9.a(thread_hot.32.o)
                0x02ff0000                __irq_table
 .bss.__sched_state
                0x02ff0080       0x18 /opt/devkitpro/calico/lib/libcalico_ds9.a(thread_hot.32.o)
                0x02ff0080                __sched_state
 *.32.o(COMMON)
                0x02ff0098                        . = ALIGN (0x4)
                [!provide]                        PROVIDE (__dtcm_bss_start = ADDR (.dtcm.bss))
                0x02ff0098                        PROVIDE (__dtcm_bss_end = (ADDR (.dtcm.bss) + SIZEOF (.dtcm.bss)))

.main           0x020013c0    0x2038c load address 0x020053d8
 *(SORT_NONE(.init))
 .init          0x020013c0        0x4 /opt/devkitpro/devkitARM/lib/gcc/arm-none-eabi/15.2.0/thumb/crti.o
                0x020013c0                _init
 .init          0x020013c4        0x8 /opt/devkitpro/devkitARM/lib/gcc/arm-none-eabi/15.2.0/thumb/crtn.o
 EXCLUDE_FILE(*.twl.*) *(.text.unlikely .text.*_unlikely .text.unlikely.*)
 .text.unlikely._ZN9__gnu_cxx30__throw_concurrence_lock_errorEv
                0x020013cc       0x20 /opt/devkitpro/devkitARM/lib/gcc/arm-none-eabi/15.2.0/../../../../arm-none-eabi/lib/thumb/libstdc++.a(eh_alloc.o)
                0x020013cc                _ZN9__gnu_cxx30__throw_concurrence_lock_errorEv
 .text.unlikely._ZN9__gnu_cxx32__throw_concurrence_unlock_errorEv
                0x020013ec       0x20 /opt/devkitpro/devkitARM/lib/gcc/arm-none-eabi/15.2.0/../../../../arm-none-eabi/lib/thumb/libstdc++.a(eh_alloc.o)
                0x020013ec                _ZN9__gnu_cxx32__throw_concurrence_unlock_errorEv
 .text.unlikely._ZSt9terminatev
                0x0200140c        0xa /opt/devkitpro/devkitARM/lib/gcc/arm-none-eabi/15.2.0/../../../../arm-none-eabi/lib/thumb/libstdc++.a(eh_terminate.o)
                0x0200140c                _ZSt9terminatev
 .text.unlikely._ZSt10unexpectedv
                0x02001416        0xa /opt/devkitpro/devkitARM/lib/gcc/arm-none-eabi/15.2.0/../../../../arm-none-eabi/lib/thumb/libstdc++.a(eh_terminate.o)
                0x02001416                _ZSt10unexpectedv
 .text.unlikely._ZN10__cxxabiv1L24__is_gxx_exception_classEPc
                0x02001420       0x38 /opt/devkitpro/devkitARM/lib/gcc/arm-none-eabi/15.2.0/../../../../arm-none-eabi/lib/thumb/libstdc++.a(eh_call.o)
 .text.unlikely.__cxa_call_terminate
                0x02001458       0x20 /opt/devkitpro/devkitARM/lib/gcc/arm-none-eabi/15.2.0/../../../../arm-none-eabi/lib/thumb/libstdc++.a(eh_call.o)
                0x02001458                __cxa_call_terminate
 .text.unlikely.__cxa_call_unexpected
                0x02001478       0xfc /opt/devkitpro/devkitARM/lib/gcc/arm-none-eabi/15.2.0/../../../../arm-none-eabi/lib/thumb/libstdc++.a(eh_call.o)
                0x02001478                __cxa_call_unexpected
 .text.unlikely._ZN9__gnu_cxx35__throw_concurrence_broadcast_errorEv
                0x02001574       0x20 /opt/devkitpro/devkitARM/lib/gcc/arm-none-eabi/15.2.0/../../../../arm-none-eabi/lib/thumb/libstdc++.a(guard.o)
                0x02001574                _ZN9__gnu_cxx35__throw_concurrence_broadcast_errorEv
 .text.unlikely._Unwind_GetDataRelBase
                0x02001594        0x6 /opt/devkitpro/devkitARM/lib/gcc/arm-none-eabi/15.2.0/thumb/libgcc.a(pr-support.o)
                0x02001594                _Unwind_GetDataRelBase
 .text.unlikely._Unwind_GetTextRelBase
                0x0200159a        0x6 /opt/devkitpro/devkitARM/lib/gcc/arm-none-eabi/15.2.0/thumb/libgcc.a(pr-support.o)
                0x0200159a                _Unwind_GetTextRelBase
 EXCLUDE_FILE(*.twl.*) *(.text.exit .text.exit.*)
 .text.exit._GLOBAL__sub_D__ZN9__gnu_cxx9__freeresEv
                0x020015a0       0x18 /opt/devkitpro/devkitARM/lib/gcc/arm-none-eabi/15.2.0/../../../../arm-none-eabi/lib/thumb/libstdc++.a(eh_alloc.o)
 .text.exit._GLOBAL__sub_D__ZN17__eh_globals_init7_S_initE
                0x020015b8       0x28 /opt/devkitpro/devkitARM/lib/gcc/arm-none-eabi/15.2.0/../../../../arm-none-eabi/lib/thumb/libstdc++.a(eh_globals.o)
 .text.exit     0x020015e0       0x24 /opt/devkitpro/devkitARM/lib/gcc/arm-none-eabi/15.2.0/../../../../arm-none-eabi/lib/thumb/libg.a(libc_a-exit.o)
                0x020015e0                exit
 EXCLUDE_FILE(*.twl.*) *(.text.startup .text.startup.*)
 .text.startup.main
                0x02001604      0x108 main.o
                0x02001604                main
 .text.startup._GLOBAL__sub_I__ZN9__gnu_cxx9__freeresEv
                0x0200170c      0x11c /opt/devkitpro/devkitARM/lib/gcc/arm-none-eabi/15.2.0/../../../../arm-none-eabi/lib/thumb/libstdc++.a(eh_alloc.o)
 .text.startup._GLOBAL__sub_I__ZN10__cxxabiv111__terminateEPFvvE
                0x02001828       0x10 /opt/devkitpro/devkitARM/lib/gcc/arm-none-eabi/15.2.0/../../../../arm-none-eabi/lib/thumb/libstdc++.a(eh_terminate.o)
 .text.startup._GLOBAL__sub_I__ZSt7nothrow
                0x02001838       0x10 /opt/devkitpro/devkitARM/lib/gcc/arm-none-eabi/15.2.0/../../../../arm-none-eabi/lib/thumb/libstdc++.a(new_handler.o)
 .text.startup._GLOBAL__sub_I__ZN17__eh_globals_init7_S_initE
                0x02001848       0x24 /opt/devkitpro/devkitARM/lib/gcc/arm-none-eabi/15.2.0/../../../../arm-none-eabi/lib/thumb/libstdc++.a(eh_globals.o)
 EXCLUDE_FILE(*.twl.*) *(.text.hot .text.hot.*)
 EXCLUDE_FILE(*.twl.*) *(.text .iplt .stub .text.* .gnu.linkonce.t.*)
 .text.__do_global_dtors_aux
                0x0200186c       0x2c /opt/devkitpro/devkitARM/lib/gcc/arm-none-eabi/15.2.0/thumb/crtbegin.o
 .text.frame_dummy
                0x02001898       0x24 /opt/devkitpro/devkitARM/lib/gcc/arm-none-eabi/15.2.0/thumb/crtbegin.o
 .iplt          0x020018bc        0x0 /opt/devkitpro/devkitARM/lib/gcc/arm-none-eabi/15.2.0/thumb/crtbegin.o
 .text._ZN6Cactus7OnResetEv
                0x020018bc       0x20 Cactus.o
                0x020018bc                _ZN6Cactus7OnResetEv
 .text._ZN6CactusC2EP8OamStateP4Dino
                0x020018dc       0x98 Cactus.o
                0x020018dc                _ZN6CactusC1EP8OamStateP4Dino
                0x020018dc                _ZN6CactusC2EP8OamStateP4Dino
 .text._ZN6Cactus18CalculateCollisionEv
                0x02001974       0x34 Cactus.o
                0x02001974                _ZN6Cactus18CalculateCollisionEv
 .text._ZN6Cactus6UpdateEv
                0x020019a8       0x5c Cactus.o
                0x020019a8                _ZN6Cactus6UpdateEv
 .text._ZN4DinoC2EP8OamStateii
                0x02001a04       0xec Dino.o
                0x02001a04                _ZN4DinoC2EP8OamStateii
                0x02001a04                _ZN4DinoC1EP8OamStateii
 .text._ZN4Dino7AnimateEv
                0x02001af0       0x6c Dino.o
                0x02001af0                _ZN4Dino7AnimateEv
 .text._ZN4Dino6UpdateEi
                0x02001b5c       0xb4 Dino.o
                0x02001b5c                _ZN4Dino6UpdateEi
 .text._ZN11GameManager6CreateEP4DinoS1_P6CactusS3_
                0x02001c10       0x44 GameManager.o
                0x02001c10                _ZN11GameManager6CreateEP4DinoS1_P6CactusS3_
 .text._ZN11GameManager11getInstanceEv
                0x02001c54        0xc GameManager.o
                0x02001c54                _ZN11GameManager11getInstanceEv
 .text._ZN11GameManager14IncrementSpeedEv
                0x02001c60       0x14 GameManager.o
                0x02001c60                _ZN11GameManager14IncrementSpeedEv
 .text._ZN11GameManager8GameOverEP4Dino
                0x02001c74       0x4c GameManager.o
                0x02001c74                _ZN11GameManager8GameOverEP4Dino
 .text._ZN11GameManager6UpdateEi
                0x02001cc0       0x2c GameManager.o
                0x02001cc0                _ZN11GameManager6UpdateEi
 .text._Z11InitScreensv
                0x02001cec      0x2ac main.o
                0x02001cec                _Z11InitScreensv
 .text._ZN16ScrollingElement6UpdateEv
                0x02001f98       0x64 ScrollingElement.o
                0x02001f98                _ZN16ScrollingElement6UpdateEv
 .text._ZN16ScrollingElementC2EP8OamState10SpriteSize17SpriteColorFormati
                0x02001ffc       0x6c ScrollingElement.o
                0x02001ffc                _ZN16ScrollingElementC1EP8OamState10SpriteSize17SpriteColorFormati
                0x02001ffc                _ZN16ScrollingElementC2EP8OamState10SpriteSize17SpriteColorFormati
 .text._ZN13SpriteManager20CreateUniqueSpriteIDEP8OamState
                0x02002068       0x28 SpriteManager.o
                0x02002068                _ZN13SpriteManager20CreateUniqueSpriteIDEP8OamState
 .text.checkIfText
                0x02002090       0x6c /opt/devkitpro/libnds/lib/libnds9.a(background.o)
                0x02002090                checkIfText
 .text.bgUpdate
                0x020020fc       0xe8 /opt/devkitpro/libnds/lib/libnds9.a(background.o)
                0x020020fc                bgUpdate
 .text.bgInit_call
                0x020021e4       0xa8 /opt/devkitpro/libnds/lib/libnds9.a(background.o)
                0x020021e4                bgInit_call
 .text.bgInitSub_call
                0x0200228c       0xb0 /opt/devkitpro/libnds/lib/libnds9.a(background.o)
                0x0200228c                bgInitSub_call
 .text.newRow   0x0200233c       0xe8 /opt/devkitpro/libnds/lib/libnds9.a(console.o)
 .text.consolePrintChar
                0x02002424       0xe0 /opt/devkitpro/libnds/lib/libnds9.a(console.o)
                0x02002424                consolePrintChar
 .text.con_write
                0x02002504      0x34c /opt/devkitpro/libnds/lib/libnds9.a(console.o)
                0x02002504                con_write
 .text.consoleLoadFont
                0x02002850      0x2e4 /opt/devkitpro/libnds/lib/libnds9.a(console.o)
                0x02002850                consoleLoadFont
 .text.consoleInit
                0x02002b34      0x170 /opt/devkitpro/libnds/lib/libnds9.a(console.o)
                0x02002b34                consoleInit
 .text.consoleDemoInit
                0x02002ca4       0x40 /opt/devkitpro/libnds/lib/libnds9.a(console.o)
                0x02002ca4                consoleDemoInit
 .text.scanKeys
                0x02002ce4       0x6c /opt/devkitpro/libnds/lib/libnds9.a(keys.o)
                0x02002ce4                scanKeys
 .text.keysHeld
                0x02002d50        0xc /opt/devkitpro/libnds/lib/libnds9.a(keys.o)
                0x02002d50                keysHeld
 .text.oamAllocReset
                0x02002d5c       0x1c /opt/devkitpro/libnds/lib/libnds9.a(sprite_alloc.o)
                0x02002d5c                oamAllocReset
 .text.oamAllocateGfx
                0x02002d78      0x578 /opt/devkitpro/libnds/lib/libnds9.a(sprite_alloc.o)
                0x02002d78                oamAllocateGfx
 .text.oamInit  0x020032f0      0x124 /opt/devkitpro/libnds/lib/libnds9.a(sprite.o)
                0x020032f0                oamInit
 .text.oamGetGfxPtr
                0x02003414       0x34 /opt/devkitpro/libnds/lib/libnds9.a(sprite.o)
                0x02003414                oamGetGfxPtr
 .text.oamGfxPtrToOffset
                0x02003448       0x34 /opt/devkitpro/libnds/lib/libnds9.a(sprite.o)
                0x02003448                oamGfxPtrToOffset
 .text.oamSet   0x0200347c      0x100 /opt/devkitpro/libnds/lib/libnds9.a(sprite.o)
                0x0200347c                oamSet
 .text.oamUpdate
                0x0200357c       0x6c /opt/devkitpro/libnds/lib/libnds9.a(sprite.o)
                0x0200357c                oamUpdate
 .text.sinLutLookup
                0x020035e8       0x4c /opt/devkitpro/libnds/lib/libnds9.a(trig.o)
                0x020035e8                sinLutLookup
 .text.sinLerp  0x02003634       0x38 /opt/devkitpro/libnds/lib/libnds9.a(trig.o)
                0x02003634                sinLerp
 .text.cosLerp  0x0200366c       0x44 /opt/devkitpro/libnds/lib/libnds9.a(trig.o)
                0x0200366c                cosLerp
 .text._threadTickTask
                0x020036b0       0x10 /opt/devkitpro/calico/lib/libcalico_ds9.a(thread_cold.o)
 .text.threadExit
                0x020036c0       0xa0 /opt/devkitpro/calico/lib/libcalico_ds9.a(thread_cold.o)
                0x020036c0                threadExit
 .text._threadInit
                0x02003760       0x98 /opt/devkitpro/calico/lib/libcalico_ds9.a(thread_cold.o)
                0x02003760                _threadInit
 .text.threadPrepare
                0x020037f8      0x134 /opt/devkitpro/calico/lib/libcalico_ds9.a(thread_cold.o)
                0x020037f8                threadPrepare
 .text.threadStart
                0x0200392c       0x94 /opt/devkitpro/calico/lib/libcalico_ds9.a(thread_cold.o)
                0x0200392c                threadStart
 .text.threadIrqWait
                0x020039c0       0xa4 /opt/devkitpro/calico/lib/libcalico_ds9.a(thread_cold.o)
                0x020039c0                threadIrqWait
 .text.threadSleepTicks
                0x02003a64       0x58 /opt/devkitpro/calico/lib/libcalico_ds9.a(thread_cold.o)
                0x02003a64                threadSleepTicks
 .text.threadUpdateDynamicPrio
                0x02003abc      0x1d4 /opt/devkitpro/calico/lib/libcalico_ds9.a(mutex.o)
                0x02003abc                threadUpdateDynamicPrio
 .text.threadRemoveWaiter
                0x02003c90      0x148 /opt/devkitpro/calico/lib/libcalico_ds9.a(mutex.o)
 .text.mutexLock
                0x02003dd8      0x138 /opt/devkitpro/calico/lib/libcalico_ds9.a(mutex.o)
                0x02003dd8                mutexLock
 .text.mutexUnlock
                0x02003f10       0xbc /opt/devkitpro/calico/lib/libcalico_ds9.a(mutex.o)
                0x02003f10                mutexUnlock
 .text.condvarBroadcast
                0x02003fcc       0x10 /opt/devkitpro/calico/lib/libcalico_ds9.a(mutex.o)
                0x02003fcc                condvarBroadcast
 .text.condvarWait
                0x02003fdc       0x84 /opt/devkitpro/calico/lib/libcalico_ds9.a(mutex.o)
                0x02003fdc                condvarWait
 .text.keypadGetState
                0x02004060       0x28 /opt/devkitpro/calico/lib/libcalico_ds9.a(keypad.o)
                0x02004060                keypadGetState
 .text.touchRead
                0x02004088       0x58 /opt/devkitpro/calico/lib/libcalico_ds9.a(touch.o)
                0x02004088                touchRead
 .text._tickCountIsr
                0x020040e0       0x1c /opt/devkitpro/calico/lib/libcalico_ds9.a(tick.o)
 .text._tickTaskSchedule.part.0.isra.0
                0x020040fc       0x84 /opt/devkitpro/calico/lib/libcalico_ds9.a(tick.o)
 .text.tickInit
                0x02004180       0xa0 /opt/devkitpro/calico/lib/libcalico_ds9.a(tick.o)
                0x02004180                tickInit
 .text.tickGetCount
                0x02004220       0x5c /opt/devkitpro/calico/lib/libcalico_ds9.a(tick.o)
                0x02004220                tickGetCount
 .text._tickTaskIsr
                0x0200427c      0x110 /opt/devkitpro/calico/lib/libcalico_ds9.a(tick.o)
 .text.tickTaskStart
                0x0200438c      0x144 /opt/devkitpro/calico/lib/libcalico_ds9.a(tick.o)
                0x0200438c                tickTaskStart
 .text.__syscall_getreent
                0x020044d0       0x14 /opt/devkitpro/calico/lib/libcalico_ds9.a(newlib_syscalls.o)
                0x020044d0                __syscall_getreent
 .text.__errno  0x020044e4       0x24 /opt/devkitpro/calico/lib/libcalico_ds9.a(newlib_syscalls.o)
                0x020044e4                __errno
 .text.__syscall_lock_acquire
                0x02004508        0x4 /opt/devkitpro/calico/lib/libcalico_ds9.a(newlib_syscalls.o)
                0x02004508                __syscall_lock_acquire
 .text.__syscall_lock_release
                0x0200450c        0x4 /opt/devkitpro/calico/lib/libcalico_ds9.a(newlib_syscalls.o)
                0x0200450c                __syscall_lock_release
 .text.__syscall_lock_acquire_recursive
                0x02004510       0x4c /opt/devkitpro/calico/lib/libcalico_ds9.a(newlib_syscalls.o)
                0x02004510                __syscall_lock_acquire_recursive
 .text.__syscall_lock_release_recursive
                0x0200455c       0x18 /opt/devkitpro/calico/lib/libcalico_ds9.a(newlib_syscalls.o)
                0x0200455c                __syscall_lock_release_recursive
 .text.__syscall_cond_broadcast
                0x02004574       0x10 /opt/devkitpro/calico/lib/libcalico_ds9.a(newlib_syscalls.o)
                0x02004574                __syscall_cond_broadcast
 .text.__syscall_cond_wait
                0x02004584       0x24 /opt/devkitpro/calico/lib/libcalico_ds9.a(newlib_syscalls.o)
                0x02004584                __syscall_cond_wait
 .text.__syscall_cond_wait_recursive
                0x020045a8       0x44 /opt/devkitpro/calico/lib/libcalico_ds9.a(newlib_syscalls.o)
                0x020045a8                __syscall_cond_wait_recursive
 .text._pxiMailboxHandler
                0x020045ec        0x4 /opt/devkitpro/calico/lib/libcalico_ds9.a(pxi.o)
 .text._pxiRecvUnhandled
                0x020045f0        0x4 /opt/devkitpro/calico/lib/libcalico_ds9.a(pxi.o)
                0x020045f0                _pxiRecvUnhandled
 .text._pxiRecvIrqHandler
                0x020045f4      0x154 /opt/devkitpro/calico/lib/libcalico_ds9.a(pxi.o)
 .text._pxiInit
                0x02004748       0x58 /opt/devkitpro/calico/lib/libcalico_ds9.a(pxi.o)
                0x02004748                _pxiInit
 .text.pxiSetHandler
                0x020047a0       0x74 /opt/devkitpro/calico/lib/libcalico_ds9.a(pxi.o)
                0x020047a0                pxiSetHandler
 .text.pxiSetMailbox
                0x02004814       0x68 /opt/devkitpro/calico/lib/libcalico_ds9.a(pxi.o)
                0x02004814                pxiSetMailbox
 .text.pxiWaitRemote
                0x0200487c       0x38 /opt/devkitpro/calico/lib/libcalico_ds9.a(pxi.o)
                0x0200487c                pxiWaitRemote
 .text.pxiSendPacket
                0x020048b4       0x50 /opt/devkitpro/calico/lib/libcalico_ds9.a(pxi.o)
                0x020048b4                pxiSendPacket
 .text.systemUserStartup
                0x02004904        0x4 /opt/devkitpro/calico/lib/libcalico_ds9.a(sys_startup.o)
                0x02004904                systemUserStartup
 .text.systemStartup
                0x02004908      0x110 /opt/devkitpro/calico/lib/libcalico_ds9.a(sys_startup.o)
                0x02004908                systemStartup
 .text.irqSet   0x02004a18       0x64 /opt/devkitpro/calico/lib/libcalico_ds9.a(irq.o)
                0x02004a18                irqSet
 .text.mailboxTrySend
                0x02004a7c       0x98 /opt/devkitpro/calico/lib/libcalico_ds9.a(mailbox.o)
                0x02004a7c                mailboxTrySend
 .text.mailboxRecv
                0x02004b14       0x98 /opt/devkitpro/calico/lib/libcalico_ds9.a(mailbox.o)
                0x02004b14                mailboxRecv
 .text._pmCallEventHandlers
                0x02004bac       0x40 /opt/devkitpro/calico/lib/libcalico_ds9.a(pm.o)
 .text._pmPxiThreadMain
                0x02004bec       0x9c /opt/devkitpro/calico/lib/libcalico_ds9.a(pm.o)
 .text._pmResetPxiHandler
                0x02004c88       0x28 /opt/devkitpro/calico/lib/libcalico_ds9.a(pm.o)
 .text.systemUserExit
                0x02004cb0        0x4 /opt/devkitpro/calico/lib/libcalico_ds9.a(pm.o)
                0x02004cb0                systemUserExit
 .text.systemErrorExit
                0x02004cb4        0x4 /opt/devkitpro/calico/lib/libcalico_ds9.a(pm.o)
                0x02004cb4                systemErrorExit
 .text.__syscall_exit
                0x02004cb8      0x138 /opt/devkitpro/calico/lib/libcalico_ds9.a(pm.o)
                0x02004cb8                __syscall_exit
 .text.pmInit   0x02004df0       0x58 /opt/devkitpro/calico/lib/libcalico_ds9.a(pm.o)
                0x02004df0                pmInit
 .text._Znwj    0x02004e48       0x48 /opt/devkitpro/devkitARM/lib/gcc/arm-none-eabi/15.2.0/../../../../arm-none-eabi/lib/thumb/libstdc++.a(new_op.o)
                0x02004e48                _Znwj
 .text._ZNKSt9bad_alloc4whatEv
                0x02004e90        0x8 /opt/devkitpro/devkitARM/lib/gcc/arm-none-eabi/15.2.0/../../../../arm-none-eabi/lib/thumb/libstdc++.a(bad_alloc.o)
                0x02004e90                _ZNKSt9bad_alloc4whatEv
 .text._ZNSt9bad_allocD2Ev
                0x02004e98       0x18 /opt/devkitpro/devkitARM/lib/gcc/arm-none-eabi/15.2.0/../../../../arm-none-eabi/lib/thumb/libstdc++.a(bad_alloc.o)
                0x02004e98                _ZNSt9bad_allocD2Ev
                0x02004e98                _ZNSt9bad_allocD1Ev
 .text._ZNSt9bad_allocD0Ev
                0x02004eb0       0x20 /opt/devkitpro/devkitARM/lib/gcc/arm-none-eabi/15.2.0/../../../../arm-none-eabi/lib/thumb/libstdc++.a(bad_alloc.o)
                0x02004eb0                _ZNSt9bad_allocD0Ev
 .text._ZdlPvj  0x02004ed0        0xc /opt/devkitpro/devkitARM/lib/gcc/arm-none-eabi/15.2.0/../../../../arm-none-eabi/lib/thumb/libstdc++.a(del_ops.o)
                0x02004ed0                _ZdlPvj
 .text._ZNK9__gnu_cxx24__concurrence_lock_error4whatEv
                0x02004edc        0x8 /opt/devkitpro/devkitARM/lib/gcc/arm-none-eabi/15.2.0/../../../../arm-none-eabi/lib/thumb/libstdc++.a(eh_alloc.o)
                0x02004edc                _ZNK9__gnu_cxx24__concurrence_lock_error4whatEv
 .text._ZNK9__gnu_cxx26__concurrence_unlock_error4whatEv
                0x02004ee4        0x8 /opt/devkitpro/devkitARM/lib/gcc/arm-none-eabi/15.2.0/../../../../arm-none-eabi/lib/thumb/libstdc++.a(eh_alloc.o)
                0x02004ee4                _ZNK9__gnu_cxx26__concurrence_unlock_error4whatEv
 .text._ZN9__gnu_cxx24__concurrence_lock_errorD2Ev
                0x02004eec       0x18 /opt/devkitpro/devkitARM/lib/gcc/arm-none-eabi/15.2.0/../../../../arm-none-eabi/lib/thumb/libstdc++.a(eh_alloc.o)
                0x02004eec                _ZN9__gnu_cxx24__concurrence_lock_errorD2Ev
                0x02004eec                _ZN9__gnu_cxx24__concurrence_lock_errorD1Ev
 .text._ZN9__gnu_cxx24__concurrence_lock_errorD0Ev
                0x02004f04       0x20 /opt/devkitpro/devkitARM/lib/gcc/arm-none-eabi/15.2.0/../../../../arm-none-eabi/lib/thumb/libstdc++.a(eh_alloc.o)
                0x02004f04                _ZN9__gnu_cxx24__concurrence_lock_errorD0Ev
 .text._ZN9__gnu_cxx26__concurrence_unlock_errorD2Ev
                0x02004f24       0x18 /opt/devkitpro/devkitARM/lib/gcc/arm-none-eabi/15.2.0/../../../../arm-none-eabi/lib/thumb/libstdc++.a(eh_alloc.o)
                0x02004f24                _ZN9__gnu_cxx26__concurrence_unlock_errorD1Ev
                0x02004f24                _ZN9__gnu_cxx26__concurrence_unlock_errorD2Ev
 .text._ZN9__gnu_cxx26__concurrence_unlock_errorD0Ev
                0x02004f3c       0x20 /opt/devkitpro/devkitARM/lib/gcc/arm-none-eabi/15.2.0/../../../../arm-none-eabi/lib/thumb/libstdc++.a(eh_alloc.o)
                0x02004f3c                _ZN9__gnu_cxx26__concurrence_unlock_errorD0Ev
 .text._ZN12_GLOBAL__N_14pool4freeEPv.constprop.0
                0x02004f5c       0xa0 /opt/devkitpro/devkitARM/lib/gcc/arm-none-eabi/15.2.0/../../../../arm-none-eabi/lib/thumb/libstdc++.a(eh_alloc.o)
 .text._ZN12_GLOBAL__N_14pool8allocateEj.constprop.0
                0x02004ffc       0x78 /opt/devkitpro/devkitARM/lib/gcc/arm-none-eabi/15.2.0/../../../../arm-none-eabi/lib/thumb/libstdc++.a(eh_alloc.o)
 .text.__cxa_allocate_exception
                0x02005074       0x30 /opt/devkitpro/devkitARM/lib/gcc/arm-none-eabi/15.2.0/../../../../arm-none-eabi/lib/thumb/libstdc++.a(eh_alloc.o)
                0x02005074                __cxa_allocate_exception
 .text.__cxa_free_exception
                0x020050a4       0x28 /opt/devkitpro/devkitARM/lib/gcc/arm-none-eabi/15.2.0/../../../../arm-none-eabi/lib/thumb/libstdc++.a(eh_alloc.o)
                0x020050a4                __cxa_free_exception
 .text._ZNSt9exceptionD2Ev
                0x020050cc        0x4 /opt/devkitpro/devkitARM/lib/gcc/arm-none-eabi/15.2.0/../../../../arm-none-eabi/lib/thumb/libstdc++.a(eh_exception.o)
                0x020050cc                _ZNSt9exceptionD2Ev
                0x020050cc                _ZNSt9exceptionD1Ev
 .text._ZNSt13bad_exceptionD2Ev
                0x020050d0        0x4 /opt/devkitpro/devkitARM/lib/gcc/arm-none-eabi/15.2.0/../../../../arm-none-eabi/lib/thumb/libstdc++.a(eh_exception.o)
                0x020050d0                _ZNSt13bad_exceptionD2Ev
                0x020050d0                _ZNSt13bad_exceptionD1Ev
 .text._ZNKSt13bad_exception4whatEv
                0x020050d4        0x8 /opt/devkitpro/devkitARM/lib/gcc/arm-none-eabi/15.2.0/../../../../arm-none-eabi/lib/thumb/libstdc++.a(eh_exception.o)
                0x020050d4                _ZGTtNKSt13bad_exception4whatEv
                0x020050d4                _ZNKSt13bad_exception4whatEv
 .text._ZNSt13bad_exceptionD0Ev
                0x020050dc       0x14 /opt/devkitpro/devkitARM/lib/gcc/arm-none-eabi/15.2.0/../../../../arm-none-eabi/lib/thumb/libstdc++.a(eh_exception.o)
                0x020050dc                _ZNSt13bad_exceptionD0Ev
 .text._ZL28read_encoded_value_with_basehjPKhPj
                0x020050f0       0xec /opt/devkitpro/devkitARM/lib/gcc/arm-none-eabi/15.2.0/../../../../arm-none-eabi/lib/thumb/libstdc++.a(eh_personality.o)
 .text._ZL21base_of_encoded_valuehP15_Unwind_Context
                0x020051dc       0x48 /opt/devkitpro/devkitARM/lib/gcc/arm-none-eabi/15.2.0/../../../../arm-none-eabi/lib/thumb/libstdc++.a(eh_personality.o)
 .text._ZL17parse_lsda_headerP15_Unwind_ContextPKhP16lsda_header_info
                0x02005224       0x90 /opt/devkitpro/devkitARM/lib/gcc/arm-none-eabi/15.2.0/../../../../arm-none-eabi/lib/thumb/libstdc++.a(eh_personality.o)
 .text.__gxx_personality_v0
                0x020052b4      0x4a4 /opt/devkitpro/devkitARM/lib/gcc/arm-none-eabi/15.2.0/../../../../arm-none-eabi/lib/thumb/libstdc++.a(eh_personality.o)
                0x020052b4                __gxx_personality_v0
 .text._ZN10__cxxabiv111__terminateEPFvvE
                0x02005758       0x14 /opt/devkitpro/devkitARM/lib/gcc/arm-none-eabi/15.2.0/../../../../arm-none-eabi/lib/thumb/libstdc++.a(eh_terminate.o)
                0x02005758                _ZN10__cxxabiv111__terminateEPFvvE
 .text._ZSt13get_terminatev
                0x0200576c       0x34 /opt/devkitpro/devkitARM/lib/gcc/arm-none-eabi/15.2.0/../../../../arm-none-eabi/lib/thumb/libstdc++.a(eh_terminate.o)
                0x0200576c                _ZSt13get_terminatev
 .text._ZN10__cxxabiv112__unexpectedEPFvvE
                0x020057a0        0xc /opt/devkitpro/devkitARM/lib/gcc/arm-none-eabi/15.2.0/../../../../arm-none-eabi/lib/thumb/libstdc++.a(eh_terminate.o)
                0x020057a0                _ZN10__cxxabiv112__unexpectedEPFvvE
 .text._ZSt14get_unexpectedv
                0x020057ac       0x34 /opt/devkitpro/devkitARM/lib/gcc/arm-none-eabi/15.2.0/../../../../arm-none-eabi/lib/thumb/libstdc++.a(eh_terminate.o)
                0x020057ac                _ZSt14get_unexpectedv
 .text._ZL23__gxx_exception_cleanup19_Unwind_Reason_CodeP21_Unwind_Control_Block
                0x020057e0       0x40 /opt/devkitpro/devkitARM/lib/gcc/arm-none-eabi/15.2.0/../../../../arm-none-eabi/lib/thumb/libstdc++.a(eh_throw.o)
 .text.__cxa_init_primary_exception
                0x02005820       0x50 /opt/devkitpro/devkitARM/lib/gcc/arm-none-eabi/15.2.0/../../../../arm-none-eabi/lib/thumb/libstdc++.a(eh_throw.o)
                0x02005820                __cxa_init_primary_exception
 .text.__cxa_throw
                0x02005870       0x34 /opt/devkitpro/devkitARM/lib/gcc/arm-none-eabi/15.2.0/../../../../arm-none-eabi/lib/thumb/libstdc++.a(eh_throw.o)
                0x02005870                __cxa_throw
 .text.__cxa_rethrow
                0x020058a4       0x70 /opt/devkitpro/devkitARM/lib/gcc/arm-none-eabi/15.2.0/../../../../arm-none-eabi/lib/thumb/libstdc++.a(eh_throw.o)
                0x020058a4                __cxa_rethrow
 .text._ZSt15get_new_handlerv
                0x02005914       0x34 /opt/devkitpro/devkitARM/lib/gcc/arm-none-eabi/15.2.0/../../../../arm-none-eabi/lib/thumb/libstdc++.a(new_handler.o)
                0x02005914                _ZSt15get_new_handlerv
 .text._ZN10__cxxabiv120__si_class_type_infoD2Ev
                0x02005948       0x18 /opt/devkitpro/devkitARM/lib/gcc/arm-none-eabi/15.2.0/../../../../arm-none-eabi/lib/thumb/libstdc++.a(si_class_type_info.o)
                0x02005948                _ZN10__cxxabiv120__si_class_type_infoD2Ev
                0x02005948                _ZN10__cxxabiv120__si_class_type_infoD1Ev
 .text._ZN10__cxxabiv120__si_class_type_infoD0Ev
                0x02005960       0x20 /opt/devkitpro/devkitARM/lib/gcc/arm-none-eabi/15.2.0/../../../../arm-none-eabi/lib/thumb/libstdc++.a(si_class_type_info.o)
                0x02005960                _ZN10__cxxabiv120__si_class_type_infoD0Ev
 .text._ZNK10__cxxabiv120__si_class_type_info20__do_find_public_srcEiPKvPKNS_17__class_type_infoES2_
                0x02005980       0x40 /opt/devkitpro/devkitARM/lib/gcc/arm-none-eabi/15.2.0/../../../../arm-none-eabi/lib/thumb/libstdc++.a(si_class_type_info.o)
                0x02005980                _ZNK10__cxxabiv120__si_class_type_info20__do_find_public_srcEiPKvPKNS_17__class_type_infoES2_
 .text._ZNK10__cxxabiv120__si_class_type_info12__do_dyncastEiNS_17__class_type_info10__sub_kindEPKS1_PKvS4_S6_RNS1_16__dyncast_resultE
                0x020059c0       0x94 /opt/devkitpro/devkitARM/lib/gcc/arm-none-eabi/15.2.0/../../../../arm-none-eabi/lib/thumb/libstdc++.a(si_class_type_info.o)
                0x020059c0                _ZNK10__cxxabiv120__si_class_type_info12__do_dyncastEiNS_17__class_type_info10__sub_kindEPKS1_PKvS4_S6_RNS1_16__dyncast_resultE
 .text._ZNK10__cxxabiv120__si_class_type_info11__do_upcastEPKNS_17__class_type_infoEPKvRNS1_15__upcast_resultE
                0x02005a54       0x2c /opt/devkitpro/devkitARM/lib/gcc/arm-none-eabi/15.2.0/../../../../arm-none-eabi/lib/thumb/libstdc++.a(si_class_type_info.o)
                0x02005a54                _ZNK10__cxxabiv120__si_class_type_info11__do_upcastEPKNS_17__class_type_infoEPKvRNS1_15__upcast_resultE
 .text._ZNSt9type_infoD2Ev
                0x02005a80        0x4 /opt/devkitpro/devkitARM/lib/gcc/arm-none-eabi/15.2.0/../../../../arm-none-eabi/lib/thumb/libstdc++.a(tinfo.o)
                0x02005a80                _ZNSt9type_infoD1Ev
                0x02005a80                _ZNSt9type_infoD2Ev
 .text._ZNKSt9type_info14__is_pointer_pEv
                0x02005a84        0x4 /opt/devkitpro/devkitARM/lib/gcc/arm-none-eabi/15.2.0/../../../../arm-none-eabi/lib/thumb/libstdc++.a(tinfo.o)
                0x02005a84                _ZNKSt9type_info15__is_function_pEv
                0x02005a84                _ZNKSt9type_info14__is_pointer_pEv
 .text._ZNKSt9type_infoeqERKS_
                0x02005a88       0x30 /opt/devkitpro/devkitARM/lib/gcc/arm-none-eabi/15.2.0/../../../../arm-none-eabi/lib/thumb/libstdc++.a(tinfo.o)
                0x02005a88                _ZNKSt9type_info7__equalERKS_
                0x02005a88                _ZNKSt9type_infoeqERKS_
 .text._ZN9__gnu_cxx18__exchange_and_addEPVii
                0x02005ab8       0x8c /opt/devkitpro/devkitARM/lib/gcc/arm-none-eabi/15.2.0/../../../../arm-none-eabi/lib/thumb/libstdc++.a(atomicity.o)
                0x02005ab8                _ZN9__gnu_cxx18__exchange_and_addEPVii
 .text._ZNK10__cxxabiv117__class_type_info11__do_upcastEPKS0_PPv
                0x02005b44       0x3c /opt/devkitpro/devkitARM/lib/gcc/arm-none-eabi/15.2.0/../../../../arm-none-eabi/lib/thumb/libstdc++.a(class_type_info.o)
                0x02005b44                _ZNK10__cxxabiv117__class_type_info11__do_upcastEPKS0_PPv
 .text._ZNK10__cxxabiv117__class_type_info20__do_find_public_srcEiPKvPKS0_S2_
                0x02005b80       0x14 /opt/devkitpro/devkitARM/lib/gcc/arm-none-eabi/15.2.0/../../../../arm-none-eabi/lib/thumb/libstdc++.a(class_type_info.o)
                0x02005b80                _ZNK10__cxxabiv117__class_type_info20__do_find_public_srcEiPKvPKS0_S2_
 .text._ZN10__cxxabiv117__class_type_infoD2Ev
                0x02005b94       0x18 /opt/devkitpro/devkitARM/lib/gcc/arm-none-eabi/15.2.0/../../../../arm-none-eabi/lib/thumb/libstdc++.a(class_type_info.o)
                0x02005b94                _ZN10__cxxabiv117__class_type_infoD1Ev
                0x02005b94                _ZN10__cxxabiv117__class_type_infoD2Ev
 .text._ZN10__cxxabiv117__class_type_infoD0Ev
                0x02005bac       0x20 /opt/devkitpro/devkitARM/lib/gcc/arm-none-eabi/15.2.0/../../../../arm-none-eabi/lib/thumb/libstdc++.a(class_type_info.o)
                0x02005bac                _ZN10__cxxabiv117__class_type_infoD0Ev
 .text._ZNK10__cxxabiv117__class_type_info12__do_dyncastEiNS0_10__sub_kindEPKS0_PKvS3_S5_RNS0_16__dyncast_resultE
                0x02005bcc       0x44 /opt/devkitpro/devkitARM/lib/gcc/arm-none-eabi/15.2.0/../../../../arm-none-eabi/lib/thumb/libstdc++.a(class_type_info.o)
                0x02005bcc                _ZNK10__cxxabiv117__class_type_info12__do_dyncastEiNS0_10__sub_kindEPKS0_PKvS3_S5_RNS0_16__dyncast_resultE
 .text._ZNK10__cxxabiv117__class_type_info11__do_upcastEPKS0_PKvRNS0_15__upcast_resultE
                0x02005c10       0x20 /opt/devkitpro/devkitARM/lib/gcc/arm-none-eabi/15.2.0/../../../../arm-none-eabi/lib/thumb/libstdc++.a(class_type_info.o)
                0x02005c10                _ZNK10__cxxabiv117__class_type_info11__do_upcastEPKS0_PKvRNS0_15__upcast_resultE
 .text._ZNK10__cxxabiv117__class_type_info10__do_catchEPKSt9type_infoPPvj
                0x02005c30       0x2c /opt/devkitpro/devkitARM/lib/gcc/arm-none-eabi/15.2.0/../../../../arm-none-eabi/lib/thumb/libstdc++.a(class_type_info.o)
                0x02005c30                _ZNK10__cxxabiv117__class_type_info10__do_catchEPKSt9type_infoPPvj
 .text._ZdlPv   0x02005c5c        0xc /opt/devkitpro/devkitARM/lib/gcc/arm-none-eabi/15.2.0/../../../../arm-none-eabi/lib/thumb/libstdc++.a(del_op.o)
                0x02005c5c                _ZdlPv
 .text.__cxa_end_cleanup
                0x02005c68        0xc /opt/devkitpro/devkitARM/lib/gcc/arm-none-eabi/15.2.0/../../../../arm-none-eabi/lib/thumb/libstdc++.a(eh_arm.o)
                0x02005c68                __cxa_end_cleanup
 .text.__cxa_type_match
                0x02005c74       0xc8 /opt/devkitpro/devkitARM/lib/gcc/arm-none-eabi/15.2.0/../../../../arm-none-eabi/lib/thumb/libstdc++.a(eh_arm.o)
                0x02005c74                __cxa_type_match
 .text.__cxa_begin_cleanup
                0x02005d3c       0x64 /opt/devkitpro/devkitARM/lib/gcc/arm-none-eabi/15.2.0/../../../../arm-none-eabi/lib/thumb/libstdc++.a(eh_arm.o)
                0x02005d3c                __cxa_begin_cleanup
 .text.__gnu_end_cleanup
                0x02005da0       0x74 /opt/devkitpro/devkitARM/lib/gcc/arm-none-eabi/15.2.0/../../../../arm-none-eabi/lib/thumb/libstdc++.a(eh_arm.o)
                0x02005da0                __gnu_end_cleanup
 .text.__cxa_begin_catch
                0x02005e14       0x78 /opt/devkitpro/devkitARM/lib/gcc/arm-none-eabi/15.2.0/../../../../arm-none-eabi/lib/thumb/libstdc++.a(eh_catch.o)
                0x02005e14                __cxa_begin_catch
 .text.__cxa_end_catch
                0x02005e8c       0x94 /opt/devkitpro/devkitARM/lib/gcc/arm-none-eabi/15.2.0/../../../../arm-none-eabi/lib/thumb/libstdc++.a(eh_catch.o)
                0x02005e8c                __cxa_end_catch
 .text._ZL15eh_globals_dtorPv
                0x02005f20       0x28 /opt/devkitpro/devkitARM/lib/gcc/arm-none-eabi/15.2.0/../../../../arm-none-eabi/lib/thumb/libstdc++.a(eh_globals.o)
 .text.__cxa_get_globals_fast
                0x02005f48       0x28 /opt/devkitpro/devkitARM/lib/gcc/arm-none-eabi/15.2.0/../../../../arm-none-eabi/lib/thumb/libstdc++.a(eh_globals.o)
                0x02005f48                __cxa_get_globals_fast
 .text.__cxa_get_globals
                0x02005f70       0x50 /opt/devkitpro/devkitARM/lib/gcc/arm-none-eabi/15.2.0/../../../../arm-none-eabi/lib/thumb/libstdc++.a(eh_globals.o)
                0x02005f70                __cxa_get_globals
 .text._ZNK9__gnu_cxx29__concurrence_broadcast_error4whatEv
                0x02005fc0        0x8 /opt/devkitpro/devkitARM/lib/gcc/arm-none-eabi/15.2.0/../../../../arm-none-eabi/lib/thumb/libstdc++.a(guard.o)
                0x02005fc0                _ZNK9__gnu_cxx29__concurrence_broadcast_error4whatEv
 .text._ZNK9__gnu_cxx24__concurrence_wait_error4whatEv
                0x02005fc8        0x8 /opt/devkitpro/devkitARM/lib/gcc/arm-none-eabi/15.2.0/../../../../arm-none-eabi/lib/thumb/libstdc++.a(guard.o)
                0x02005fc8                _ZNK9__gnu_cxx24__concurrence_wait_error4whatEv
 .text._ZN12_GLOBAL__N_1L4initEv
                0x02005fd0       0x20 /opt/devkitpro/devkitARM/lib/gcc/arm-none-eabi/15.2.0/../../../../arm-none-eabi/lib/thumb/libstdc++.a(guard.o)
 .text._ZN12_GLOBAL__N_1L16init_static_condEv
                0x02005ff0       0x18 /opt/devkitpro/devkitARM/lib/gcc/arm-none-eabi/15.2.0/../../../../arm-none-eabi/lib/thumb/libstdc++.a(guard.o)
 .text._ZN9__gnu_cxx24__concurrence_wait_errorD2Ev
                0x02006008       0x18 /opt/devkitpro/devkitARM/lib/gcc/arm-none-eabi/15.2.0/../../../../arm-none-eabi/lib/thumb/libstdc++.a(guard.o)
                0x02006008                _ZN9__gnu_cxx24__concurrence_wait_errorD1Ev
                0x02006008                _ZN9__gnu_cxx24__concurrence_wait_errorD2Ev
 .text._ZN9__gnu_cxx24__concurrence_wait_errorD0Ev
                0x02006020       0x20 /opt/devkitpro/devkitARM/lib/gcc/arm-none-eabi/15.2.0/../../../../arm-none-eabi/lib/thumb/libstdc++.a(guard.o)
                0x02006020                _ZN9__gnu_cxx24__concurrence_wait_errorD0Ev
 .text._ZN9__gnu_cxx29__concurrence_broadcast_errorD2Ev
                0x02006040       0x18 /opt/devkitpro/devkitARM/lib/gcc/arm-none-eabi/15.2.0/../../../../arm-none-eabi/lib/thumb/libstdc++.a(guard.o)
                0x02006040                _ZN9__gnu_cxx29__concurrence_broadcast_errorD2Ev
                0x02006040                _ZN9__gnu_cxx29__concurrence_broadcast_errorD1Ev
 .text._ZN9__gnu_cxx29__concurrence_broadcast_errorD0Ev
                0x02006058       0x20 /opt/devkitpro/devkitARM/lib/gcc/arm-none-eabi/15.2.0/../../../../arm-none-eabi/lib/thumb/libstdc++.a(guard.o)
                0x02006058                _ZN9__gnu_cxx29__concurrence_broadcast_errorD0Ev
 .text.__cxa_guard_acquire
                0x02006078       0xf8 /opt/devkitpro/devkitARM/lib/gcc/arm-none-eabi/15.2.0/../../../../arm-none-eabi/lib/thumb/libstdc++.a(guard.o)
                0x02006078                __cxa_guard_acquire
 .text.__cxa_guard_release
                0x02006170       0x6c /opt/devkitpro/devkitARM/lib/gcc/arm-none-eabi/15.2.0/../../../../arm-none-eabi/lib/thumb/libstdc++.a(guard.o)
                0x02006170                __cxa_guard_release
 .text          0x020061dc      0x150 /opt/devkitpro/devkitARM/lib/gcc/arm-none-eabi/15.2.0/thumb/libgcc.a(_divsi3.o)
                0x020061dc                __aeabi_idiv
                0x020061dc                __divsi3
                0x0200630c                __aeabi_idivmod
 .text          0x0200632c        0x4 /opt/devkitpro/devkitARM/lib/gcc/arm-none-eabi/15.2.0/thumb/libgcc.a(_dvmd_tls.o)
                0x0200632c                __aeabi_ldiv0
                0x0200632c                __aeabi_idiv0
 .text          0x02006330      0x2ac /opt/devkitpro/devkitARM/lib/gcc/arm-none-eabi/15.2.0/thumb/libgcc.a(_arm_addsubsf3.o)
                0x02006330                __aeabi_frsub
                0x02006338                __subsf3
                0x02006338                __aeabi_fsub
                0x0200633c                __aeabi_fadd
                0x0200633c                __addsf3
                0x020064f8                __aeabi_ui2f
                0x020064f8                __floatunsisf
                0x02006500                __aeabi_i2f
                0x02006500                __floatsisf
                0x02006520                __floatundisf
                0x02006520                __aeabi_ul2f
                0x02006530                __floatdisf
                0x02006530                __aeabi_l2f
 .text          0x020065dc      0x114 /opt/devkitpro/devkitARM/lib/gcc/arm-none-eabi/15.2.0/thumb/libgcc.a(_arm_cmpsf2.o)
                0x020065dc                __gtsf2
                0x020065dc                __gesf2
                0x020065e4                __lesf2
                0x020065e4                __ltsf2
                0x020065ec                __nesf2
                0x020065ec                __eqsf2
                0x020065ec                __cmpsf2
                0x02006650                __aeabi_cfrcmple
                0x02006660                __aeabi_cfcmple
                0x02006660                __aeabi_cfcmpeq
                0x02006678                __aeabi_fcmpeq
                0x02006690                __aeabi_fcmplt
                0x020066a8                __aeabi_fcmple
                0x020066c0                __aeabi_fcmpge
                0x020066d8                __aeabi_fcmpgt
 .text          0x020066f0       0x5c /opt/devkitpro/devkitARM/lib/gcc/arm-none-eabi/15.2.0/thumb/libgcc.a(_arm_fixsfsi.o)
                0x020066f0                __fixsfsi
                0x020066f0                __aeabi_f2iz
 .text          0x0200674c       0x3c /opt/devkitpro/devkitARM/lib/gcc/arm-none-eabi/15.2.0/thumb/libgcc.a(_aeabi_uldivmod.o)
                0x0200674c                __aeabi_uldivmod
 .text          0x02006788        0x4 /opt/devkitpro/devkitARM/lib/gcc/arm-none-eabi/15.2.0/thumb/libgcc.a(_sync_none.o)
                0x02006788                __sync_synchronize_none
 .text.__udivmoddi4
                0x0200678c      0x194 /opt/devkitpro/devkitARM/lib/gcc/arm-none-eabi/15.2.0/thumb/libgcc.a(_udivmoddi4.o)
                0x0200678c                __udivmoddi4
 .text.selfrel_offset31
                0x02006920       0x18 /opt/devkitpro/devkitARM/lib/gcc/arm-none-eabi/15.2.0/thumb/libgcc.a(unwind-arm.o)
 .text.search_EIT_table
                0x02006938       0x74 /opt/devkitpro/devkitARM/lib/gcc/arm-none-eabi/15.2.0/thumb/libgcc.a(unwind-arm.o)
 .text.__gnu_unwind_get_pr_addr
                0x020069ac       0x28 /opt/devkitpro/devkitARM/lib/gcc/arm-none-eabi/15.2.0/thumb/libgcc.a(unwind-arm.o)
 .text.get_eit_entry
                0x020069d4       0x98 /opt/devkitpro/devkitARM/lib/gcc/arm-none-eabi/15.2.0/thumb/libgcc.a(unwind-arm.o)
 .text.restore_non_core_regs
                0x02006a6c       0x60 /opt/devkitpro/devkitARM/lib/gcc/arm-none-eabi/15.2.0/thumb/libgcc.a(unwind-arm.o)
 .text._Unwind_decode_typeinfo_ptr.constprop.0
                0x02006acc        0xc /opt/devkitpro/devkitARM/lib/gcc/arm-none-eabi/15.2.0/thumb/libgcc.a(unwind-arm.o)
 .text._Unwind_DebugHook
                0x02006ad8        0x4 /opt/devkitpro/devkitARM/lib/gcc/arm-none-eabi/15.2.0/thumb/libgcc.a(unwind-arm.o)
 .text.unwind_phase2
                0x02006adc       0x40 /opt/devkitpro/devkitARM/lib/gcc/arm-none-eabi/15.2.0/thumb/libgcc.a(unwind-arm.o)
 .text.unwind_phase2_forced
                0x02006b1c       0xe0 /opt/devkitpro/devkitARM/lib/gcc/arm-none-eabi/15.2.0/thumb/libgcc.a(unwind-arm.o)
 .text.__gnu_Unwind_RaiseException
                0x02006bfc       0x58 /opt/devkitpro/devkitARM/lib/gcc/arm-none-eabi/15.2.0/thumb/libgcc.a(unwind-arm.o)
                0x02006bfc                __gnu_Unwind_RaiseException
 .text.__gnu_Unwind_ForcedUnwind
                0x02006c54       0x18 /opt/devkitpro/devkitARM/lib/gcc/arm-none-eabi/15.2.0/thumb/libgcc.a(unwind-arm.o)
                0x02006c54                __gnu_Unwind_ForcedUnwind
 .text.__gnu_Unwind_Resume
                0x02006c6c       0x4c /opt/devkitpro/devkitARM/lib/gcc/arm-none-eabi/15.2.0/thumb/libgcc.a(unwind-arm.o)
                0x02006c6c                __gnu_Unwind_Resume
 .text.__gnu_Unwind_Resume_or_Rethrow
                0x02006cb8       0x20 /opt/devkitpro/devkitARM/lib/gcc/arm-none-eabi/15.2.0/thumb/libgcc.a(unwind-arm.o)
                0x02006cb8                __gnu_Unwind_Resume_or_Rethrow
 .text._Unwind_Complete
                0x02006cd8        0x4 /opt/devkitpro/devkitARM/lib/gcc/arm-none-eabi/15.2.0/thumb/libgcc.a(unwind-arm.o)
                0x02006cd8                _Unwind_Complete
 .text._Unwind_DeleteException
                0x02006cdc       0x18 /opt/devkitpro/devkitARM/lib/gcc/arm-none-eabi/15.2.0/thumb/libgcc.a(unwind-arm.o)
                0x02006cdc                _Unwind_DeleteException
 .text._Unwind_VRS_Get
                0x02006cf4       0x44 /opt/devkitpro/devkitARM/lib/gcc/arm-none-eabi/15.2.0/thumb/libgcc.a(unwind-arm.o)
                0x02006cf4                _Unwind_VRS_Get
 .text._Unwind_GetGR
                0x02006d38       0x1c /opt/devkitpro/devkitARM/lib/gcc/arm-none-eabi/15.2.0/thumb/libgcc.a(unwind-arm.o)
 .text._Unwind_VRS_Set
                0x02006d54       0x44 /opt/devkitpro/devkitARM/lib/gcc/arm-none-eabi/15.2.0/thumb/libgcc.a(unwind-arm.o)
                0x02006d54                _Unwind_VRS_Set
 .text._Unwind_SetGR
                0x02006d98       0x1c /opt/devkitpro/devkitARM/lib/gcc/arm-none-eabi/15.2.0/thumb/libgcc.a(unwind-arm.o)
 .text.__gnu_Unwind_Backtrace
                0x02006db4       0x78 /opt/devkitpro/devkitARM/lib/gcc/arm-none-eabi/15.2.0/thumb/libgcc.a(unwind-arm.o)
                0x02006db4                __gnu_Unwind_Backtrace
 .text.__gnu_unwind_pr_common
                0x02006e2c      0x2d0 /opt/devkitpro/devkitARM/lib/gcc/arm-none-eabi/15.2.0/thumb/libgcc.a(unwind-arm.o)
 .text.__aeabi_unwind_cpp_pr0
                0x020070fc       0x10 /opt/devkitpro/devkitARM/lib/gcc/arm-none-eabi/15.2.0/thumb/libgcc.a(unwind-arm.o)
                0x020070fc                __aeabi_unwind_cpp_pr0
 .text.__aeabi_unwind_cpp_pr1
                0x0200710c       0x10 /opt/devkitpro/devkitARM/lib/gcc/arm-none-eabi/15.2.0/thumb/libgcc.a(unwind-arm.o)
                0x0200710c                __aeabi_unwind_cpp_pr1
 .text.__aeabi_unwind_cpp_pr2
                0x0200711c       0x10 /opt/devkitpro/devkitARM/lib/gcc/arm-none-eabi/15.2.0/thumb/libgcc.a(unwind-arm.o)
                0x0200711c                __aeabi_unwind_cpp_pr2
 .text._Unwind_VRS_Pop
                0x0200712c      0x2f8 /opt/devkitpro/devkitARM/lib/gcc/arm-none-eabi/15.2.0/thumb/libgcc.a(unwind-arm.o)
                0x0200712c                _Unwind_VRS_Pop
 .text          0x02007424      0x1d8 /opt/devkitpro/devkitARM/lib/gcc/arm-none-eabi/15.2.0/thumb/libgcc.a(libunwind.o)
                0x02007424                __restore_core_regs
                0x02007424                restore_core_regs
                0x02007440                __gnu_Unwind_Restore_VFP
                0x02007448                __gnu_Unwind_Save_VFP
                0x02007450                __gnu_Unwind_Restore_VFP_D
                0x02007458                __gnu_Unwind_Save_VFP_D
                0x02007460                __gnu_Unwind_Restore_VFP_D_16_to_31
                0x02007468                __gnu_Unwind_Save_VFP_D_16_to_31
                0x02007470                __gnu_Unwind_Restore_WMMXD
                0x020074b4                __gnu_Unwind_Save_WMMXD
                0x020074f8                __gnu_Unwind_Restore_WMMXC
                0x0200750c                __gnu_Unwind_Save_WMMXC
                0x02007520                ___Unwind_RaiseException
                0x02007520                _Unwind_RaiseException
                0x0200754c                ___Unwind_Resume
                0x0200754c                _Unwind_Resume
                0x02007578                _Unwind_Resume_or_Rethrow
                0x02007578                ___Unwind_Resume_or_Rethrow
                0x020075a4                ___Unwind_ForcedUnwind
                0x020075a4                _Unwind_ForcedUnwind
                0x020075d0                _Unwind_Backtrace
                0x020075d0                ___Unwind_Backtrace
 .text.next_unwind_byte
                0x020075fc       0x34 /opt/devkitpro/devkitARM/lib/gcc/arm-none-eabi/15.2.0/thumb/libgcc.a(pr-support.o)
 .text._Unwind_GetGR.constprop.0
                0x02007630       0x1c /opt/devkitpro/devkitARM/lib/gcc/arm-none-eabi/15.2.0/thumb/libgcc.a(pr-support.o)
 .text.unwind_UCB_from_context
                0x0200764c        0xc /opt/devkitpro/devkitARM/lib/gcc/arm-none-eabi/15.2.0/thumb/libgcc.a(pr-support.o)
 .text.__gnu_unwind_execute
                0x02007658      0x304 /opt/devkitpro/devkitARM/lib/gcc/arm-none-eabi/15.2.0/thumb/libgcc.a(pr-support.o)
                0x02007658                __gnu_unwind_execute
 .text.__gnu_unwind_frame
                0x0200795c       0x2c /opt/devkitpro/devkitARM/lib/gcc/arm-none-eabi/15.2.0/thumb/libgcc.a(pr-support.o)
                0x0200795c                __gnu_unwind_frame
 .text._Unwind_GetRegionStart
                0x02007988       0x10 /opt/devkitpro/devkitARM/lib/gcc/arm-none-eabi/15.2.0/thumb/libgcc.a(pr-support.o)
                0x02007988                _Unwind_GetRegionStart
 .text._Unwind_GetLanguageSpecificData
                0x02007998       0x18 /opt/devkitpro/devkitARM/lib/gcc/arm-none-eabi/15.2.0/thumb/libgcc.a(pr-support.o)
                0x02007998                _Unwind_GetLanguageSpecificData
 .text          0x020079b0       0x28 /opt/devkitpro/devkitARM/lib/gcc/arm-none-eabi/15.2.0/thumb/libgcc.a(_clzdi2.o)
                0x020079b0                __clzdi2
 .text          0x020079d8       0x48 /opt/devkitpro/devkitARM/lib/gcc/arm-none-eabi/15.2.0/thumb/libgcc.a(_clzsi2.o)
                0x020079d8                __clzsi2
 .text.rand     0x02007a20       0x30 /opt/devkitpro/devkitARM/lib/gcc/arm-none-eabi/15.2.0/../../../../arm-none-eabi/lib/thumb/libg.a(libc_a-rand.o)
                0x02007a20                rand
 .text.getenv   0x02007a50       0x1c /opt/devkitpro/devkitARM/lib/gcc/arm-none-eabi/15.2.0/../../../../arm-none-eabi/lib/thumb/libg.a(libc_a-getenv.o)
                0x02007a50                getenv
 .text.memcpy   0x02007a6c       0xac /opt/devkitpro/devkitARM/lib/gcc/arm-none-eabi/15.2.0/../../../../arm-none-eabi/lib/thumb/libg.a(libc_a-memcpy-stub.o)
                0x02007a6c                memcpy
 .text._strtoul_l.isra.0
                0x02007b18      0x150 /opt/devkitpro/devkitARM/lib/gcc/arm-none-eabi/15.2.0/../../../../arm-none-eabi/lib/thumb/libg.a(libc_a-strtoul.o)
 .text._strtoul_r
                0x02007c68       0x20 /opt/devkitpro/devkitARM/lib/gcc/arm-none-eabi/15.2.0/../../../../arm-none-eabi/lib/thumb/libg.a(libc_a-strtoul.o)
                0x02007c68                _strtoul_r
 .text.strtoul  0x02007c88       0x24 /opt/devkitpro/devkitARM/lib/gcc/arm-none-eabi/15.2.0/../../../../arm-none-eabi/lib/thumb/libg.a(libc_a-strtoul.o)
                0x02007c88                strtoul
 .text.strchr   0x02007cac       0xbc /opt/devkitpro/devkitARM/lib/gcc/arm-none-eabi/15.2.0/../../../../arm-none-eabi/lib/thumb/libg.a(libc_a-strchr.o)
                0x02007cac                strchr
 .text.memcmp   0x02007d68       0x48 /opt/devkitpro/devkitARM/lib/gcc/arm-none-eabi/15.2.0/../../../../arm-none-eabi/lib/thumb/libg.a(libc_a-memcmp.o)
                0x02007d68                memcmp
 .text.abort    0x02007db0       0x10 /opt/devkitpro/devkitARM/lib/gcc/arm-none-eabi/15.2.0/../../../../arm-none-eabi/lib/thumb/libg.a(libc_a-abort.o)
                0x02007db0                abort
 .text.memset   0x02007dc0       0x8c /opt/devkitpro/devkitARM/lib/gcc/arm-none-eabi/15.2.0/../../../../arm-none-eabi/lib/thumb/libg.a(libc_a-memset.o)
                0x02007dc0                memset
 .text.realloc  0x02007e4c       0x18 /opt/devkitpro/devkitARM/lib/gcc/arm-none-eabi/15.2.0/../../../../arm-none-eabi/lib/thumb/libg.a(libc_a-realloc.o)
                0x02007e4c                realloc
 .text._malloc_r
                0x02007e64      0x550 /opt/devkitpro/devkitARM/lib/gcc/arm-none-eabi/15.2.0/../../../../arm-none-eabi/lib/thumb/libg.a(libc_a-mallocr.o)
                0x02007e64                _malloc_r
 .text          0x020083b4      0x224 /opt/devkitpro/devkitARM/lib/gcc/arm-none-eabi/15.2.0/../../../../arm-none-eabi/lib/thumb/libg.a(libc_a-strcmp.o)
                0x020083b4                strcmp
 .text._malloc_trim_r
                0x020085d8       0xac /opt/devkitpro/devkitARM/lib/gcc/arm-none-eabi/15.2.0/../../../../arm-none-eabi/lib/thumb/libg.a(libc_a-freer.o)
                0x020085d8                _malloc_trim_r
 .text._free_r  0x02008684      0x1d8 /opt/devkitpro/devkitARM/lib/gcc/arm-none-eabi/15.2.0/../../../../arm-none-eabi/lib/thumb/libg.a(libc_a-freer.o)
                0x02008684                _free_r
 .text.setvbuf  0x0200885c      0x1ac /opt/devkitpro/devkitARM/lib/gcc/arm-none-eabi/15.2.0/../../../../arm-none-eabi/lib/thumb/libg.a(libc_a-setvbuf.o)
                0x0200885c                setvbuf
 .text.stdio_exit_handler
                0x02008a08       0x20 /opt/devkitpro/devkitARM/lib/gcc/arm-none-eabi/15.2.0/../../../../arm-none-eabi/lib/thumb/libg.a(libc_a-findfp.o)
 .text.cleanup_stdio
                0x02008a28       0x40 /opt/devkitpro/devkitARM/lib/gcc/arm-none-eabi/15.2.0/../../../../arm-none-eabi/lib/thumb/libg.a(libc_a-findfp.o)
 .text.global_stdio_init.part.0
                0x02008a68      0x120 /opt/devkitpro/devkitARM/lib/gcc/arm-none-eabi/15.2.0/../../../../arm-none-eabi/lib/thumb/libg.a(libc_a-findfp.o)
 .text.__sinit  0x02008b88       0x3c /opt/devkitpro/devkitARM/lib/gcc/arm-none-eabi/15.2.0/../../../../arm-none-eabi/lib/thumb/libg.a(libc_a-findfp.o)
                0x02008b88                __sinit
 .text.__sfp_lock_acquire
                0x02008bc4       0x14 /opt/devkitpro/devkitARM/lib/gcc/arm-none-eabi/15.2.0/../../../../arm-none-eabi/lib/thumb/libg.a(libc_a-findfp.o)
                0x02008bc4                __sfp_lock_acquire
 .text.__sfp_lock_release
                0x02008bd8       0x14 /opt/devkitpro/devkitARM/lib/gcc/arm-none-eabi/15.2.0/../../../../arm-none-eabi/lib/thumb/libg.a(libc_a-findfp.o)
                0x02008bd8                __sfp_lock_release
 .text.__libc_init_array
                0x02008bec       0x54 /opt/devkitpro/devkitARM/lib/gcc/arm-none-eabi/15.2.0/../../../../arm-none-eabi/lib/thumb/libg.a(libc_a-init.o)
                0x02008bec                __libc_init_array
 .text.malloc   0x02008c40       0x28 /opt/devkitpro/devkitARM/lib/gcc/arm-none-eabi/15.2.0/../../../../arm-none-eabi/lib/thumb/libg.a(libc_a-malloc.o)
                0x02008c40                malloc
 .text.free     0x02008c68       0x14 /opt/devkitpro/devkitARM/lib/gcc/arm-none-eabi/15.2.0/../../../../arm-none-eabi/lib/thumb/libg.a(libc_a-malloc.o)
                0x02008c68                free
 .text.siscanf  0x02008c7c       0x50 /opt/devkitpro/devkitARM/lib/gcc/arm-none-eabi/15.2.0/../../../../arm-none-eabi/lib/thumb/libg.a(libc_a-siscanf.o)
                0x02008c7c                siscanf
 .text._findenv_r
                0x02008ccc       0x94 /opt/devkitpro/devkitARM/lib/gcc/arm-none-eabi/15.2.0/../../../../arm-none-eabi/lib/thumb/libg.a(libc_a-getenv_r.o)
                0x02008ccc                _findenv_r
 .text.__sread  0x02008d60       0x34 /opt/devkitpro/devkitARM/lib/gcc/arm-none-eabi/15.2.0/../../../../arm-none-eabi/lib/thumb/libg.a(libc_a-stdio.o)
                0x02008d60                __sread
 .text.__seofread
                0x02008d94        0x4 /opt/devkitpro/devkitARM/lib/gcc/arm-none-eabi/15.2.0/../../../../arm-none-eabi/lib/thumb/libg.a(libc_a-stdio.o)
                0x02008d94                __seofread
 .text.__swrite
                0x02008d98       0x4c /opt/devkitpro/devkitARM/lib/gcc/arm-none-eabi/15.2.0/../../../../arm-none-eabi/lib/thumb/libg.a(libc_a-stdio.o)
                0x02008d98                __swrite
 .text.__sseek  0x02008de4       0x3c /opt/devkitpro/devkitARM/lib/gcc/arm-none-eabi/15.2.0/../../../../arm-none-eabi/lib/thumb/libg.a(libc_a-stdio.o)
                0x02008de4                __sseek
 .text.__sclose
                0x02008e20       0x10 /opt/devkitpro/devkitARM/lib/gcc/arm-none-eabi/15.2.0/../../../../arm-none-eabi/lib/thumb/libg.a(libc_a-stdio.o)
                0x02008e20                __sclose
 .text._realloc_r
                0x02008e30      0x344 /opt/devkitpro/devkitARM/lib/gcc/arm-none-eabi/15.2.0/../../../../arm-none-eabi/lib/thumb/libg.a(libc_a-reallocr.o)
                0x02008e30                _realloc_r
 .text.iprintf  0x02009174       0x28 /opt/devkitpro/devkitARM/lib/gcc/arm-none-eabi/15.2.0/../../../../arm-none-eabi/lib/thumb/libg.a(libc_a-iprintf.o)
                0x02009174                iprintf
 .text.__malloc_lock
                0x0200919c       0x14 /opt/devkitpro/devkitARM/lib/gcc/arm-none-eabi/15.2.0/../../../../arm-none-eabi/lib/thumb/libg.a(libc_a-mlock.o)
                0x0200919c                __malloc_lock
 .text.__malloc_unlock
                0x020091b0       0x14 /opt/devkitpro/devkitARM/lib/gcc/arm-none-eabi/15.2.0/../../../../arm-none-eabi/lib/thumb/libg.a(libc_a-mlock.o)
                0x020091b0                __malloc_unlock
 .text._fclose_r
                0x020091c4       0xe0 /opt/devkitpro/devkitARM/lib/gcc/arm-none-eabi/15.2.0/../../../../arm-none-eabi/lib/thumb/libg.a(libc_a-fclose.o)
                0x020091c4                _fclose_r
 .text.__call_exitprocs
                0x020092a4        0xc /opt/devkitpro/devkitARM/lib/gcc/arm-none-eabi/15.2.0/../../../../arm-none-eabi/lib/thumb/libg.a(libc_a-exit.o)
                0x020092a4                __call_exitprocs
 .text.__libc_fini_array
                0x020092b0       0x30 /opt/devkitpro/devkitARM/lib/gcc/arm-none-eabi/15.2.0/../../../../arm-none-eabi/lib/thumb/libg.a(libc_a-fini.o)
                0x020092b0                __libc_fini_array
 .text.get_arg  0x020092e0      0x404 /opt/devkitpro/devkitARM/lib/gcc/arm-none-eabi/15.2.0/../../../../arm-none-eabi/lib/thumb/libg.a(libc_a-vfiprintf.o)
 .text._vfiprintf_r
                0x020096e4     0x16d8 /opt/devkitpro/devkitARM/lib/gcc/arm-none-eabi/15.2.0/../../../../arm-none-eabi/lib/thumb/libg.a(libc_a-vfiprintf.o)
                0x020096e4                _vfiprintf_r
 .text.__sbprintf
                0x0200adbc       0x7c /opt/devkitpro/devkitARM/lib/gcc/arm-none-eabi/15.2.0/../../../../arm-none-eabi/lib/thumb/libg.a(libc_a-vfiprintf.o)
 .text.strncmp  0x0200ae38       0x70 /opt/devkitpro/devkitARM/lib/gcc/arm-none-eabi/15.2.0/../../../../arm-none-eabi/lib/thumb/libg.a(libc_a-strncmp.o)
                0x0200ae38                strncmp
 .text.__env_lock
                0x0200aea8       0x14 /opt/devkitpro/devkitARM/lib/gcc/arm-none-eabi/15.2.0/../../../../arm-none-eabi/lib/thumb/libg.a(libc_a-envlock.o)
                0x0200aea8                __env_lock
 .text.__env_unlock
                0x0200aebc       0x14 /opt/devkitpro/devkitARM/lib/gcc/arm-none-eabi/15.2.0/../../../../arm-none-eabi/lib/thumb/libg.a(libc_a-envlock.o)
                0x0200aebc                __env_unlock
 .text.strlen   0x0200aed0       0x60 /opt/devkitpro/devkitARM/lib/gcc/arm-none-eabi/15.2.0/../../../../arm-none-eabi/lib/thumb/libg.a(libc_a-strlen.o)
                0x0200aed0                strlen
 .text._fwalk_sglue
                0x0200af30       0x4c /opt/devkitpro/devkitARM/lib/gcc/arm-none-eabi/15.2.0/../../../../arm-none-eabi/lib/thumb/libg.a(libc_a-fwalk.o)
                0x0200af30                _fwalk_sglue
 .text._wcrtomb_r
                0x0200af7c       0x88 /opt/devkitpro/devkitARM/lib/gcc/arm-none-eabi/15.2.0/../../../../arm-none-eabi/lib/thumb/libg.a(libc_a-wcrtomb.o)
                0x0200af7c                _wcrtomb_r
 .text._raise_r
                0x0200b004       0x60 /opt/devkitpro/devkitARM/lib/gcc/arm-none-eabi/15.2.0/../../../../arm-none-eabi/lib/thumb/libg.a(libc_a-signal.o)
                0x0200b004                _raise_r
 .text.raise    0x0200b064       0x14 /opt/devkitpro/devkitARM/lib/gcc/arm-none-eabi/15.2.0/../../../../arm-none-eabi/lib/thumb/libg.a(libc_a-signal.o)
                0x0200b064                raise
 .text._memalign_r
                0x0200b078      0x118 /opt/devkitpro/devkitARM/lib/gcc/arm-none-eabi/15.2.0/../../../../arm-none-eabi/lib/thumb/libg.a(libc_a-malignr.o)
                0x0200b078                _memalign_r
 .text.__smakebuf_r
                0x0200b190       0xe0 /opt/devkitpro/devkitARM/lib/gcc/arm-none-eabi/15.2.0/../../../../arm-none-eabi/lib/thumb/libg.a(libc_a-makebuf.o)
                0x0200b190                __smakebuf_r
 .text.__swhatbuf_r
                0x0200b270       0x5c /opt/devkitpro/devkitARM/lib/gcc/arm-none-eabi/15.2.0/../../../../arm-none-eabi/lib/thumb/libg.a(libc_a-makebuf.o)
                0x0200b270                __swhatbuf_r
 .text.__locale_mb_cur_max
                0x0200b2cc       0x20 /opt/devkitpro/devkitARM/lib/gcc/arm-none-eabi/15.2.0/../../../../arm-none-eabi/lib/thumb/libg.a(libc_a-locale.o)
                0x0200b2cc                __locale_mb_cur_max
 .text.__sflush_r
                0x0200b2ec      0x180 /opt/devkitpro/devkitARM/lib/gcc/arm-none-eabi/15.2.0/../../../../arm-none-eabi/lib/thumb/libg.a(libc_a-fflush.o)
                0x0200b2ec                __sflush_r
 .text._fflush_r
                0x0200b46c       0x70 /opt/devkitpro/devkitARM/lib/gcc/arm-none-eabi/15.2.0/../../../../arm-none-eabi/lib/thumb/libg.a(libc_a-fflush.o)
                0x0200b46c                _fflush_r
 .text.__sprint_r
                0x0200b4dc       0x24 /opt/devkitpro/devkitARM/lib/gcc/arm-none-eabi/15.2.0/../../../../arm-none-eabi/lib/thumb/libg.a(libc_a-sprint_r.o)
                0x0200b4dc                __sprint_r
 .text.get_arg  0x0200b500       0x3e /opt/devkitpro/devkitARM/lib/gcc/arm-none-eabi/15.2.0/../../../../arm-none-eabi/lib/thumb/libg.a(libc_a-svfiscanf.o)
 .text._sungetc_r
                0x0200b53e       0x7e /opt/devkitpro/devkitARM/lib/gcc/arm-none-eabi/15.2.0/../../../../arm-none-eabi/lib/thumb/libg.a(libc_a-svfiscanf.o)
                0x0200b53e                _sungetc_r
 .text.__ssrefill_r
                0x0200b5bc       0x42 /opt/devkitpro/devkitARM/lib/gcc/arm-none-eabi/15.2.0/../../../../arm-none-eabi/lib/thumb/libg.a(libc_a-svfiscanf.o)
                0x0200b5bc                __ssrefill_r
 .text._sfread_r
                0x0200b5fe       0x88 /opt/devkitpro/devkitARM/lib/gcc/arm-none-eabi/15.2.0/../../../../arm-none-eabi/lib/thumb/libg.a(libc_a-svfiscanf.o)
                0x0200b5fe                _sfread_r
 *fill*         0x0200b686        0x2 ff
 .text.__ssvfiscanf_r
                0x0200b688     0x19d8 /opt/devkitpro/devkitARM/lib/gcc/arm-none-eabi/15.2.0/../../../../arm-none-eabi/lib/thumb/libg.a(libc_a-svfiscanf.o)
                0x0200b688                __ssvfiscanf_r
 .text._strtol_l.part.0
                0x0200d060      0x25c /opt/devkitpro/devkitARM/lib/gcc/arm-none-eabi/15.2.0/../../../../arm-none-eabi/lib/thumb/libg.a(libc_a-strtol.o)
 .text._strtol_r
                0x0200d2bc       0x34 /opt/devkitpro/devkitARM/lib/gcc/arm-none-eabi/15.2.0/../../../../arm-none-eabi/lib/thumb/libg.a(libc_a-strtol.o)
                0x0200d2bc                _strtol_r
 .text.strncpy  0x0200d2f0       0x68 /opt/devkitpro/devkitARM/lib/gcc/arm-none-eabi/15.2.0/../../../../arm-none-eabi/lib/thumb/libg.a(libc_a-strncpy.o)
                0x0200d2f0                strncpy
 .text.memchr   0x0200d358       0x74 /opt/devkitpro/devkitARM/lib/gcc/arm-none-eabi/15.2.0/../../../../arm-none-eabi/lib/thumb/libg.a(libc_a-memchr-stub.o)
                0x0200d358                memchr
 .text._wcsrtombs_r
                0x0200d3cc       0x20 /opt/devkitpro/devkitARM/lib/gcc/arm-none-eabi/15.2.0/../../../../arm-none-eabi/lib/thumb/libg.a(libc_a-wcsrtombs.o)
                0x0200d3cc                _wcsrtombs_r
 .text.__swsetup_r
                0x0200d3ec       0xd4 /opt/devkitpro/devkitARM/lib/gcc/arm-none-eabi/15.2.0/../../../../arm-none-eabi/lib/thumb/libg.a(libc_a-wsetup.o)
                0x0200d3ec                __swsetup_r
 .text._localeconv_r
                0x0200d4c0       0x20 /opt/devkitpro/devkitARM/lib/gcc/arm-none-eabi/15.2.0/../../../../arm-none-eabi/lib/thumb/libg.a(libc_a-localeconv.o)
                0x0200d4c0                _localeconv_r
 .text.memmove  0x0200d4e0      0x108 /opt/devkitpro/devkitARM/lib/gcc/arm-none-eabi/15.2.0/../../../../arm-none-eabi/lib/thumb/libg.a(libc_a-memmove.o)
                0x0200d4e0                memmove
 .text.__utf8_wctomb
                0x0200d5e8       0xbc /opt/devkitpro/devkitARM/lib/gcc/arm-none-eabi/15.2.0/../../../../arm-none-eabi/lib/thumb/libg.a(libc_a-wctomb_r.o)
                0x0200d5e8                __utf8_wctomb
 .text._wcsnrtombs_l
                0x0200d6a4      0x120 /opt/devkitpro/devkitARM/lib/gcc/arm-none-eabi/15.2.0/../../../../arm-none-eabi/lib/thumb/libg.a(libc_a-wcsnrtombs.o)
                0x0200d6a4                _wcsnrtombs_l
 .text._wcsnrtombs_r
                0x0200d7c4       0x40 /opt/devkitpro/devkitARM/lib/gcc/arm-none-eabi/15.2.0/../../../../arm-none-eabi/lib/thumb/libg.a(libc_a-wcsnrtombs.o)
                0x0200d7c4                _wcsnrtombs_r
 .text.iswspace
                0x0200d804       0x10 /opt/devkitpro/devkitARM/lib/gcc/arm-none-eabi/15.2.0/../../../../arm-none-eabi/lib/thumb/libg.a(libc_a-iswspace.o)
                0x0200d804                iswspace
 .text._strtoull_l.isra.0
                0x0200d814      0x1c0 /opt/devkitpro/devkitARM/lib/gcc/arm-none-eabi/15.2.0/../../../../arm-none-eabi/lib/thumb/libg.a(libc_a-strtoull.o)
 .text._strtoull_r
                0x0200d9d4       0x20 /opt/devkitpro/devkitARM/lib/gcc/arm-none-eabi/15.2.0/../../../../arm-none-eabi/lib/thumb/libg.a(libc_a-strtoull.o)
                0x0200d9d4                _strtoull_r
 .text.__submore
                0x0200d9f4       0x7c /opt/devkitpro/devkitARM/lib/gcc/arm-none-eabi/15.2.0/../../../../arm-none-eabi/lib/thumb/libg.a(libc_a-ungetc.o)
                0x0200d9f4                __submore
 .text.__utf8_mbtowc
                0x0200da70      0x24c /opt/devkitpro/devkitARM/lib/gcc/arm-none-eabi/15.2.0/../../../../arm-none-eabi/lib/thumb/libg.a(libc_a-mbtowc_r.o)
                0x0200da70                __utf8_mbtowc
 .text._mbrtowc_r
                0x0200dcbc       0x9c /opt/devkitpro/devkitARM/lib/gcc/arm-none-eabi/15.2.0/../../../../arm-none-eabi/lib/thumb/libg.a(libc_a-mbrtowc.o)
                0x0200dcbc                _mbrtowc_r
 .text.__sfvwrite_r
                0x0200dd58      0x31c /opt/devkitpro/devkitARM/lib/gcc/arm-none-eabi/15.2.0/../../../../arm-none-eabi/lib/thumb/libg.a(libc_a-fvwrite.o)
                0x0200dd58                __sfvwrite_r
 .text.__sccl   0x0200e074       0xb0 /opt/devkitpro/devkitARM/lib/gcc/arm-none-eabi/15.2.0/../../../../arm-none-eabi/lib/thumb/libg.a(libc_a-sccl.o)
                0x0200e074                __sccl
 .text._strtoll_l.isra.0
                0x0200e124      0x300 /opt/devkitpro/devkitARM/lib/gcc/arm-none-eabi/15.2.0/../../../../arm-none-eabi/lib/thumb/libg.a(libc_a-strtoll.o)
 .text._strtoll_r
                0x0200e424       0x20 /opt/devkitpro/devkitARM/lib/gcc/arm-none-eabi/15.2.0/../../../../arm-none-eabi/lib/thumb/libg.a(libc_a-strtoll.o)
                0x0200e424                _strtoll_r
 .text.iswspace_l
                0x0200e444       0x28 /opt/devkitpro/devkitARM/lib/gcc/arm-none-eabi/15.2.0/../../../../arm-none-eabi/lib/thumb/libg.a(libc_a-iswspace_l.o)
                0x0200e444                iswspace_l
 .text.category
                0x0200e46c       0x5c /opt/devkitpro/devkitARM/lib/gcc/arm-none-eabi/15.2.0/../../../../arm-none-eabi/lib/thumb/libg.a(libc_a-categories.o)
                0x0200e46c                category
 .text._exit    0x0200e4c8       0x14 /opt/devkitpro/devkitARM/lib/gcc/arm-none-eabi/15.2.0/../../../../arm-none-eabi/lib/thumb/libsysbase.a(libsysbase_libsysbase_a-_exit.o)
                0x0200e4c8                _exit
 .text._fstat_r
                0x0200e4dc       0x5c /opt/devkitpro/devkitARM/lib/gcc/arm-none-eabi/15.2.0/../../../../arm-none-eabi/lib/thumb/libsysbase.a(libsysbase_libsysbase_a-fstat.o)
                0x0200e4dc                _fstat_r
 .text._getpid_r
                0x0200e538        0xc /opt/devkitpro/devkitARM/lib/gcc/arm-none-eabi/15.2.0/../../../../arm-none-eabi/lib/thumb/libsysbase.a(libsysbase_libsysbase_a-getpid.o)
                0x0200e538                _getpid_r
 .text.__getreent
                0x0200e544       0x20 /opt/devkitpro/devkitARM/lib/gcc/arm-none-eabi/15.2.0/../../../../arm-none-eabi/lib/thumb/libsysbase.a(libsysbase_libsysbase_a-getreent.o)
                0x0200e544                __getreent
 .text.__get_handle
                0x0200e564       0x34 /opt/devkitpro/devkitARM/lib/gcc/arm-none-eabi/15.2.0/../../../../arm-none-eabi/lib/thumb/libsysbase.a(libsysbase_libsysbase_a-handle_manager.o)
                0x0200e564                __get_handle
 .text._close_r
                0x0200e598       0xb0 /opt/devkitpro/devkitARM/lib/gcc/arm-none-eabi/15.2.0/../../../../arm-none-eabi/lib/thumb/libsysbase.a(libsysbase_libsysbase_a-handle_manager.o)
                0x0200e598                _close_r
 .text.null_write
                0x0200e648        0x4 /opt/devkitpro/devkitARM/lib/gcc/arm-none-eabi/15.2.0/../../../../arm-none-eabi/lib/thumb/libsysbase.a(libsysbase_libsysbase_a-iosupport.o)
 .text._isatty_r
                0x0200e64c        0x4 /opt/devkitpro/devkitARM/lib/gcc/arm-none-eabi/15.2.0/../../../../arm-none-eabi/lib/thumb/libsysbase.a(libsysbase_libsysbase_a-isatty.o)
                0x0200e64c                _isatty_r
 .text._kill_r  0x0200e650        0xc /opt/devkitpro/devkitARM/lib/gcc/arm-none-eabi/15.2.0/../../../../arm-none-eabi/lib/thumb/libsysbase.a(libsysbase_libsysbase_a-kill.o)
                0x0200e650                _kill_r
 .text._lseek_r
                0x0200e65c       0x64 /opt/devkitpro/devkitARM/lib/gcc/arm-none-eabi/15.2.0/../../../../arm-none-eabi/lib/thumb/libsysbase.a(libsysbase_libsysbase_a-lseek.o)
                0x0200e65c                _lseek_r
 .text.pthread_mutex_lock
                0x0200e6c0       0x38 /opt/devkitpro/devkitARM/lib/gcc/arm-none-eabi/15.2.0/../../../../arm-none-eabi/lib/thumb/libsysbase.a(libsysbase_libsysbase_a-pthread.o)
                0x0200e6c0                pthread_mutex_lock
 .text.pthread_mutex_unlock
                0x0200e6f8       0x38 /opt/devkitpro/devkitARM/lib/gcc/arm-none-eabi/15.2.0/../../../../arm-none-eabi/lib/thumb/libsysbase.a(libsysbase_libsysbase_a-pthread.o)
                0x0200e6f8                pthread_mutex_unlock
 .text.pthread_cond_broadcast
                0x0200e730       0x18 /opt/devkitpro/devkitARM/lib/gcc/arm-none-eabi/15.2.0/../../../../arm-none-eabi/lib/thumb/libsysbase.a(libsysbase_libsysbase_a-pthread.o)
                0x0200e730                pthread_cond_broadcast
 .text.pthread_cond_wait
                0x0200e748       0x48 /opt/devkitpro/devkitARM/lib/gcc/arm-none-eabi/15.2.0/../../../../arm-none-eabi/lib/thumb/libsysbase.a(libsysbase_libsysbase_a-pthread.o)
                0x0200e748                pthread_cond_wait
 .text.pthread_once
                0x0200e790       0x74 /opt/devkitpro/devkitARM/lib/gcc/arm-none-eabi/15.2.0/../../../../arm-none-eabi/lib/thumb/libsysbase.a(libsysbase_libsysbase_a-pthread.o)
                0x0200e790                pthread_once
 .text.pthread_key_create
                0x0200e804       0x24 /opt/devkitpro/devkitARM/lib/gcc/arm-none-eabi/15.2.0/../../../../arm-none-eabi/lib/thumb/libsysbase.a(libsysbase_libsysbase_a-pthread.o)
                0x0200e804                pthread_key_create
 .text.pthread_setspecific
                0x0200e828       0x1c /opt/devkitpro/devkitARM/lib/gcc/arm-none-eabi/15.2.0/../../../../arm-none-eabi/lib/thumb/libsysbase.a(libsysbase_libsysbase_a-pthread.o)
                0x0200e828                pthread_setspecific
 .text.pthread_getspecific
                0x0200e844       0x1c /opt/devkitpro/devkitARM/lib/gcc/arm-none-eabi/15.2.0/../../../../arm-none-eabi/lib/thumb/libsysbase.a(libsysbase_libsysbase_a-pthread.o)
                0x0200e844                pthread_getspecific
 .text.pthread_key_delete
                0x0200e860       0x1c /opt/devkitpro/devkitARM/lib/gcc/arm-none-eabi/15.2.0/../../../../arm-none-eabi/lib/thumb/libsysbase.a(libsysbase_libsysbase_a-pthread.o)
                0x0200e860                pthread_key_delete
 .text._read_r  0x0200e87c       0x5c /opt/devkitpro/devkitARM/lib/gcc/arm-none-eabi/15.2.0/../../../../arm-none-eabi/lib/thumb/libsysbase.a(libsysbase_libsysbase_a-read.o)
                0x0200e87c                _read_r
 .text._sbrk_r  0x0200e8d8       0x50 /opt/devkitpro/devkitARM/lib/gcc/arm-none-eabi/15.2.0/../../../../arm-none-eabi/lib/thumb/libsysbase.a(libsysbase_libsysbase_a-sbrk.o)
                0x0200e8d8                _sbrk_r
 .text.__libc_lock_acquire
                0x0200e928       0x18 /opt/devkitpro/devkitARM/lib/gcc/arm-none-eabi/15.2.0/../../../../arm-none-eabi/lib/thumb/libsysbase.a(libsysbase_libsysbase_a-syscall_support.o)
                0x0200e928                __libc_lock_acquire
 .text.__libc_lock_release
                0x0200e940       0x18 /opt/devkitpro/devkitARM/lib/gcc/arm-none-eabi/15.2.0/../../../../arm-none-eabi/lib/thumb/libsysbase.a(libsysbase_libsysbase_a-syscall_support.o)
                0x0200e940                __libc_lock_release
 .text.__libc_lock_acquire_recursive
                0x0200e958       0x18 /opt/devkitpro/devkitARM/lib/gcc/arm-none-eabi/15.2.0/../../../../arm-none-eabi/lib/thumb/libsysbase.a(libsysbase_libsysbase_a-syscall_support.o)
                0x0200e958                __libc_lock_acquire_recursive
 .text.__libc_lock_release_recursive
                0x0200e970       0x18 /opt/devkitpro/devkitARM/lib/gcc/arm-none-eabi/15.2.0/../../../../arm-none-eabi/lib/thumb/libsysbase.a(libsysbase_libsysbase_a-syscall_support.o)
                0x0200e970                __libc_lock_release_recursive
 .text.__libc_cond_broadcast
                0x0200e988       0x1c /opt/devkitpro/devkitARM/lib/gcc/arm-none-eabi/15.2.0/../../../../arm-none-eabi/lib/thumb/libsysbase.a(libsysbase_libsysbase_a-syscall_support.o)
                0x0200e988                __libc_cond_broadcast
 .text.__libc_cond_wait
                0x0200e9a4       0x20 /opt/devkitpro/devkitARM/lib/gcc/arm-none-eabi/15.2.0/../../../../arm-none-eabi/lib/thumb/libsysbase.a(libsysbase_libsysbase_a-syscall_support.o)
                0x0200e9a4                __libc_cond_wait
 .text.__libc_cond_wait_recursive
                0x0200e9c4       0x20 /opt/devkitpro/devkitARM/lib/gcc/arm-none-eabi/15.2.0/../../../../arm-none-eabi/lib/thumb/libsysbase.a(libsysbase_libsysbase_a-syscall_support.o)
                0x0200e9c4                __libc_cond_wait_recursive
 .text._write_r
                0x0200e9e4       0x5c /opt/devkitpro/devkitARM/lib/gcc/arm-none-eabi/15.2.0/../../../../arm-none-eabi/lib/thumb/libsysbase.a(libsysbase_libsysbase_a-write.o)
                0x0200e9e4                _write_r
 .text          0x0200ea40       0x14 /opt/devkitpro/devkitARM/lib/gcc/arm-none-eabi/15.2.0/thumb/libgcc.a(_thumb1_case_uqi.o)
                0x0200ea40                __gnu_thumb1_case_uqi
 .text          0x0200ea54       0x14 /opt/devkitpro/devkitARM/lib/gcc/arm-none-eabi/15.2.0/thumb/libgcc.a(_thumb1_case_uhi.o)
                0x0200ea54                __gnu_thumb1_case_uhi
 .text          0x0200ea68      0x11c /opt/devkitpro/devkitARM/lib/gcc/arm-none-eabi/15.2.0/thumb/libgcc.a(_udivsi3.o)
                0x0200ea68                __udivsi3
                0x0200ea68                __aeabi_uidiv
                0x0200eb64                __aeabi_uidivmod
 .text.__muldi3
                0x0200eb84       0x58 /opt/devkitpro/devkitARM/lib/gcc/arm-none-eabi/15.2.0/thumb/libgcc.a(_muldi3.o)
                0x0200eb84                __aeabi_lmul
                0x0200eb84                __muldi3
 EXCLUDE_FILE(*.twl.*) *(.glue_7t .glue_7 .vfp11_veneer .v4_bx)
 .glue_7        0x0200ebdc        0x0 linker stubs
 .glue_7t       0x0200ebdc        0x0 linker stubs
 .vfp11_veneer  0x0200ebdc        0x0 linker stubs
 .v4_bx         0x0200ebdc        0x0 linker stubs
 *(SORT_NONE(.fini))
 .fini          0x0200ebdc        0x4 /opt/devkitpro/devkitARM/lib/gcc/arm-none-eabi/15.2.0/thumb/crti.o
                0x0200ebdc                _fini
 .fini          0x0200ebe0        0x8 /opt/devkitpro/devkitARM/lib/gcc/arm-none-eabi/15.2.0/thumb/crtn.o
 .fini.__stub   0x0200ebe8       0x10 linker stubs
 EXCLUDE_FILE(*.twl.*) *(.rodata .rodata.* .gnu.linkonce.r.*)
 .rodata._ZTV6Cactus
                0x0200ebf8       0x10 Cactus.o
                0x0200ebf8                _ZTV6Cactus
 .rodata._ZN11GameManager8GameOverEP4Dino.str1.4
                0x0200ec08      0x1ec GameManager.o
                                 0x52 (size before relaxing)
 .rodata._ZN11GameManager5ResetEv.str1.4
                0x0200edf4        0x0 GameManager.o
                                  0x5 (size before relaxing)
 .rodata._ZTV16ScrollingElement
                0x0200edf4       0x10 ScrollingElement.o
                0x0200edf4                _ZTV16ScrollingElement
 .rodata.bg_testPal
                0x0200ee04      0x200 bg_test.o
                0x0200ee04                bg_testPal
 .rodata.bg_testMap
                0x0200f004     0x1000 bg_test.o
                0x0200f004                bg_testMap
 .rodata.bg_testTiles
                0x02010004      0xa00 bg_test.o
                0x02010004                bg_testTiles
 .rodata.CactiPal
                0x02010a04      0x200 Cacti.o
                0x02010a04                CactiPal
 .rodata.CactiTiles
                0x02010c04     0x6000 Cacti.o
                0x02010c04                CactiTiles
 .rodata.Dino_WalkPal
                0x02016c04      0x200 Dino_Walk.o
                0x02016c04                Dino_WalkPal
 .rodata.Dino_WalkTiles
                0x02016e04     0x6000 Dino_Walk.o
                0x02016e04                Dino_WalkTiles
 .rodata.con_write.str1.4
                0x0201ce04        0x0 /opt/devkitpro/libnds/lib/libnds9.a(console.o)
                                 0x30 (size before relaxing)
 .rodata.con_write
                0x0201ce04       0xd4 /opt/devkitpro/libnds/lib/libnds9.a(console.o)
 .rodata.str1.4
                0x0201ced8        0x0 /opt/devkitpro/libnds/lib/libnds9.a(console.o)
                                 0x14 (size before relaxing)
 .rodata.dotab_stdout
                0x0201ced8       0x80 /opt/devkitpro/libnds/lib/libnds9.a(console.o)
 .rodata.SIN_LUT
                0x0201cf58      0x102 /opt/devkitpro/libnds/lib/libnds9.a(trig.o)
                0x0201cf58                SIN_LUT
 *fill*         0x0201d05a        0x2 ff
 .rodata.default_font_bin
                0x0201d05c      0x800 /opt/devkitpro/libnds/lib/libnds9.a(default_font.bin.o)
                0x0201d05c                default_font_bin
                0x0201d85c                default_font_bin_end
 .rodata._ZNKSt9bad_alloc4whatEv.str1.4
                0x0201d85c        0x0 /opt/devkitpro/devkitARM/lib/gcc/arm-none-eabi/15.2.0/../../../../arm-none-eabi/lib/thumb/libstdc++.a(bad_alloc.o)
                                  0xf (size before relaxing)
 .rodata._ZTSSt9bad_alloc
                0x0201d85c        0xd /opt/devkitpro/devkitARM/lib/gcc/arm-none-eabi/15.2.0/../../../../arm-none-eabi/lib/thumb/libstdc++.a(bad_alloc.o)
                0x0201d85c                _ZTSSt9bad_alloc
 *fill*         0x0201d869        0x3 ff
 .rodata._ZTISt9bad_alloc
                0x0201d86c        0xc /opt/devkitpro/devkitARM/lib/gcc/arm-none-eabi/15.2.0/../../../../arm-none-eabi/lib/thumb/libstdc++.a(bad_alloc.o)
                0x0201d86c                _ZTISt9bad_alloc
 .rodata._ZTVSt9bad_alloc
                0x0201d878       0x14 /opt/devkitpro/devkitARM/lib/gcc/arm-none-eabi/15.2.0/../../../../arm-none-eabi/lib/thumb/libstdc++.a(bad_alloc.o)
                0x0201d878                _ZTVSt9bad_alloc
 .rodata._ZNK9__gnu_cxx24__concurrence_lock_error4whatEv.str1.4
                0x0201d88c        0x0 /opt/devkitpro/devkitARM/lib/gcc/arm-none-eabi/15.2.0/../../../../arm-none-eabi/lib/thumb/libstdc++.a(eh_alloc.o)
                                 0x24 (size before relaxing)
 .rodata._ZNK9__gnu_cxx26__concurrence_unlock_error4whatEv.str1.4
                0x0201d88c        0x0 /opt/devkitpro/devkitARM/lib/gcc/arm-none-eabi/15.2.0/../../../../arm-none-eabi/lib/thumb/libstdc++.a(eh_alloc.o)
                                 0x26 (size before relaxing)
 .rodata._GLOBAL__sub_I__ZN9__gnu_cxx9__freeresEv.str1.4
                0x0201d88c        0x0 /opt/devkitpro/devkitARM/lib/gcc/arm-none-eabi/15.2.0/../../../../arm-none-eabi/lib/thumb/libstdc++.a(eh_alloc.o)
                                 0x3c (size before relaxing)
 .rodata._ZTSN9__gnu_cxx24__concurrence_lock_errorE
                0x0201d88c       0x27 /opt/devkitpro/devkitARM/lib/gcc/arm-none-eabi/15.2.0/../../../../arm-none-eabi/lib/thumb/libstdc++.a(eh_alloc.o)
                0x0201d88c                _ZTSN9__gnu_cxx24__concurrence_lock_errorE
 *fill*         0x0201d8b3        0x1 ff
 .rodata._ZTIN9__gnu_cxx24__concurrence_lock_errorE
                0x0201d8b4        0xc /opt/devkitpro/devkitARM/lib/gcc/arm-none-eabi/15.2.0/../../../../arm-none-eabi/lib/thumb/libstdc++.a(eh_alloc.o)
                0x0201d8b4                _ZTIN9__gnu_cxx24__concurrence_lock_errorE
 .rodata._ZTSN9__gnu_cxx26__concurrence_unlock_errorE
                0x0201d8c0       0x29 /opt/devkitpro/devkitARM/lib/gcc/arm-none-eabi/15.2.0/../../../../arm-none-eabi/lib/thumb/libstdc++.a(eh_alloc.o)
                0x0201d8c0                _ZTSN9__gnu_cxx26__concurrence_unlock_errorE
 *fill*         0x0201d8e9        0x3 ff
 .rodata._ZTIN9__gnu_cxx26__concurrence_unlock_errorE
                0x0201d8ec        0xc /opt/devkitpro/devkitARM/lib/gcc/arm-none-eabi/15.2.0/../../../../arm-none-eabi/lib/thumb/libstdc++.a(eh_alloc.o)
                0x0201d8ec                _ZTIN9__gnu_cxx26__concurrence_unlock_errorE
 .rodata._ZTVN9__gnu_cxx24__concurrence_lock_errorE
                0x0201d8f8       0x14 /opt/devkitpro/devkitARM/lib/gcc/arm-none-eabi/15.2.0/../../../../arm-none-eabi/lib/thumb/libstdc++.a(eh_alloc.o)
                0x0201d8f8                _ZTVN9__gnu_cxx24__concurrence_lock_errorE
 .rodata._ZTVN9__gnu_cxx26__concurrence_unlock_errorE
                0x0201d90c       0x14 /opt/devkitpro/devkitARM/lib/gcc/arm-none-eabi/15.2.0/../../../../arm-none-eabi/lib/thumb/libstdc++.a(eh_alloc.o)
                0x0201d90c                _ZTVN9__gnu_cxx26__concurrence_unlock_errorE
 .rodata._ZNKSt13bad_exception4whatEv.str1.4
                0x0201d920        0x0 /opt/devkitpro/devkitARM/lib/gcc/arm-none-eabi/15.2.0/../../../../arm-none-eabi/lib/thumb/libstdc++.a(eh_exception.o)
                                 0x13 (size before relaxing)
 .rodata._ZTSSt9exception
                0x0201d920        0xd /opt/devkitpro/devkitARM/lib/gcc/arm-none-eabi/15.2.0/../../../../arm-none-eabi/lib/thumb/libstdc++.a(eh_exception.o)
                0x0201d920                _ZTSSt9exception
 *fill*         0x0201d92d        0x3 ff
 .rodata._ZTISt9exception
                0x0201d930        0x8 /opt/devkitpro/devkitARM/lib/gcc/arm-none-eabi/15.2.0/../../../../arm-none-eabi/lib/thumb/libstdc++.a(eh_exception.o)
                0x0201d930                _ZTISt9exception
 .rodata._ZTSSt13bad_exception
                0x0201d938       0x12 /opt/devkitpro/devkitARM/lib/gcc/arm-none-eabi/15.2.0/../../../../arm-none-eabi/lib/thumb/libstdc++.a(eh_exception.o)
                0x0201d938                _ZTSSt13bad_exception
 *fill*         0x0201d94a        0x2 ff
 .rodata._ZTISt13bad_exception
                0x0201d94c        0xc /opt/devkitpro/devkitARM/lib/gcc/arm-none-eabi/15.2.0/../../../../arm-none-eabi/lib/thumb/libstdc++.a(eh_exception.o)
                0x0201d94c                _ZTISt13bad_exception
 .rodata._ZTSN10__cxxabiv115__forced_unwindE